Archive member included to satisfy reference by file (symbol)

../X-CUBE-CRYPTOLIB/Middlewares/ST/STM32_Cryptographic/lib\libSTM32Cryptographic_CM4.a(cmox_cbc_aesfast_decrypt.c.o)
                              ./Core/Src/main.o (CMOX_AESFAST_CBC_DEC_ALGO)
../X-CUBE-CRYPTOLIB/Middlewares/ST/STM32_Cryptographic/lib\libSTM32Cryptographic_CM4.a(cmox_cbc_aesfast_encrypt.c.o)
                              ./Core/Src/main.o (CMOX_AESFAST_CBC_ENC_ALGO)
../X-CUBE-CRYPTOLIB/Middlewares/ST/STM32_Cryptographic/lib\libSTM32Cryptographic_CM4.a(cmox_cbc_common.c.o)
                              ../X-CUBE-CRYPTOLIB/Middlewares/ST/STM32_Cryptographic/lib\libSTM32Cryptographic_CM4.a(cmox_cbc_aesfast_decrypt.c.o) (cmox_cbc_construct)
../X-CUBE-CRYPTOLIB/Middlewares/ST/STM32_Cryptographic/lib\libSTM32Cryptographic_CM4.a(cmox_cbc_decrypt.c.o)
                              ../X-CUBE-CRYPTOLIB/Middlewares/ST/STM32_Cryptographic/lib\libSTM32Cryptographic_CM4.a(cmox_cbc_aesfast_decrypt.c.o) (cmox_cbcDecrypt_construct)
../X-CUBE-CRYPTOLIB/Middlewares/ST/STM32_Cryptographic/lib\libSTM32Cryptographic_CM4.a(cmox_cbc_encrypt.c.o)
                              ../X-CUBE-CRYPTOLIB/Middlewares/ST/STM32_Cryptographic/lib\libSTM32Cryptographic_CM4.a(cmox_cbc_aesfast_encrypt.c.o) (cmox_cbcEncrypt_construct)
../X-CUBE-CRYPTOLIB/Middlewares/ST/STM32_Cryptographic/lib\libSTM32Cryptographic_CM4.a(cmox_cipher.c.o)
                              ./Core/Src/main.o (cmox_cipher_decrypt)
../X-CUBE-CRYPTOLIB/Middlewares/ST/STM32_Cryptographic/lib\libSTM32Cryptographic_CM4.a(cmox_cipher_modes.c.o)
                              ../X-CUBE-CRYPTOLIB/Middlewares/ST/STM32_Cryptographic/lib\libSTM32Cryptographic_CM4.a(cmox_cbc_common.c.o) (cmox_cipherMode_init)
../X-CUBE-CRYPTOLIB/Middlewares/ST/STM32_Cryptographic/lib\libSTM32Cryptographic_CM4.a(cmox_cipher_utils.c.o)
                              ../X-CUBE-CRYPTOLIB/Middlewares/ST/STM32_Cryptographic/lib\libSTM32Cryptographic_CM4.a(cmox_cbc_decrypt.c.o) (convert_block_2_bytes)
../X-CUBE-CRYPTOLIB/Middlewares/ST/STM32_Cryptographic/lib\libSTM32Cryptographic_CM4.a(cmox_hash.c.o)
                              ./Core/Src/main.o (cmox_hash_compute)
../X-CUBE-CRYPTOLIB/Middlewares/ST/STM32_Cryptographic/lib\libSTM32Cryptographic_CM4.a(cmox_init.c.o)
                              ../X-CUBE-CRYPTOLIB/Middlewares/ST/STM32_Cryptographic/lib\libSTM32Cryptographic_CM4.a(cmox_cipher_modes.c.o) (cmox_init_ctxi)
../X-CUBE-CRYPTOLIB/Middlewares/ST/STM32_Cryptographic/lib\libSTM32Cryptographic_CM4.a(cmox_sha256.c.o)
                              ./Core/Src/main.o (CMOX_SHA256_ALGO)
../X-CUBE-CRYPTOLIB/Middlewares/ST/STM32_Cryptographic/lib\libSTM32Cryptographic_CM4.a(cmox_sha256_common.c.o)
                              ../X-CUBE-CRYPTOLIB/Middlewares/ST/STM32_Cryptographic/lib\libSTM32Cryptographic_CM4.a(cmox_sha256.c.o) (CMOX_MD_SHA256_VTABLE_ST)
../X-CUBE-CRYPTOLIB/Middlewares/ST/STM32_Cryptographic/lib\libSTM32Cryptographic_CM4.a(cmox_aesfast_decrypt.c.o)
                              ../X-CUBE-CRYPTOLIB/Middlewares/ST/STM32_Cryptographic/lib\libSTM32Cryptographic_CM4.a(cmox_cbc_aesfast_decrypt.c.o) (CMOX_AESFAST_DECRYPT_VTABLE)
../X-CUBE-CRYPTOLIB/Middlewares/ST/STM32_Cryptographic/lib\libSTM32Cryptographic_CM4.a(cmox_aesfast_encrypt.c.o)
                              ../X-CUBE-CRYPTOLIB/Middlewares/ST/STM32_Cryptographic/lib\libSTM32Cryptographic_CM4.a(cmox_cbc_aesfast_encrypt.c.o) (CMOX_AESFAST_ENCRYPT_VTABLE)
../X-CUBE-CRYPTOLIB/Middlewares/ST/STM32_Cryptographic/lib\libSTM32Cryptographic_CM4.a(cmox_md.c.o)
                              ../X-CUBE-CRYPTOLIB/Middlewares/ST/STM32_Cryptographic/lib\libSTM32Cryptographic_CM4.a(cmox_sha256.c.o) (cmox_md_append)
../X-CUBE-CRYPTOLIB/Middlewares/ST/STM32_Cryptographic/lib\libSTM32Cryptographic_CM4.a(cmox_aes_common.c.o)
                              ../X-CUBE-CRYPTOLIB/Middlewares/ST/STM32_Cryptographic/lib\libSTM32Cryptographic_CM4.a(cmox_aesfast_decrypt.c.o) (CMOX_AES_INV_SBOX)
C:/ST/STM32CubeIDE_1.14.1/STM32CubeIDE/plugins/com.st.stm32cube.ide.mcu.externaltools.gnu-tools-for-stm32.11.3.rel1.win32_1.1.100.202309141235/tools/bin/../lib/gcc/arm-none-eabi/11.3.1/../../../../arm-none-eabi/lib/thumb/v7e-m+fp/hard\libc_nano.a(libc_a-exit.o)
                              C:/ST/STM32CubeIDE_1.14.1/STM32CubeIDE/plugins/com.st.stm32cube.ide.mcu.externaltools.gnu-tools-for-stm32.11.3.rel1.win32_1.1.100.202309141235/tools/bin/../lib/gcc/arm-none-eabi/11.3.1/../../../../arm-none-eabi/lib/thumb/v7e-m+fp/hard/crt0.o (exit)
C:/ST/STM32CubeIDE_1.14.1/STM32CubeIDE/plugins/com.st.stm32cube.ide.mcu.externaltools.gnu-tools-for-stm32.11.3.rel1.win32_1.1.100.202309141235/tools/bin/../lib/gcc/arm-none-eabi/11.3.1/../../../../arm-none-eabi/lib/thumb/v7e-m+fp/hard\libc_nano.a(libc_a-itoa.o)
                              ./Core/Src/main.o (itoa)
[...]
Memory Configuration

Name             Origin             Length             Attributes
CCMRAM           0x0000000010000000 0x0000000000010000 xrw
RAM              0x0000000020000000 0x0000000000020000 xrw
FLASH            0x0000000008000000 0x0000000000100000 xr
*default*        0x0000000000000000 0xffffffffffffffff

Linker script and memory map

LOAD C:/ST/STM32CubeIDE_1.14.1/STM32CubeIDE/plugins/com.st.stm32cube.ide.mcu.externaltools.gnu-tools-for-stm32.11.3.rel1.win32_1.1.100.202309141235/tools/bin/../lib/gcc/arm-none-eabi/11.3.1/thumb/v7e-m+fp/hard/crti.o
LOAD C:/ST/STM32CubeIDE_1.14.1/STM32CubeIDE/plugins/com.st.stm32cube.ide.mcu.externaltools.gnu-tools-for-stm32.11.3.rel1.win32_1.1.100.202309141235/tools/bin/../lib/gcc/arm-none-eabi/11.3.1/thumb/v7e-m+fp/hard/crtbegin.o
LOAD C:/ST/STM32CubeIDE_1.14.1/STM32CubeIDE/plugins/com.st.stm32cube.ide.mcu.externaltools.gnu-tools-for-stm32.11.3.rel1.win32_1.1.100.202309141235/tools/bin/../lib/gcc/arm-none-eabi/11.3.1/../../../../arm-none-eabi/lib/thumb/v7e-m+fp/hard/crt0.o
LOAD ./Core/Src/MY_FLASH.o
LOAD ./Core/Src/cmox_low_level.o
LOAD ./Core/Src/fonts.o
LOAD ./Core/Src/main.o
LOAD ./Core/Src/ssd1306.o
LOAD ./Core/Src/stm32f4xx_hal_msp.o
LOAD ./Core/Src/stm32f4xx_it.o
LOAD ./Core/Src/syscalls.o
LOAD ./Core/Src/sysmem.o
LOAD ./Core/Src/system_stm32f4xx.o
LOAD ./Core/Startup/startup_stm32f407vgtx.o
LOAD ./Drivers/STM32F4xx_HAL_Driver/Src/stm32f4xx_hal.o
LOAD ./Drivers/STM32F4xx_HAL_Driver/Src/stm32f4xx_hal_cortex.o
LOAD ./Drivers/STM32F4xx_HAL_Driver/Src/stm32f4xx_hal_crc.o
LOAD ./Drivers/STM32F4xx_HAL_Driver/Src/stm32f4xx_hal_dma.o
LOAD ./Drivers/STM32F4xx_HAL_Driver/Src/stm32f4xx_hal_dma_ex.o
LOAD ./Drivers/STM32F4xx_HAL_Driver/Src/stm32f4xx_hal_exti.o
LOAD ./Drivers/STM32F4xx_HAL_Driver/Src/stm32f4xx_hal_flash.o
LOAD ./Drivers/STM32F4xx_HAL_Driver/Src/stm32f4xx_hal_flash_ex.o
LOAD ./Drivers/STM32F4xx_HAL_Driver/Src/stm32f4xx_hal_flash_ramfunc.o
LOAD ./Drivers/STM32F4xx_HAL_Driver/Src/stm32f4xx_hal_gpio.o
LOAD ./Drivers/STM32F4xx_HAL_Driver/Src/stm32f4xx_hal_i2c.o
LOAD ./Drivers/STM32F4xx_HAL_Driver/Src/stm32f4xx_hal_i2c_ex.o
LOAD ./Drivers/STM32F4xx_HAL_Driver/Src/stm32f4xx_hal_pcd.o
LOAD ./Drivers/STM32F4xx_HAL_Driver/Src/stm32f4xx_hal_pcd_ex.o
LOAD ./Drivers/STM32F4xx_HAL_Driver/Src/stm32f4xx_hal_pwr.o
LOAD ./Drivers/STM32F4xx_HAL_Driver/Src/stm32f4xx_hal_pwr_ex.o
LOAD ./Drivers/STM32F4xx_HAL_Driver/Src/stm32f4xx_hal_rcc.o
LOAD ./Drivers/STM32F4xx_HAL_Driver/Src/stm32f4xx_hal_rcc_ex.o
LOAD ./Drivers/STM32F4xx_HAL_Driver/Src/stm32f4xx_hal_rng.o
LOAD ./Drivers/STM32F4xx_HAL_Driver/Src/stm32f4xx_hal_tim.o
LOAD ./Drivers/STM32F4xx_HAL_Driver/Src/stm32f4xx_hal_tim_ex.o
LOAD ./Drivers/STM32F4xx_HAL_Driver/Src/stm32f4xx_ll_usb.o
LOAD ./Middlewares/ST/STM32_USB_Device_Library/Class/CDC/Src/usbd_cdc.o
LOAD ./Middlewares/ST/STM32_USB_Device_Library/Core/Src/usbd_core.o
LOAD ./Middlewares/ST/STM32_USB_Device_Library/Core/Src/usbd_ctlreq.o
LOAD ./Middlewares/ST/STM32_USB_Device_Library/Core/Src/usbd_ioreq.o
LOAD ./USB_DEVICE/App/usb_device.o
LOAD ./USB_DEVICE/App/usbd_cdc_if.o
LOAD ./USB_DEVICE/App/usbd_desc.o
LOAD ./USB_DEVICE/Target/usbd_conf.o
LOAD ../X-CUBE-CRYPTOLIB/Middlewares/ST/STM32_Cryptographic/lib\libSTM32Cryptographic_CM4.a
START GROUP
LOAD C:/ST/STM32CubeIDE_1.14.1/STM32CubeIDE/plugins/com.st.stm32cube.ide.mcu.externaltools.gnu-tools-for-stm32.11.3.rel1.win32_1.1.100.202309141235/tools/bin/../lib/gcc/arm-none-eabi/11.3.1/../../../../arm-none-eabi/lib/thumb/v7e-m+fp/hard\libc_nano.a
LOAD C:/ST/STM32CubeIDE_1.14.1/STM32CubeIDE/plugins/com.st.stm32cube.ide.mcu.externaltools.gnu-tools-for-stm32.11.3.rel1.win32_1.1.100.202309141235/tools/bin/../lib/gcc/arm-none-eabi/11.3.1/../../../../arm-none-eabi/lib/thumb/v7e-m+fp/hard\libm.a
END GROUP
START GROUP
LOAD C:/ST/STM32CubeIDE_1.14.1/STM32CubeIDE/plugins/com.st.stm32cube.ide.mcu.externaltools.gnu-tools-for-stm32.11.3.rel1.win32_1.1.100.202309141235/tools/bin/../lib/gcc/arm-none-eabi/11.3.1/thumb/v7e-m+fp/hard\libgcc.a
LOAD C:/ST/STM32CubeIDE_1.14.1/STM32CubeIDE/plugins/com.st.stm32cube.ide.mcu.externaltools.gnu-tools-for-stm32.11.3.rel1.win32_1.1.100.202309141235/tools/bin/../lib/gcc/arm-none-eabi/11.3.1/../../../../arm-none-eabi/lib/thumb/v7e-m+fp/hard\libc_nano.a
END GROUP
START GROUP
LOAD C:/ST/STM32CubeIDE_1.14.1/STM32CubeIDE/plugins/com.st.stm32cube.ide.mcu.externaltools.gnu-tools-for-stm32.11.3.rel1.win32_1.1.100.202309141235/tools/bin/../lib/gcc/arm-none-eabi/11.3.1/thumb/v7e-m+fp/hard\libgcc.a
LOAD C:/ST/STM32CubeIDE_1.14.1/STM32CubeIDE/plugins/com.st.stm32cube.ide.mcu.externaltools.gnu-tools-for-stm32.11.3.rel1.win32_1.1.100.202309141235/tools/bin/../lib/gcc/arm-none-eabi/11.3.1/../../../../arm-none-eabi/lib/thumb/v7e-m+fp/hard\libc_nano.a
LOAD C:/ST/STM32CubeIDE_1.14.1/STM32CubeIDE/plugins/com.st.stm32cube.ide.mcu.externaltools.gnu-tools-for-stm32.11.3.rel1.win32_1.1.100.202309141235/tools/bin/../lib/gcc/arm-none-eabi/11.3.1/../../../../arm-none-eabi/lib/thumb/v7e-m+fp/hard\libnosys.a
END GROUP
START GROUP
LOAD C:/ST/STM32CubeIDE_1.14.1/STM32CubeIDE/plugins/com.st.stm32cube.ide.mcu.externaltools.gnu-tools-for-stm32.11.3.rel1.win32_1.1.100.202309141235/tools/bin/../lib/gcc/arm-none-eabi/11.3.1/thumb/v7e-m+fp/hard\libgcc.a
LOAD C:/ST/STM32CubeIDE_1.14.1/STM32CubeIDE/plugins/com.st.stm32cube.ide.mcu.externaltools.gnu-tools-for-stm32.11.3.rel1.win32_1.1.100.202309141235/tools/bin/../lib/gcc/arm-none-eabi/11.3.1/../../../../arm-none-eabi/lib/thumb/v7e-m+fp/hard\libc_nano.a
LOAD C:/ST/STM32CubeIDE_1.14.1/STM32CubeIDE/plugins/com.st.stm32cube.ide.mcu.externaltools.gnu-tools-for-stm32.11.3.rel1.win32_1.1.100.202309141235/tools/bin/../lib/gcc/arm-none-eabi/11.3.1/../../../../arm-none-eabi/lib/thumb/v7e-m+fp/hard\libnosys.a
END GROUP
LOAD C:/ST/STM32CubeIDE_1.14.1/STM32CubeIDE/plugins/com.st.stm32cube.ide.mcu.externaltools.gnu-tools-for-stm32.11.3.rel1.win32_1.1.100.202309141235/tools/bin/../lib/gcc/arm-none-eabi/11.3.1/thumb/v7e-m+fp/hard/crtend.o
LOAD C:/ST/STM32CubeIDE_1.14.1/STM32CubeIDE/plugins/com.st.stm32cube.ide.mcu.externaltools.gnu-tools-for-stm32.11.3.rel1.win32_1.1.100.202309141235/tools/bin/../lib/gcc/arm-none-eabi/11.3.1/thumb/v7e-m+fp/hard/crtn.o
                0x0000000020020000                _estack = (ORIGIN (RAM) + LENGTH (RAM))
                0x0000000000000200                _Min_Heap_Size = 0x200
                0x0000000000000400                _Min_Stack_Size = 0x400

.isr_vector     0x0000000008000000      0x188
                0x0000000008000000                . = ALIGN (0x4)
 *(.isr_vector)
 .isr_vector    0x0000000008000000      0x188 ./Core/Startup/startup_stm32f407vgtx.o
                0x0000000008000000                g_pfnVectors
                0x0000000008000188                . = ALIGN (0x4)

.text           0x0000000008000190     0xd808
                0x0000000008000190                . = ALIGN (0x4)
 *(.text)
 .text          0x0000000008000190       0x40 C:/ST/STM32CubeIDE_1.14.1/STM32CubeIDE/plugins/com.st.stm32cube.ide.mcu.externaltools.gnu-tools-for-stm32.11.3.rel1.win32_1.1.100.202309141235/tools/bin/../lib/gcc/arm-none-eabi/11.3.1/thumb/v7e-m+fp/hard/crtbegin.o
 .text          0x00000000080001d0       0x40 ../X-CUBE-CRYPTOLIB/Middlewares/ST/STM32_Cryptographic/lib\libSTM32Cryptographic_CM4.a(cmox_cbc_aesfast_decrypt.c.o)
 .text          0x0000000008000210       0x40 ../X-CUBE-CRYPTOLIB/Middlewares/ST/STM32_Cryptographic/lib\libSTM32Cryptographic_CM4.a(cmox_cbc_aesfast_encrypt.c.o)
 .text          0x0000000008000250        0xa ../X-CUBE-CRYPTOLIB/Middlewares/ST/STM32_Cryptographic/lib\libSTM32Cryptographic_CM4.a(cmox_cbc_common.c.o)
                0x0000000008000250                cmox_cbc_getByCipher
 *fill*         0x000000000800025a        0x2 
 .text          0x000000000800025c       0x20 ../X-CUBE-CRYPTOLIB/Middlewares/ST/STM32_Cryptographic/lib\libSTM32Cryptographic_CM4.a(cmox_cbc_common.c.o)
                0x000000000800025c                cmox_cbc_cleanup
 .text          0x000000000800027c       0x24 ../X-CUBE-CRYPTOLIB/Middlewares/ST/STM32_Cryptographic/lib\libSTM32Cryptographic_CM4.a(cmox_cbc_common.c.o)
                0x000000000800027c                cmox_cbc_init
 .text          0x00000000080002a0       0x28 ../X-CUBE-CRYPTOLIB/Middlewares/ST/STM32_Cryptographic/lib\libSTM32Cryptographic_CM4.a(cmox_cbc_common.c.o)
                0x00000000080002a0                cmox_cbc_setKey
 .text          0x00000000080002c8       0x34 ../X-CUBE-CRYPTOLIB/Middlewares/ST/STM32_Cryptographic/lib\libSTM32Cryptographic_CM4.a(cmox_cbc_common.c.o)
                0x00000000080002c8                cmox_cbc_setIV
 .text          0x00000000080002fc        0xa ../X-CUBE-CRYPTOLIB/Middlewares/ST/STM32_Cryptographic/lib\libSTM32Cryptographic_CM4.a(cmox_cbc_common.c.o)
                0x00000000080002fc                cmox_cbc_construct
 *fill*         0x0000000008000306        0x2 
 .text          0x0000000008000308        0xc ../X-CUBE-CRYPTOLIB/Middlewares/ST/STM32_Cryptographic/lib\libSTM32Cryptographic_CM4.a(cmox_cbc_decrypt.c.o)
 .text          0x0000000008000314        0xc ../X-CUBE-CRYPTOLIB/Middlewares/ST/STM32_Cryptographic/lib\libSTM32Cryptographic_CM4.a(cmox_cbc_decrypt.c.o)
 .text          0x0000000008000320        0xc ../X-CUBE-CRYPTOLIB/Middlewares/ST/STM32_Cryptographic/lib\libSTM32Cryptographic_CM4.a(cmox_cbc_decrypt.c.o)
 .text          0x000000000800032c        0xc ../X-CUBE-CRYPTOLIB/Middlewares/ST/STM32_Cryptographic/lib\libSTM32Cryptographic_CM4.a(cmox_cbc_decrypt.c.o)
 .text          0x0000000008000338       0x10 ../X-CUBE-CRYPTOLIB/Middlewares/ST/STM32_Cryptographic/lib\libSTM32Cryptographic_CM4.a(cmox_cbc_decrypt.c.o)
                0x0000000008000338                cmox_cbcDecrypt_construct
 .text          0x0000000008000348      0x1e4 ../X-CUBE-CRYPTOLIB/Middlewares/ST/STM32_Cryptographic/lib\libSTM32Cryptographic_CM4.a(cmox_cbc_decrypt.c.o)
 .text          0x000000000800052c        0xc ../X-CUBE-CRYPTOLIB/Middlewares/ST/STM32_Cryptographic/lib\libSTM32Cryptographic_CM4.a(cmox_cbc_encrypt.c.o)
 .text          0x0000000008000538        0xc ../X-CUBE-CRYPTOLIB/Middlewares/ST/STM32_Cryptographic/lib\libSTM32Cryptographic_CM4.a(cmox_cbc_encrypt.c.o)
 .text          0x0000000008000544        0xc ../X-CUBE-CRYPTOLIB/Middlewares/ST/STM32_Cryptographic/lib\libSTM32Cryptographic_CM4.a(cmox_cbc_encrypt.c.o)
 .text          0x0000000008000550        0xc ../X-CUBE-CRYPTOLIB/Middlewares/ST/STM32_Cryptographic/lib\libSTM32Cryptographic_CM4.a(cmox_cbc_encrypt.c.o)
 .text          0x000000000800055c      0x16c ../X-CUBE-CRYPTOLIB/Middlewares/ST/STM32_Cryptographic/lib\libSTM32Cryptographic_CM4.a(cmox_cbc_encrypt.c.o)
 .text          0x00000000080006c8       0x10 ../X-CUBE-CRYPTOLIB/Middlewares/ST/STM32_Cryptographic/lib\libSTM32Cryptographic_CM4.a(cmox_cbc_encrypt.c.o)
                0x00000000080006c8                cmox_cbcEncrypt_construct
 .text          0x00000000080006d8       0x58 ../X-CUBE-CRYPTOLIB/Middlewares/ST/STM32_Cryptographic/lib\libSTM32Cryptographic_CM4.a(cmox_cipher.c.o)
                0x00000000080006d8                cmox_cipher_encrypt
 .text          0x0000000008000730       0x58 ../X-CUBE-CRYPTOLIB/Middlewares/ST/STM32_Cryptographic/lib\libSTM32Cryptographic_CM4.a(cmox_cipher.c.o)
                0x0000000008000730                cmox_cipher_decrypt
 .text          0x0000000008000788       0x64 ../X-CUBE-CRYPTOLIB/Middlewares/ST/STM32_Cryptographic/lib\libSTM32Cryptographic_CM4.a(cmox_cipher.c.o)
                0x0000000008000788                cmox_cipher_innerCompute
 .text          0x00000000080007ec        0xe ../X-CUBE-CRYPTOLIB/Middlewares/ST/STM32_Cryptographic/lib\libSTM32Cryptographic_CM4.a(cmox_cipher_modes.c.o)
                0x00000000080007ec                cmox_cipherMode_init
 *fill*         0x00000000080007fa        0x2 
 .text          0x00000000080007fc      0x3c8 ../X-CUBE-CRYPTOLIB/Middlewares/ST/STM32_Cryptographic/lib\libSTM32Cryptographic_CM4.a(cmox_cipher_modes.c.o)
                0x00000000080007fc                cmox_cipherMode_setKey
 .text          0x0000000008000bc4       0x38 ../X-CUBE-CRYPTOLIB/Middlewares/ST/STM32_Cryptographic/lib\libSTM32Cryptographic_CM4.a(cmox_cipher_modes.c.o)
                0x0000000008000bc4                cmox_cipherMode_setIV
 .text          0x0000000008000bfc        0x6 ../X-CUBE-CRYPTOLIB/Middlewares/ST/STM32_Cryptographic/lib\libSTM32Cryptographic_CM4.a(cmox_cipher_modes.c.o)
                0x0000000008000bfc                cmox_cipher_setTagLen_empty
 .text          0x0000000008000c02        0x6 ../X-CUBE-CRYPTOLIB/Middlewares/ST/STM32_Cryptographic/lib\libSTM32Cryptographic_CM4.a(cmox_cipher_modes.c.o)
                0x0000000008000c02                cmox_cipher_setPayloadLen_empty
 .text          0x0000000008000c08        0x6 ../X-CUBE-CRYPTOLIB/Middlewares/ST/STM32_Cryptographic/lib\libSTM32Cryptographic_CM4.a(cmox_cipher_modes.c.o)
                0x0000000008000c08                cmox_cipher_setADLen_empty
 .text          0x0000000008000c0e        0x6 ../X-CUBE-CRYPTOLIB/Middlewares/ST/STM32_Cryptographic/lib\libSTM32Cryptographic_CM4.a(cmox_cipher_modes.c.o)
                0x0000000008000c0e                cmox_cipher_appendAD_empty
 .text          0x0000000008000c14        0x8 ../X-CUBE-CRYPTOLIB/Middlewares/ST/STM32_Cryptographic/lib\libSTM32Cryptographic_CM4.a(cmox_cipher_modes.c.o)
                0x0000000008000c14                cmox_cipher_generateTag_empty
 .text          0x0000000008000c1c        0x8 ../X-CUBE-CRYPTOLIB/Middlewares/ST/STM32_Cryptographic/lib\libSTM32Cryptographic_CM4.a(cmox_cipher_modes.c.o)
                0x0000000008000c1c                cmox_cipher_verifyTag_empty
 .text          0x0000000008000c24        0x8 ../X-CUBE-CRYPTOLIB/Middlewares/ST/STM32_Cryptographic/lib\libSTM32Cryptographic_CM4.a(cmox_cipher_modes.c.o)
 .text          0x0000000008000c2c       0x28 ../X-CUBE-CRYPTOLIB/Middlewares/ST/STM32_Cryptographic/lib\libSTM32Cryptographic_CM4.a(cmox_cipher_utils.c.o)
                0x0000000008000c2c                convert_block_2_words
 .text          0x0000000008000c54       0x2e ../X-CUBE-CRYPTOLIB/Middlewares/ST/STM32_Cryptographic/lib\libSTM32Cryptographic_CM4.a(cmox_cipher_utils.c.o)
                0x0000000008000c54                convert_block_2_bytes
 .text          0x0000000008000c82       0x1a ../X-CUBE-CRYPTOLIB/Middlewares/ST/STM32_Cryptographic/lib\libSTM32Cryptographic_CM4.a(cmox_cipher_utils.c.o)
                0x0000000008000c82                xor_blocks
 .text          0x0000000008000c9c       0x12 ../X-CUBE-CRYPTOLIB/Middlewares/ST/STM32_Cryptographic/lib\libSTM32Cryptographic_CM4.a(cmox_cipher_utils.c.o)
                0x0000000008000c9c                copy_block
 *fill*         0x0000000008000cae        0x2 
 .text          0x0000000008000cb0       0x34 ../X-CUBE-CRYPTOLIB/Middlewares/ST/STM32_Cryptographic/lib\libSTM32Cryptographic_CM4.a(cmox_hash.c.o)
                0x0000000008000cb0                cmox_hash_compute
 .text          0x0000000008000ce4       0x5c ../X-CUBE-CRYPTOLIB/Middlewares/ST/STM32_Cryptographic/lib\libSTM32Cryptographic_CM4.a(cmox_hash.c.o)
                0x0000000008000ce4                cmox_hash_common_compute
 .text          0x0000000008000d40       0x80 ../X-CUBE-CRYPTOLIB/Middlewares/ST/STM32_Cryptographic/lib\libSTM32Cryptographic_CM4.a(cmox_init.c.o)
                0x0000000008000d40                cmox_initialize
 .text          0x0000000008000dc0       0x2c ../X-CUBE-CRYPTOLIB/Middlewares/ST/STM32_Cryptographic/lib\libSTM32Cryptographic_CM4.a(cmox_sha256.c.o)
 .text          0x0000000008000dec       0x40 ../X-CUBE-CRYPTOLIB/Middlewares/ST/STM32_Cryptographic/lib\libSTM32Cryptographic_CM4.a(cmox_sha256.c.o)
 .text          0x0000000008000e2c       0x20 ../X-CUBE-CRYPTOLIB/Middlewares/ST/STM32_Cryptographic/lib\libSTM32Cryptographic_CM4.a(cmox_sha256.c.o)
 .text          0x0000000008000e4c       0x30 ../X-CUBE-CRYPTOLIB/Middlewares/ST/STM32_Cryptographic/lib\libSTM32Cryptographic_CM4.a(cmox_sha256.c.o)
 .text          0x0000000008000e7c       0x30 ../X-CUBE-CRYPTOLIB/Middlewares/ST/STM32_Cryptographic/lib\libSTM32Cryptographic_CM4.a(cmox_sha256.c.o)
 .text          0x0000000008000eac       0x70 ../X-CUBE-CRYPTOLIB/Middlewares/ST/STM32_Cryptographic/lib\libSTM32Cryptographic_CM4.a(cmox_sha256.c.o)
 .text          0x0000000008000f1c      0x1ec ../X-CUBE-CRYPTOLIB/Middlewares/ST/STM32_Cryptographic/lib\libSTM32Cryptographic_CM4.a(cmox_sha256_common.c.o)
 .text          0x0000000008001108      0x2dc ../X-CUBE-CRYPTOLIB/Middlewares/ST/STM32_Cryptographic/lib\libSTM32Cryptographic_CM4.a(cmox_aesfast_decrypt.c.o)
 .text          0x00000000080013e4      0x140 ../X-CUBE-CRYPTOLIB/Middlewares/ST/STM32_Cryptographic/lib\libSTM32Cryptographic_CM4.a(cmox_aesfast_decrypt.c.o)
 .text          0x0000000008001524      0x2cc ../X-CUBE-CRYPTOLIB/Middlewares/ST/STM32_Cryptographic/lib\libSTM32Cryptographic_CM4.a(cmox_aesfast_encrypt.c.o)
 .text          0x00000000080017f0        0x8 ../X-CUBE-CRYPTOLIB/Middlewares/ST/STM32_Cryptographic/lib\libSTM32Cryptographic_CM4.a(cmox_md.c.o)
                0x00000000080017f0                cmox_md_updateState_small
 .text          0x00000000080017f8       0x44 ../X-CUBE-CRYPTOLIB/Middlewares/ST/STM32_Cryptographic/lib\libSTM32Cryptographic_CM4.a(cmox_md.c.o)
                0x00000000080017f8                cmox_md_copyLastState_small
 .text          0x000000000800183c       0x1a ../X-CUBE-CRYPTOLIB/Middlewares/ST/STM32_Cryptographic/lib\libSTM32Cryptographic_CM4.a(cmox_md.c.o)
                0x000000000800183c                cmox_md_padMsgLen_small
 .text          0x0000000008001856        0x8 ../X-CUBE-CRYPTOLIB/Middlewares/ST/STM32_Cryptographic/lib\libSTM32Cryptographic_CM4.a(cmox_md.c.o)
                0x0000000008001856                cmox_md_construct
 .text          0x000000000800185e       0x1e ../X-CUBE-CRYPTOLIB/Middlewares/ST/STM32_Cryptographic/lib\libSTM32Cryptographic_CM4.a(cmox_md.c.o)
                0x000000000800185e                cmox_md_init
 .text          0x000000000800187c        0x8 ../X-CUBE-CRYPTOLIB/Middlewares/ST/STM32_Cryptographic/lib\libSTM32Cryptographic_CM4.a(cmox_md.c.o)
                0x000000000800187c                cmox_md_setTagSize
 .text          0x0000000008001884       0xa8 ../X-CUBE-CRYPTOLIB/Middlewares/ST/STM32_Cryptographic/lib\libSTM32Cryptographic_CM4.a(cmox_md.c.o)
                0x0000000008001884                cmox_md_append
 .text          0x000000000800192c      0x1a0 ../X-CUBE-CRYPTOLIB/Middlewares/ST/STM32_Cryptographic/lib\libSTM32Cryptographic_CM4.a(cmox_md.c.o)
                0x000000000800192c                cmox_md_generateTag
 .text          0x0000000008001acc        0x8 ../X-CUBE-CRYPTOLIB/Middlewares/ST/STM32_Cryptographic/lib\libSTM32Cryptographic_CM4.a(cmox_md.c.o)
 .text          0x0000000008001ad4      0x110 ../X-CUBE-CRYPTOLIB/Middlewares/ST/STM32_Cryptographic/lib\libSTM32Cryptographic_CM4.a(cmox_aes_common.c.o)
                0x0000000008001ad4                cmox_aesSmall_keySchedule
 .text          0x0000000008001be4       0x9a C:/ST/STM32CubeIDE_1.14.1/STM32CubeIDE/plugins/com.st.stm32cube.ide.mcu.externaltools.gnu-tools-for-stm32.11.3.rel1.win32_1.1.100.202309141235/tools/bin/../lib/gcc/arm-none-eabi/11.3.1/../../../../arm-none-eabi/lib/thumb/v7e-m+fp/hard\libc_nano.a(libc_a-aeabi_memset-soft.o)
                0x0000000008001be4                __aeabi_memset8
                0x0000000008001be4                __aeabi_memset4
                0x0000000008001be4                __aeabi_memset
 *fill*         0x0000000008001c7e        0x2 
 .text          0x0000000008001c80       0xa0 C:/ST/STM32CubeIDE_1.14.1/STM32CubeIDE/plugins/com.st.stm32cube.ide.mcu.externaltools.gnu-tools-for-stm32.11.3.rel1.win32_1.1.100.202309141235/tools/bin/../lib/gcc/arm-none-eabi/11.3.1/../../../../arm-none-eabi/lib/thumb/v7e-m+fp/hard\libc_nano.a(libc_a-memchr.o)
                0x0000000008001c80                memchr
 .text          0x0000000008001d20       0x30 C:/ST/STM32CubeIDE_1.14.1/STM32CubeIDE/plugins/com.st.stm32cube.ide.mcu.externaltools.gnu-tools-for-stm32.11.3.rel1.win32_1.1.100.202309141235/tools/bin/../lib/gcc/arm-none-eabi/11.3.1/thumb/v7e-m+fp/hard\libgcc.a(_aeabi_uldivmod.o)
                0x0000000008001d20                __aeabi_uldivmod
 .text          0x0000000008001d50      0x2c8 C:/ST/STM32CubeIDE_1.14.1/STM32CubeIDE/plugins/com.st.stm32cube.ide.mcu.externaltools.gnu-tools-for-stm32.11.3.rel1.win32_1.1.100.202309141235/tools/bin/../lib/gcc/arm-none-eabi/11.3.1/thumb/v7e-m+fp/hard\libgcc.a(_udivmoddi4.o)
                0x0000000008001d50                __udivmoddi4
 .text          0x0000000008002018        0x4 C:/ST/STM32CubeIDE_1.14.1/STM32CubeIDE/plugins/com.st.stm32cube.ide.mcu.externaltools.gnu-tools-for-stm32.11.3.rel1.win32_1.1.100.202309141235/tools/bin/../lib/gcc/arm-none-eabi/11.3.1/thumb/v7e-m+fp/hard\libgcc.a(_dvmd_tls.o)
                0x0000000008002018                __aeabi_idiv0
                0x0000000008002018                __aeabi_ldiv0
 *(.text*)
 .text.MY_FLASH_EraseSector
                0x000000000800201c       0x20 ./Core/Src/MY_FLASH.o
 .text.MY_FLASH_SetSectorAddrs
                0x000000000800203c       0x2c ./Core/Src/MY_FLASH.o
                0x000000000800203c                MY_FLASH_SetSectorAddrs
 .text.MY_FLASH_WriteN
                0x0000000008002068       0xf4 ./Core/Src/MY_FLASH.o
                0x0000000008002068                MY_FLASH_WriteN
 .text.MY_FLASH_ReadN
                0x000000000800215c       0xb8 ./Core/Src/MY_FLASH.o
                0x000000000800215c                MY_FLASH_ReadN
 .text.write_flash
                0x0000000008002214       0xa0 ./Core/Src/MY_FLASH.o
                0x0000000008002214                write_flash
 .text.cmox_ll_init
                0x00000000080022b4       0x44 ./Core/Src/cmox_low_level.o
                0x00000000080022b4                cmox_ll_init
 .text.ITM_SendChar
                0x00000000080022f8       0x4e ./Core/Src/main.o
 *fill*         0x0000000008002346        0x2 
 .text.main     0x0000000008002348       0x9c ./Core/Src/main.o
                0x0000000008002348                main
 .text.SystemClock_Config
                0x00000000080023e4       0xd4 ./Core/Src/main.o
                0x00000000080023e4                SystemClock_Config
 .text.MX_CRC_Init
                0x00000000080024b8       0x28 ./Core/Src/main.o
 .text.MX_I2C1_Init
                0x00000000080024e0       0x5c ./Core/Src/main.o
 .text.MX_RNG_Init
                0x000000000800253c       0x28 ./Core/Src/main.o
 .text.MX_TIM2_Init
                0x0000000008002564       0x9c ./Core/Src/main.o
 .text.MX_GPIO_Init
                0x0000000008002600       0xf8 ./Core/Src/main.o
 .text.Startup  0x00000000080026f8       0xc4 ./Core/Src/main.o
                0x00000000080026f8                Startup
 .text.MainMenu
                0x00000000080027bc      0x1e4 ./Core/Src/main.o
                0x00000000080027bc                MainMenu
 .text.TimeoutMenu
                0x00000000080029a0       0x6c ./Core/Src/main.o
                0x00000000080029a0                TimeoutMenu
 .text.Enroll   0x0000000008002a0c      0x464 ./Core/Src/main.o
                0x0000000008002a0c                Enroll
 .text.LockDevice
                0x0000000008002e70      0x4b0 ./Core/Src/main.o
                0x0000000008002e70                LockDevice
 .text.ResetFactory
                0x0000000008003320      0x1b0 ./Core/Src/main.o
                0x0000000008003320                ResetFactory
 .text.OledAlarm
                0x00000000080034d0       0x64 ./Core/Src/main.o
                0x00000000080034d0                OledAlarm
 .text.EraseAlaram
                0x0000000008003534       0x48 ./Core/Src/main.o
                0x0000000008003534                EraseAlaram
 .text.EraseMem
                0x000000000800357c       0x2c ./Core/Src/main.o
                0x000000000800357c                EraseMem
 .text.wrong_LEDs
                0x00000000080035a8       0x80 ./Core/Src/main.o
                0x00000000080035a8                wrong_LEDs
 .text.blink    0x0000000008003628       0x88 ./Core/Src/main.o
                0x0000000008003628                blink
 .text.CheckPassword
                0x00000000080036b0       0xbc ./Core/Src/main.o
                0x00000000080036b0                CheckPassword
 .text.CDC_recieveCALLBACK
                0x000000000800376c      0x1e0 ./Core/Src/main.o
                0x000000000800376c                CDC_recieveCALLBACK
 .text.sha256   0x000000000800394c       0x34 ./Core/Src/main.o
                0x000000000800394c                sha256
 .text.AESCBC   0x0000000008003980       0x48 ./Core/Src/main.o
                0x0000000008003980                AESCBC
 .text.DecryptAES
                0x00000000080039c8       0x48 ./Core/Src/main.o
                0x00000000080039c8                DecryptAES
 .text.checkButtons
                0x0000000008003a10      0x120 ./Core/Src/main.o
                0x0000000008003a10                checkButtons
 .text.read_Bt1
                0x0000000008003b30       0x28 ./Core/Src/main.o
                0x0000000008003b30                read_Bt1
 .text.read_Bt2
                0x0000000008003b58       0x28 ./Core/Src/main.o
                0x0000000008003b58                read_Bt2
 .text._write   0x0000000008003b80       0x38 ./Core/Src/main.o
                0x0000000008003b80                _write
 .text.Get_rng  0x0000000008003bb8       0x84 ./Core/Src/main.o
                0x0000000008003bb8                Get_rng
 .text.HAL_RNG_ReadyDataCallback
                0x0000000008003c3c       0x20 ./Core/Src/main.o
                0x0000000008003c3c                HAL_RNG_ReadyDataCallback
 .text.HAL_TIM_PeriodElapsedCallback
                0x0000000008003c5c       0x60 ./Core/Src/main.o
                0x0000000008003c5c                HAL_TIM_PeriodElapsedCallback
 .text.Error_Handler
                0x0000000008003cbc        0xa ./Core/Src/main.o
                0x0000000008003cbc                Error_Handler
 .text.SSD1306_DrawBitmap
                0x0000000008003cc6       0xd0 ./Core/Src/ssd1306.o
                0x0000000008003cc6                SSD1306_DrawBitmap
 *fill*         0x0000000008003d96        0x2 
 .text.SSD1306_Init
                0x0000000008003d98      0x188 ./Core/Src/ssd1306.o
                0x0000000008003d98                SSD1306_Init
 .text.SSD1306_UpdateScreen
                0x0000000008003f20       0x5c ./Core/Src/ssd1306.o
                0x0000000008003f20                SSD1306_UpdateScreen
 .text.SSD1306_Fill
                0x0000000008003f7c       0x30 ./Core/Src/ssd1306.o
                0x0000000008003f7c                SSD1306_Fill
 .text.SSD1306_DrawPixel
                0x0000000008003fac       0xc0 ./Core/Src/ssd1306.o
                0x0000000008003fac                SSD1306_DrawPixel
 .text.SSD1306_GotoXY
                0x000000000800406c       0x2c ./Core/Src/ssd1306.o
                0x000000000800406c                SSD1306_GotoXY
 .text.SSD1306_Putc
                0x0000000008004098      0x100 ./Core/Src/ssd1306.o
                0x0000000008004098                SSD1306_Putc
 .text.SSD1306_Puts
                0x0000000008004198       0x4a ./Core/Src/ssd1306.o
                0x0000000008004198                SSD1306_Puts
 .text.SSD1306_DrawLine
                0x00000000080041e2      0x1f6 ./Core/Src/ssd1306.o
                0x00000000080041e2                SSD1306_DrawLine
 .text.SSD1306_DrawFilledRectangle
                0x00000000080043d8       0x9a ./Core/Src/ssd1306.o
                0x00000000080043d8                SSD1306_DrawFilledRectangle
 .text.SSD1306_Clear
                0x0000000008004472       0x12 ./Core/Src/ssd1306.o
                0x0000000008004472                SSD1306_Clear
 .text.ssd1306_I2C_Init
                0x0000000008004484       0x2c ./Core/Src/ssd1306.o
                0x0000000008004484                ssd1306_I2C_Init
 .text.ssd1306_I2C_WriteMulti
                0x00000000080044b0       0xcc ./Core/Src/ssd1306.o
                0x00000000080044b0                ssd1306_I2C_WriteMulti
 .text.ssd1306_I2C_Write
                0x000000000800457c       0x3c ./Core/Src/ssd1306.o
                0x000000000800457c                ssd1306_I2C_Write
 .text.HAL_MspInit
                0x00000000080045b8       0x50 ./Core/Src/stm32f4xx_hal_msp.o
                0x00000000080045b8                HAL_MspInit
 .text.HAL_CRC_MspInit
                0x0000000008004608       0x44 ./Core/Src/stm32f4xx_hal_msp.o
                0x0000000008004608                HAL_CRC_MspInit
 .text.HAL_I2C_MspInit
                0x000000000800464c       0x90 ./Core/Src/stm32f4xx_hal_msp.o
                0x000000000800464c                HAL_I2C_MspInit
 .text.HAL_RNG_MspInit
                0x00000000080046dc       0x50 ./Core/Src/stm32f4xx_hal_msp.o
                0x00000000080046dc                HAL_RNG_MspInit
 .text.HAL_TIM_Base_MspInit
                0x000000000800472c       0x4c ./Core/Src/stm32f4xx_hal_msp.o
                0x000000000800472c                HAL_TIM_Base_MspInit
 .text.NMI_Handler
                0x0000000008004778        0x6 ./Core/Src/stm32f4xx_it.o
                0x0000000008004778                NMI_Handler
 .text.HardFault_Handler
                0x000000000800477e        0x6 ./Core/Src/stm32f4xx_it.o
                0x000000000800477e                HardFault_Handler
 .text.MemManage_Handler
                0x0000000008004784        0x6 ./Core/Src/stm32f4xx_it.o
                0x0000000008004784                MemManage_Handler
 .text.BusFault_Handler
                0x000000000800478a        0x6 ./Core/Src/stm32f4xx_it.o
                0x000000000800478a                BusFault_Handler
 .text.UsageFault_Handler
                0x0000000008004790        0x6 ./Core/Src/stm32f4xx_it.o
                0x0000000008004790                UsageFault_Handler
 .text.SVC_Handler
                0x0000000008004796        0xe ./Core/Src/stm32f4xx_it.o
                0x0000000008004796                SVC_Handler
 .text.DebugMon_Handler
                0x00000000080047a4        0xe ./Core/Src/stm32f4xx_it.o
                0x00000000080047a4                DebugMon_Handler
 .text.PendSV_Handler
                0x00000000080047b2        0xe ./Core/Src/stm32f4xx_it.o
                0x00000000080047b2                PendSV_Handler
 .text.SysTick_Handler
                0x00000000080047c0        0xc ./Core/Src/stm32f4xx_it.o
                0x00000000080047c0                SysTick_Handler
 .text.TIM2_IRQHandler
                0x00000000080047cc       0x14 ./Core/Src/stm32f4xx_it.o
                0x00000000080047cc                TIM2_IRQHandler
 .text.OTG_FS_IRQHandler
                0x00000000080047e0       0x14 ./Core/Src/stm32f4xx_it.o
                0x00000000080047e0                OTG_FS_IRQHandler
 .text.HASH_RNG_IRQHandler
                0x00000000080047f4       0x14 ./Core/Src/stm32f4xx_it.o
                0x00000000080047f4                HASH_RNG_IRQHandler
 .text._read    0x0000000008004808       0x3a ./Core/Src/syscalls.o
                0x0000000008004808                _read
 .text._close   0x0000000008004842       0x18 ./Core/Src/syscalls.o
                0x0000000008004842                _close
 .text._fstat   0x000000000800485a       0x20 ./Core/Src/syscalls.o
                0x000000000800485a                _fstat
 .text._isatty  0x000000000800487a       0x16 ./Core/Src/syscalls.o
                0x000000000800487a                _isatty
 .text._lseek   0x0000000008004890       0x1a ./Core/Src/syscalls.o
                0x0000000008004890                _lseek
 *fill*         0x00000000080048aa        0x2 
 .text._sbrk    0x00000000080048ac       0x6c ./Core/Src/sysmem.o
                0x00000000080048ac                _sbrk
 .text.SystemInit
                0x0000000008004918       0x24 ./Core/Src/system_stm32f4xx.o
                0x0000000008004918                SystemInit
 .text.Reset_Handler
                0x000000000800493c       0x50 ./Core/Startup/startup_stm32f407vgtx.o
                0x000000000800493c                Reset_Handler
 .text.Default_Handler
                0x000000000800498c        0x2 ./Core/Startup/startup_stm32f407vgtx.o
                0x000000000800498c                RTC_Alarm_IRQHandler
                0x000000000800498c                EXTI2_IRQHandler
                0x000000000800498c                TIM8_CC_IRQHandler
                0x000000000800498c                TIM1_CC_IRQHandler
                0x000000000800498c                DMA2_Stream5_IRQHandler
                0x000000000800498c                DMA1_Stream5_IRQHandler
                0x000000000800498c                PVD_IRQHandler
                0x000000000800498c                SDIO_IRQHandler
                0x000000000800498c                TAMP_STAMP_IRQHandler
                0x000000000800498c                CAN2_RX1_IRQHandler
                0x000000000800498c                EXTI3_IRQHandler
                0x000000000800498c                TIM8_TRG_COM_TIM14_IRQHandler
                0x000000000800498c                TIM1_UP_TIM10_IRQHandler
                0x000000000800498c                TIM8_UP_TIM13_IRQHandler
                0x000000000800498c                I2C3_ER_IRQHandler
                0x000000000800498c                EXTI0_IRQHandler
                0x000000000800498c                I2C2_EV_IRQHandler
                0x000000000800498c                DMA1_Stream2_IRQHandler
                0x000000000800498c                CAN1_RX0_IRQHandler
                0x000000000800498c                FPU_IRQHandler
                0x000000000800498c                OTG_HS_WKUP_IRQHandler
                0x000000000800498c                CAN2_SCE_IRQHandler
                0x000000000800498c                DMA2_Stream2_IRQHandler
                0x000000000800498c                SPI1_IRQHandler
                0x000000000800498c                TIM6_DAC_IRQHandler
                0x000000000800498c                TIM1_BRK_TIM9_IRQHandler
                0x000000000800498c                DCMI_IRQHandler
                0x000000000800498c                CAN2_RX0_IRQHandler
                0x000000000800498c                DMA2_Stream3_IRQHandler
                0x000000000800498c                USART6_IRQHandler
                0x000000000800498c                USART3_IRQHandler
                0x000000000800498c                CAN1_RX1_IRQHandler
                0x000000000800498c                UART5_IRQHandler
                0x000000000800498c                DMA2_Stream0_IRQHandler
                0x000000000800498c                TIM4_IRQHandler
                0x000000000800498c                I2C1_EV_IRQHandler
                0x000000000800498c                DMA1_Stream6_IRQHandler
                0x000000000800498c                DMA1_Stream1_IRQHandler
                0x000000000800498c                UART4_IRQHandler
                0x000000000800498c                TIM3_IRQHandler
                0x000000000800498c                RCC_IRQHandler
                0x000000000800498c                TIM8_BRK_TIM12_IRQHandler
                0x000000000800498c                Default_Handler
                0x000000000800498c                EXTI15_10_IRQHandler
                0x000000000800498c                ADC_IRQHandler
                0x000000000800498c                DMA1_Stream7_IRQHandler
                0x000000000800498c                TIM7_IRQHandler
                0x000000000800498c                CAN2_TX_IRQHandler
                0x000000000800498c                TIM5_IRQHandler
                0x000000000800498c                DMA2_Stream7_IRQHandler
                0x000000000800498c                I2C3_EV_IRQHandler
                0x000000000800498c                EXTI9_5_IRQHandler
                0x000000000800498c                RTC_WKUP_IRQHandler
                0x000000000800498c                ETH_WKUP_IRQHandler
                0x000000000800498c                SPI2_IRQHandler
                0x000000000800498c                OTG_HS_EP1_IN_IRQHandler
                0x000000000800498c                DMA1_Stream0_IRQHandler
                0x000000000800498c                CAN1_TX_IRQHandler
                0x000000000800498c                EXTI4_IRQHandler
                0x000000000800498c                FSMC_IRQHandler
                0x000000000800498c                ETH_IRQHandler
                0x000000000800498c                OTG_HS_EP1_OUT_IRQHandler
                0x000000000800498c                WWDG_IRQHandler
                0x000000000800498c                OTG_FS_WKUP_IRQHandler
                0x000000000800498c                TIM1_TRG_COM_TIM11_IRQHandler
                0x000000000800498c                OTG_HS_IRQHandler
                0x000000000800498c                EXTI1_IRQHandler
                0x000000000800498c                USART2_IRQHandler
                0x000000000800498c                I2C2_ER_IRQHandler
                0x000000000800498c                DMA2_Stream1_IRQHandler
                0x000000000800498c                CAN1_SCE_IRQHandler
                0x000000000800498c                FLASH_IRQHandler
                0x000000000800498c                DMA2_Stream4_IRQHandler
                0x000000000800498c                USART1_IRQHandler
                0x000000000800498c                SPI3_IRQHandler
                0x000000000800498c                DMA1_Stream4_IRQHandler
                0x000000000800498c                I2C1_ER_IRQHandler
                0x000000000800498c                DMA2_Stream6_IRQHandler
                0x000000000800498c                DMA1_Stream3_IRQHandler
 *fill*         0x000000000800498e        0x2 
 .text.HAL_Init
                0x0000000008004990       0x44 ./Drivers/STM32F4xx_HAL_Driver/Src/stm32f4xx_hal.o
                0x0000000008004990                HAL_Init
 .text.HAL_InitTick
                0x00000000080049d4       0x60 ./Drivers/STM32F4xx_HAL_Driver/Src/stm32f4xx_hal.o
                0x00000000080049d4                HAL_InitTick
 .text.HAL_IncTick
                0x0000000008004a34       0x28 ./Drivers/STM32F4xx_HAL_Driver/Src/stm32f4xx_hal.o
                0x0000000008004a34                HAL_IncTick
 .text.HAL_GetTick
                0x0000000008004a5c       0x18 ./Drivers/STM32F4xx_HAL_Driver/Src/stm32f4xx_hal.o
                0x0000000008004a5c                HAL_GetTick
 .text.HAL_Delay
                0x0000000008004a74       0x48 ./Drivers/STM32F4xx_HAL_Driver/Src/stm32f4xx_hal.o
                0x0000000008004a74                HAL_Delay
 .text.__NVIC_SetPriorityGrouping
                0x0000000008004abc       0x48 ./Drivers/STM32F4xx_HAL_Driver/Src/stm32f4xx_hal_cortex.o
 .text.__NVIC_GetPriorityGrouping
                0x0000000008004b04       0x1c ./Drivers/STM32F4xx_HAL_Driver/Src/stm32f4xx_hal_cortex.o
 .text.__NVIC_EnableIRQ
                0x0000000008004b20       0x3c ./Drivers/STM32F4xx_HAL_Driver/Src/stm32f4xx_hal_cortex.o
 .text.__NVIC_SetPriority
                0x0000000008004b5c       0x54 ./Drivers/STM32F4xx_HAL_Driver/Src/stm32f4xx_hal_cortex.o
 .text.NVIC_EncodePriority
                0x0000000008004bb0       0x66 ./Drivers/STM32F4xx_HAL_Driver/Src/stm32f4xx_hal_cortex.o
 *fill*         0x0000000008004c16        0x2 
 .text.SysTick_Config
                0x0000000008004c18       0x44 ./Drivers/STM32F4xx_HAL_Driver/Src/stm32f4xx_hal_cortex.o
 .text.HAL_NVIC_SetPriorityGrouping
                0x0000000008004c5c       0x16 ./Drivers/STM32F4xx_HAL_Driver/Src/stm32f4xx_hal_cortex.o
                0x0000000008004c5c                HAL_NVIC_SetPriorityGrouping
 .text.HAL_NVIC_SetPriority
                0x0000000008004c72       0x38 ./Drivers/STM32F4xx_HAL_Driver/Src/stm32f4xx_hal_cortex.o
                0x0000000008004c72                HAL_NVIC_SetPriority
 .text.HAL_NVIC_EnableIRQ
                0x0000000008004caa       0x1c ./Drivers/STM32F4xx_HAL_Driver/Src/stm32f4xx_hal_cortex.o
                0x0000000008004caa                HAL_NVIC_EnableIRQ
 .text.HAL_SYSTICK_Config
                0x0000000008004cc6       0x18 ./Drivers/STM32F4xx_HAL_Driver/Src/stm32f4xx_hal_cortex.o
                0x0000000008004cc6                HAL_SYSTICK_Config
 .text.HAL_CRC_Init
                0x0000000008004cde       0x38 ./Drivers/STM32F4xx_HAL_Driver/Src/stm32f4xx_hal_crc.o
                0x0000000008004cde                HAL_CRC_Init
 *fill*         0x0000000008004d16        0x2 
 .text.HAL_FLASH_Program
                0x0000000008004d18       0xa8 ./Drivers/STM32F4xx_HAL_Driver/Src/stm32f4xx_hal_flash.o
                0x0000000008004d18                HAL_FLASH_Program
 .text.HAL_FLASH_Unlock
                0x0000000008004dc0       0x44 ./Drivers/STM32F4xx_HAL_Driver/Src/stm32f4xx_hal_flash.o
                0x0000000008004dc0                HAL_FLASH_Unlock
 .text.HAL_FLASH_Lock
                0x0000000008004e04       0x20 ./Drivers/STM32F4xx_HAL_Driver/Src/stm32f4xx_hal_flash.o
                0x0000000008004e04                HAL_FLASH_Lock
 .text.FLASH_WaitForLastOperation
                0x0000000008004e24       0x80 ./Drivers/STM32F4xx_HAL_Driver/Src/stm32f4xx_hal_flash.o
                0x0000000008004e24                FLASH_WaitForLastOperation
 .text.FLASH_Program_DoubleWord
                0x0000000008004ea4       0x64 ./Drivers/STM32F4xx_HAL_Driver/Src/stm32f4xx_hal_flash.o
 .text.FLASH_Program_Word
                0x0000000008004f08       0x44 ./Drivers/STM32F4xx_HAL_Driver/Src/stm32f4xx_hal_flash.o
 .text.FLASH_Program_HalfWord
                0x0000000008004f4c       0x48 ./Drivers/STM32F4xx_HAL_Driver/Src/stm32f4xx_hal_flash.o
 .text.FLASH_Program_Byte
                0x0000000008004f94       0x44 ./Drivers/STM32F4xx_HAL_Driver/Src/stm32f4xx_hal_flash.o
 .text.FLASH_SetErrorCode
                0x0000000008004fd8       0xac ./Drivers/STM32F4xx_HAL_Driver/Src/stm32f4xx_hal_flash.o
 .text.FLASH_Erase_Sector
                0x0000000008005084       0x90 ./Drivers/STM32F4xx_HAL_Driver/Src/stm32f4xx_hal_flash_ex.o
                0x0000000008005084                FLASH_Erase_Sector
 .text.HAL_GPIO_Init
                0x0000000008005114      0x338 ./Drivers/STM32F4xx_HAL_Driver/Src/stm32f4xx_hal_gpio.o
                0x0000000008005114                HAL_GPIO_Init
 .text.HAL_GPIO_ReadPin
                0x000000000800544c       0x30 ./Drivers/STM32F4xx_HAL_Driver/Src/stm32f4xx_hal_gpio.o
                0x000000000800544c                HAL_GPIO_ReadPin
 .text.HAL_GPIO_WritePin
                0x000000000800547c       0x32 ./Drivers/STM32F4xx_HAL_Driver/Src/stm32f4xx_hal_gpio.o
                0x000000000800547c                HAL_GPIO_WritePin
 .text.HAL_GPIO_TogglePin
                0x00000000080054ae       0x34 ./Drivers/STM32F4xx_HAL_Driver/Src/stm32f4xx_hal_gpio.o
                0x00000000080054ae                HAL_GPIO_TogglePin
 *fill*         0x00000000080054e2        0x2 
 .text.HAL_I2C_Init
                0x00000000080054e4      0x288 ./Drivers/STM32F4xx_HAL_Driver/Src/stm32f4xx_hal_i2c.o
                0x00000000080054e4                HAL_I2C_Init
 .text.HAL_I2C_Master_Transmit
                0x000000000800576c      0x1fc ./Drivers/STM32F4xx_HAL_Driver/Src/stm32f4xx_hal_i2c.o
                0x000000000800576c                HAL_I2C_Master_Transmit
 .text.HAL_I2C_IsDeviceReady
                0x0000000008005968      0x25c ./Drivers/STM32F4xx_HAL_Driver/Src/stm32f4xx_hal_i2c.o
                0x0000000008005968                HAL_I2C_IsDeviceReady
 .text.I2C_MasterRequestWrite
                0x0000000008005bc4      0x104 ./Drivers/STM32F4xx_HAL_Driver/Src/stm32f4xx_hal_i2c.o
 .text.I2C_WaitOnFlagUntilTimeout
                0x0000000008005cc8       0xf4 ./Drivers/STM32F4xx_HAL_Driver/Src/stm32f4xx_hal_i2c.o
 .text.I2C_WaitOnMasterAddressFlagUntilTimeout
                0x0000000008005dbc      0x140 ./Drivers/STM32F4xx_HAL_Driver/Src/stm32f4xx_hal_i2c.o
 .text.I2C_WaitOnTXEFlagUntilTimeout
                0x0000000008005efc       0x90 ./Drivers/STM32F4xx_HAL_Driver/Src/stm32f4xx_hal_i2c.o
 .text.I2C_WaitOnBTFFlagUntilTimeout
                0x0000000008005f8c       0x90 ./Drivers/STM32F4xx_HAL_Driver/Src/stm32f4xx_hal_i2c.o
 .text.I2C_IsAcknowledgeFailed
                0x000000000800601c       0x5e ./Drivers/STM32F4xx_HAL_Driver/Src/stm32f4xx_hal_i2c.o
 .text.HAL_PCD_Init
                0x000000000800607a      0x21e ./Drivers/STM32F4xx_HAL_Driver/Src/stm32f4xx_hal_pcd.o
                0x000000000800607a                HAL_PCD_Init
 .text.HAL_PCD_Start
                0x0000000008006298       0x6a ./Drivers/STM32F4xx_HAL_Driver/Src/stm32f4xx_hal_pcd.o
                0x0000000008006298                HAL_PCD_Start
 .text.HAL_PCD_IRQHandler
                0x0000000008006302      0x942 ./Drivers/STM32F4xx_HAL_Driver/Src/stm32f4xx_hal_pcd.o
                0x0000000008006302                HAL_PCD_IRQHandler
 .text.HAL_PCD_SetAddress
                0x0000000008006c44       0x48 ./Drivers/STM32F4xx_HAL_Driver/Src/stm32f4xx_hal_pcd.o
                0x0000000008006c44                HAL_PCD_SetAddress
 .text.HAL_PCD_EP_Open
                0x0000000008006c8c       0xd0 ./Drivers/STM32F4xx_HAL_Driver/Src/stm32f4xx_hal_pcd.o
                0x0000000008006c8c                HAL_PCD_EP_Open
 .text.HAL_PCD_EP_Close
                0x0000000008006d5c       0x94 ./Drivers/STM32F4xx_HAL_Driver/Src/stm32f4xx_hal_pcd.o
                0x0000000008006d5c                HAL_PCD_EP_Close
 .text.HAL_PCD_EP_Receive
                0x0000000008006df0       0x76 ./Drivers/STM32F4xx_HAL_Driver/Src/stm32f4xx_hal_pcd.o
                0x0000000008006df0                HAL_PCD_EP_Receive
 .text.HAL_PCD_EP_GetRxCount
                0x0000000008006e66       0x30 ./Drivers/STM32F4xx_HAL_Driver/Src/stm32f4xx_hal_pcd.o
                0x0000000008006e66                HAL_PCD_EP_GetRxCount
 .text.HAL_PCD_EP_Transmit
                0x0000000008006e96       0x74 ./Drivers/STM32F4xx_HAL_Driver/Src/stm32f4xx_hal_pcd.o
                0x0000000008006e96                HAL_PCD_EP_Transmit
 .text.HAL_PCD_EP_SetStall
                0x0000000008006f0a       0xc6 ./Drivers/STM32F4xx_HAL_Driver/Src/stm32f4xx_hal_pcd.o
                0x0000000008006f0a                HAL_PCD_EP_SetStall
 .text.HAL_PCD_EP_ClrStall
                0x0000000008006fd0       0xac ./Drivers/STM32F4xx_HAL_Driver/Src/stm32f4xx_hal_pcd.o
                0x0000000008006fd0                HAL_PCD_EP_ClrStall
 .text.HAL_PCD_EP_Abort
                0x000000000800707c       0x62 ./Drivers/STM32F4xx_HAL_Driver/Src/stm32f4xx_hal_pcd.o
                0x000000000800707c                HAL_PCD_EP_Abort
 .text.PCD_WriteEmptyTxFifo
                0x00000000080070de      0x118 ./Drivers/STM32F4xx_HAL_Driver/Src/stm32f4xx_hal_pcd.o
 *fill*         0x00000000080071f6        0x2 
 .text.PCD_EP_OutXfrComplete_int
                0x00000000080071f8      0x1d0 ./Drivers/STM32F4xx_HAL_Driver/Src/stm32f4xx_hal_pcd.o
 .text.PCD_EP_OutSetupPacket_int
                0x00000000080073c8       0x8c ./Drivers/STM32F4xx_HAL_Driver/Src/stm32f4xx_hal_pcd.o
 .text.HAL_PCDEx_SetTxFiFo
                0x0000000008007454       0x8e ./Drivers/STM32F4xx_HAL_Driver/Src/stm32f4xx_hal_pcd_ex.o
                0x0000000008007454                HAL_PCDEx_SetTxFiFo
 .text.HAL_PCDEx_SetRxFiFo
                0x00000000080074e2       0x22 ./Drivers/STM32F4xx_HAL_Driver/Src/stm32f4xx_hal_pcd_ex.o
                0x00000000080074e2                HAL_PCDEx_SetRxFiFo
 .text.HAL_PCDEx_LPM_Callback
                0x0000000008007504       0x18 ./Drivers/STM32F4xx_HAL_Driver/Src/stm32f4xx_hal_pcd_ex.o
                0x0000000008007504                HAL_PCDEx_LPM_Callback
 .text.HAL_RCC_OscConfig
                0x000000000800751c      0x4f0 ./Drivers/STM32F4xx_HAL_Driver/Src/stm32f4xx_hal_rcc.o
                0x000000000800751c                HAL_RCC_OscConfig
 .text.HAL_RCC_ClockConfig
                0x0000000008007a0c      0x1cc ./Drivers/STM32F4xx_HAL_Driver/Src/stm32f4xx_hal_rcc.o
                0x0000000008007a0c                HAL_RCC_ClockConfig
 .text.HAL_RCC_GetSysClockFreq
                0x0000000008007bd8      0x20c ./Drivers/STM32F4xx_HAL_Driver/Src/stm32f4xx_hal_rcc.o
                0x0000000008007bd8                HAL_RCC_GetSysClockFreq
 .text.HAL_RCC_GetHCLKFreq
                0x0000000008007de4       0x18 ./Drivers/STM32F4xx_HAL_Driver/Src/stm32f4xx_hal_rcc.o
                0x0000000008007de4                HAL_RCC_GetHCLKFreq
 .text.HAL_RCC_GetPCLK1Freq
                0x0000000008007dfc       0x28 ./Drivers/STM32F4xx_HAL_Driver/Src/stm32f4xx_hal_rcc.o
                0x0000000008007dfc                HAL_RCC_GetPCLK1Freq
 .text.HAL_RNG_Init
                0x0000000008007e24       0x54 ./Drivers/STM32F4xx_HAL_Driver/Src/stm32f4xx_hal_rng.o
                0x0000000008007e24                HAL_RNG_Init
 .text.HAL_RNG_GenerateRandomNumber_IT
                0x0000000008007e78       0x5e ./Drivers/STM32F4xx_HAL_Driver/Src/stm32f4xx_hal_rng.o
                0x0000000008007e78                HAL_RNG_GenerateRandomNumber_IT
 .text.HAL_RNG_IRQHandler
                0x0000000008007ed6       0xa8 ./Drivers/STM32F4xx_HAL_Driver/Src/stm32f4xx_hal_rng.o
                0x0000000008007ed6                HAL_RNG_IRQHandler
 .text.HAL_RNG_ReadLastRandomNumber
                0x0000000008007f7e       0x18 ./Drivers/STM32F4xx_HAL_Driver/Src/stm32f4xx_hal_rng.o
                0x0000000008007f7e                HAL_RNG_ReadLastRandomNumber
 .text.HAL_RNG_ErrorCallback
                0x0000000008007f96       0x14 ./Drivers/STM32F4xx_HAL_Driver/Src/stm32f4xx_hal_rng.o
                0x0000000008007f96                HAL_RNG_ErrorCallback
 .text.HAL_TIM_Base_Init
                0x0000000008007faa       0x9e ./Drivers/STM32F4xx_HAL_Driver/Src/stm32f4xx_hal_tim.o
                0x0000000008007faa                HAL_TIM_Base_Init
 .text.HAL_TIM_Base_Start_IT
                0x0000000008008048       0xe0 ./Drivers/STM32F4xx_HAL_Driver/Src/stm32f4xx_hal_tim.o
                0x0000000008008048                HAL_TIM_Base_Start_IT
 .text.HAL_TIM_IRQHandler
                0x0000000008008128      0x1e0 ./Drivers/STM32F4xx_HAL_Driver/Src/stm32f4xx_hal_tim.o
                0x0000000008008128                HAL_TIM_IRQHandler
 .text.HAL_TIM_ConfigClockSource
                0x0000000008008308      0x18e ./Drivers/STM32F4xx_HAL_Driver/Src/stm32f4xx_hal_tim.o
                0x0000000008008308                HAL_TIM_ConfigClockSource
 .text.HAL_TIM_OC_DelayElapsedCallback
                0x0000000008008496       0x14 ./Drivers/STM32F4xx_HAL_Driver/Src/stm32f4xx_hal_tim.o
                0x0000000008008496                HAL_TIM_OC_DelayElapsedCallback
 .text.HAL_TIM_IC_CaptureCallback
                0x00000000080084aa       0x14 ./Drivers/STM32F4xx_HAL_Driver/Src/stm32f4xx_hal_tim.o
                0x00000000080084aa                HAL_TIM_IC_CaptureCallback
 .text.HAL_TIM_PWM_PulseFinishedCallback
                0x00000000080084be       0x14 ./Drivers/STM32F4xx_HAL_Driver/Src/stm32f4xx_hal_tim.o
                0x00000000080084be                HAL_TIM_PWM_PulseFinishedCallback
 .text.HAL_TIM_TriggerCallback
                0x00000000080084d2       0x14 ./Drivers/STM32F4xx_HAL_Driver/Src/stm32f4xx_hal_tim.o
                0x00000000080084d2                HAL_TIM_TriggerCallback
 *fill*         0x00000000080084e6        0x2 
 .text.TIM_Base_SetConfig
                0x00000000080084e8      0x158 ./Drivers/STM32F4xx_HAL_Driver/Src/stm32f4xx_hal_tim.o
                0x00000000080084e8                TIM_Base_SetConfig
 .text.TIM_TI1_ConfigInputStage
                0x0000000008008640       0x5e ./Drivers/STM32F4xx_HAL_Driver/Src/stm32f4xx_hal_tim.o
 .text.TIM_TI2_ConfigInputStage
                0x000000000800869e       0x60 ./Drivers/STM32F4xx_HAL_Driver/Src/stm32f4xx_hal_tim.o
 .text.TIM_ITRx_SetConfig
                0x00000000080086fe       0x36 ./Drivers/STM32F4xx_HAL_Driver/Src/stm32f4xx_hal_tim.o
 .text.TIM_ETR_SetConfig
                0x0000000008008734       0x40 ./Drivers/STM32F4xx_HAL_Driver/Src/stm32f4xx_hal_tim.o
                0x0000000008008734                TIM_ETR_SetConfig
 .text.HAL_TIMEx_MasterConfigSynchronization
                0x0000000008008774       0xf8 ./Drivers/STM32F4xx_HAL_Driver/Src/stm32f4xx_hal_tim_ex.o
                0x0000000008008774                HAL_TIMEx_MasterConfigSynchronization
 .text.HAL_TIMEx_CommutCallback
                0x000000000800886c       0x14 ./Drivers/STM32F4xx_HAL_Driver/Src/stm32f4xx_hal_tim_ex.o
                0x000000000800886c                HAL_TIMEx_CommutCallback
 .text.HAL_TIMEx_BreakCallback
                0x0000000008008880       0x14 ./Drivers/STM32F4xx_HAL_Driver/Src/stm32f4xx_hal_tim_ex.o
                0x0000000008008880                HAL_TIMEx_BreakCallback
 .text.USB_CoreInit
                0x0000000008008894       0xc8 ./Drivers/STM32F4xx_HAL_Driver/Src/stm32f4xx_ll_usb.o
                0x0000000008008894                USB_CoreInit
 .text.USB_SetTurnaroundTime
                0x000000000800895c      0x144 ./Drivers/STM32F4xx_HAL_Driver/Src/stm32f4xx_ll_usb.o
                0x000000000800895c                USB_SetTurnaroundTime
 .text.USB_EnableGlobalInt
                0x0000000008008aa0       0x22 ./Drivers/STM32F4xx_HAL_Driver/Src/stm32f4xx_ll_usb.o
                0x0000000008008aa0                USB_EnableGlobalInt
 .text.USB_DisableGlobalInt
                0x0000000008008ac2       0x22 ./Drivers/STM32F4xx_HAL_Driver/Src/stm32f4xx_ll_usb.o
                0x0000000008008ac2                USB_DisableGlobalInt
 .text.USB_SetCurrentMode
                0x0000000008008ae4       0x98 ./Drivers/STM32F4xx_HAL_Driver/Src/stm32f4xx_ll_usb.o
                0x0000000008008ae4                USB_SetCurrentMode
 .text.USB_DevInit
                0x0000000008008b7c      0x2c8 ./Drivers/STM32F4xx_HAL_Driver/Src/stm32f4xx_ll_usb.o
                0x0000000008008b7c                USB_DevInit
 .text.USB_FlushTxFifo
                0x0000000008008e44       0x64 ./Drivers/STM32F4xx_HAL_Driver/Src/stm32f4xx_ll_usb.o
                0x0000000008008e44                USB_FlushTxFifo
 .text.USB_FlushRxFifo
                0x0000000008008ea8       0x5c ./Drivers/STM32F4xx_HAL_Driver/Src/stm32f4xx_ll_usb.o
                0x0000000008008ea8                USB_FlushRxFifo
 .text.USB_SetDevSpeed
                0x0000000008008f04       0x32 ./Drivers/STM32F4xx_HAL_Driver/Src/stm32f4xx_ll_usb.o
                0x0000000008008f04                USB_SetDevSpeed
 .text.USB_GetDevSpeed
                0x0000000008008f36       0x4a ./Drivers/STM32F4xx_HAL_Driver/Src/stm32f4xx_ll_usb.o
                0x0000000008008f36                USB_GetDevSpeed
 .text.USB_ActivateEndpoint
                0x0000000008008f80      0x10e ./Drivers/STM32F4xx_HAL_Driver/Src/stm32f4xx_ll_usb.o
                0x0000000008008f80                USB_ActivateEndpoint
 *fill*         0x000000000800908e        0x2 
 .text.USB_DeactivateEndpoint
                0x0000000008009090      0x1b8 ./Drivers/STM32F4xx_HAL_Driver/Src/stm32f4xx_ll_usb.o
                0x0000000008009090                USB_DeactivateEndpoint
 .text.USB_EPStartXfer
                0x0000000008009248      0x530 ./Drivers/STM32F4xx_HAL_Driver/Src/stm32f4xx_ll_usb.o
                0x0000000008009248                USB_EPStartXfer
 .text.USB_EPStopXfer
                0x0000000008009778      0x154 ./Drivers/STM32F4xx_HAL_Driver/Src/stm32f4xx_ll_usb.o
                0x0000000008009778                USB_EPStopXfer
 .text.USB_WritePacket
                0x00000000080098cc       0x7c ./Drivers/STM32F4xx_HAL_Driver/Src/stm32f4xx_ll_usb.o
                0x00000000080098cc                USB_WritePacket
 .text.USB_ReadPacket
                0x0000000008009948       0xb0 ./Drivers/STM32F4xx_HAL_Driver/Src/stm32f4xx_ll_usb.o
                0x0000000008009948                USB_ReadPacket
 .text.USB_EPSetStall
                0x00000000080099f8       0xdc ./Drivers/STM32F4xx_HAL_Driver/Src/stm32f4xx_ll_usb.o
                0x00000000080099f8                USB_EPSetStall
 .text.USB_EPClearStall
                0x0000000008009ad4       0xcc ./Drivers/STM32F4xx_HAL_Driver/Src/stm32f4xx_ll_usb.o
                0x0000000008009ad4                USB_EPClearStall
 .text.USB_SetDevAddress
                0x0000000008009ba0       0x4c ./Drivers/STM32F4xx_HAL_Driver/Src/stm32f4xx_ll_usb.o
                0x0000000008009ba0                USB_SetDevAddress
 .text.USB_DevConnect
                0x0000000008009bec       0x42 ./Drivers/STM32F4xx_HAL_Driver/Src/stm32f4xx_ll_usb.o
                0x0000000008009bec                USB_DevConnect
 .text.USB_DevDisconnect
                0x0000000008009c2e       0x42 ./Drivers/STM32F4xx_HAL_Driver/Src/stm32f4xx_ll_usb.o
                0x0000000008009c2e                USB_DevDisconnect
 .text.USB_ReadInterrupts
                0x0000000008009c70       0x26 ./Drivers/STM32F4xx_HAL_Driver/Src/stm32f4xx_ll_usb.o
                0x0000000008009c70                USB_ReadInterrupts
 .text.USB_ReadDevAllOutEpInterrupt
                0x0000000008009c96       0x34 ./Drivers/STM32F4xx_HAL_Driver/Src/stm32f4xx_ll_usb.o
                0x0000000008009c96                USB_ReadDevAllOutEpInterrupt
 .text.USB_ReadDevAllInEpInterrupt
                0x0000000008009cca       0x34 ./Drivers/STM32F4xx_HAL_Driver/Src/stm32f4xx_ll_usb.o
                0x0000000008009cca                USB_ReadDevAllInEpInterrupt
 .text.USB_ReadDevOutEPInterrupt
                0x0000000008009cfe       0x3c ./Drivers/STM32F4xx_HAL_Driver/Src/stm32f4xx_ll_usb.o
                0x0000000008009cfe                USB_ReadDevOutEPInterrupt
 .text.USB_ReadDevInEPInterrupt
                0x0000000008009d3a       0x5c ./Drivers/STM32F4xx_HAL_Driver/Src/stm32f4xx_ll_usb.o
                0x0000000008009d3a                USB_ReadDevInEPInterrupt
 .text.USB_GetMode
                0x0000000008009d96       0x1c ./Drivers/STM32F4xx_HAL_Driver/Src/stm32f4xx_ll_usb.o
                0x0000000008009d96                USB_GetMode
 .text.USB_ActivateSetup
                0x0000000008009db2       0x46 ./Drivers/STM32F4xx_HAL_Driver/Src/stm32f4xx_ll_usb.o
                0x0000000008009db2                USB_ActivateSetup
 .text.USB_EP0_OutStart
                0x0000000008009df8       0xbc ./Drivers/STM32F4xx_HAL_Driver/Src/stm32f4xx_ll_usb.o
                0x0000000008009df8                USB_EP0_OutStart
 .text.USB_CoreReset
                0x0000000008009eb4       0x62 ./Drivers/STM32F4xx_HAL_Driver/Src/stm32f4xx_ll_usb.o
 *fill*         0x0000000008009f16        0x2 
 .text.USBD_CDC_Init
                0x0000000008009f18      0x1f0 ./Middlewares/ST/STM32_USB_Device_Library/Class/CDC/Src/usbd_cdc.o
 .text.USBD_CDC_DeInit
                0x000000000800a108      0x104 ./Middlewares/ST/STM32_USB_Device_Library/Class/CDC/Src/usbd_cdc.o
 .text.USBD_CDC_Setup
                0x000000000800a20c      0x1b8 ./Middlewares/ST/STM32_USB_Device_Library/Class/CDC/Src/usbd_cdc.o
 .text.USBD_CDC_DataIn
                0x000000000800a3c4       0xfe ./Middlewares/ST/STM32_USB_Device_Library/Class/CDC/Src/usbd_cdc.o
 .text.USBD_CDC_DataOut
                0x000000000800a4c2       0x70 ./Middlewares/ST/STM32_USB_Device_Library/Class/CDC/Src/usbd_cdc.o
 .text.USBD_CDC_EP0_RxReady
                0x000000000800a532       0x76 ./Middlewares/ST/STM32_USB_Device_Library/Class/CDC/Src/usbd_cdc.o
 .text.USBD_CDC_GetFSCfgDesc
                0x000000000800a5a8       0x70 ./Middlewares/ST/STM32_USB_Device_Library/Class/CDC/Src/usbd_cdc.o
 .text.USBD_CDC_GetHSCfgDesc
                0x000000000800a618       0x70 ./Middlewares/ST/STM32_USB_Device_Library/Class/CDC/Src/usbd_cdc.o
 .text.USBD_CDC_GetOtherSpeedCfgDesc
                0x000000000800a688       0x70 ./Middlewares/ST/STM32_USB_Device_Library/Class/CDC/Src/usbd_cdc.o
 .text.USBD_CDC_GetDeviceQualifierDescriptor
                0x000000000800a6f8       0x20 ./Middlewares/ST/STM32_USB_Device_Library/Class/CDC/Src/usbd_cdc.o
                0x000000000800a6f8                USBD_CDC_GetDeviceQualifierDescriptor
 .text.USBD_CDC_RegisterInterface
                0x000000000800a718       0x34 ./Middlewares/ST/STM32_USB_Device_Library/Class/CDC/Src/usbd_cdc.o
                0x000000000800a718                USBD_CDC_RegisterInterface
 .text.USBD_CDC_SetTxBuffer
                0x000000000800a74c       0x44 ./Middlewares/ST/STM32_USB_Device_Library/Class/CDC/Src/usbd_cdc.o
                0x000000000800a74c                USBD_CDC_SetTxBuffer
 .text.USBD_CDC_SetRxBuffer
                0x000000000800a790       0x3a ./Middlewares/ST/STM32_USB_Device_Library/Class/CDC/Src/usbd_cdc.o
                0x000000000800a790                USBD_CDC_SetRxBuffer
 *fill*         0x000000000800a7ca        0x2 
 .text.USBD_CDC_TransmitPacket
                0x000000000800a7cc       0x80 ./Middlewares/ST/STM32_USB_Device_Library/Class/CDC/Src/usbd_cdc.o
                0x000000000800a7cc                USBD_CDC_TransmitPacket
 .text.USBD_CDC_ReceivePacket
                0x000000000800a84c       0x6c ./Middlewares/ST/STM32_USB_Device_Library/Class/CDC/Src/usbd_cdc.o
                0x000000000800a84c                USBD_CDC_ReceivePacket
 .text.USBD_Init
                0x000000000800a8b8       0x60 ./Middlewares/ST/STM32_USB_Device_Library/Core/Src/usbd_core.o
                0x000000000800a8b8                USBD_Init
 .text.USBD_RegisterClass
                0x000000000800a918       0x6c ./Middlewares/ST/STM32_USB_Device_Library/Core/Src/usbd_core.o
                0x000000000800a918                USBD_RegisterClass
 .text.USBD_Start
                0x000000000800a984       0x18 ./Middlewares/ST/STM32_USB_Device_Library/Core/Src/usbd_core.o
                0x000000000800a984                USBD_Start
 .text.USBD_RunTestMode
                0x000000000800a99c       0x16 ./Middlewares/ST/STM32_USB_Device_Library/Core/Src/usbd_core.o
                0x000000000800a99c                USBD_RunTestMode
 .text.USBD_SetClassConfig
                0x000000000800a9b2       0x38 ./Middlewares/ST/STM32_USB_Device_Library/Core/Src/usbd_core.o
                0x000000000800a9b2                USBD_SetClassConfig
 .text.USBD_ClrClassConfig
                0x000000000800a9ea       0x34 ./Middlewares/ST/STM32_USB_Device_Library/Core/Src/usbd_core.o
                0x000000000800a9ea                USBD_ClrClassConfig
 .text.USBD_LL_SetupStage
                0x000000000800aa1e       0xaa ./Middlewares/ST/STM32_USB_Device_Library/Core/Src/usbd_core.o
                0x000000000800aa1e                USBD_LL_SetupStage
 .text.USBD_LL_DataOutStage
                0x000000000800aac8      0x166 ./Middlewares/ST/STM32_USB_Device_Library/Core/Src/usbd_core.o
                0x000000000800aac8                USBD_LL_DataOutStage
 .text.USBD_LL_DataInStage
                0x000000000800ac2e      0x164 ./Middlewares/ST/STM32_USB_Device_Library/Core/Src/usbd_core.o
                0x000000000800ac2e                USBD_LL_DataInStage
 .text.USBD_LL_Reset
                0x000000000800ad92       0xa4 ./Middlewares/ST/STM32_USB_Device_Library/Core/Src/usbd_core.o
                0x000000000800ad92                USBD_LL_Reset
 .text.USBD_LL_SetSpeed
                0x000000000800ae36       0x20 ./Middlewares/ST/STM32_USB_Device_Library/Core/Src/usbd_core.o
                0x000000000800ae36                USBD_LL_SetSpeed
 .text.USBD_LL_Suspend
                0x000000000800ae56       0x38 ./Middlewares/ST/STM32_USB_Device_Library/Core/Src/usbd_core.o
                0x000000000800ae56                USBD_LL_Suspend
 .text.USBD_LL_Resume
                0x000000000800ae8e       0x30 ./Middlewares/ST/STM32_USB_Device_Library/Core/Src/usbd_core.o
                0x000000000800ae8e                USBD_LL_Resume
 .text.USBD_LL_SOF
                0x000000000800aebe       0x40 ./Middlewares/ST/STM32_USB_Device_Library/Core/Src/usbd_core.o
                0x000000000800aebe                USBD_LL_SOF
 .text.USBD_LL_IsoINIncomplete
                0x000000000800aefe       0x64 ./Middlewares/ST/STM32_USB_Device_Library/Core/Src/usbd_core.o
                0x000000000800aefe                USBD_LL_IsoINIncomplete
 .text.USBD_LL_IsoOUTIncomplete
                0x000000000800af62       0x64 ./Middlewares/ST/STM32_USB_Device_Library/Core/Src/usbd_core.o
                0x000000000800af62                USBD_LL_IsoOUTIncomplete
 .text.USBD_LL_DevConnected
                0x000000000800afc6       0x16 ./Middlewares/ST/STM32_USB_Device_Library/Core/Src/usbd_core.o
                0x000000000800afc6                USBD_LL_DevConnected
 .text.USBD_LL_DevDisconnected
                0x000000000800afdc       0x46 ./Middlewares/ST/STM32_USB_Device_Library/Core/Src/usbd_core.o
                0x000000000800afdc                USBD_LL_DevDisconnected
 .text.USBD_CoreFindIF
                0x000000000800b022       0x1a ./Middlewares/ST/STM32_USB_Device_Library/Core/Src/usbd_core.o
                0x000000000800b022                USBD_CoreFindIF
 .text.USBD_CoreFindEP
                0x000000000800b03c       0x1a ./Middlewares/ST/STM32_USB_Device_Library/Core/Src/usbd_core.o
                0x000000000800b03c                USBD_CoreFindEP
 .text.USBD_GetEpDesc
                0x000000000800b056       0x74 ./Middlewares/ST/STM32_USB_Device_Library/Core/Src/usbd_core.o
                0x000000000800b056                USBD_GetEpDesc
 .text.USBD_GetNextDesc
                0x000000000800b0ca       0x3a ./Middlewares/ST/STM32_USB_Device_Library/Core/Src/usbd_core.o
                0x000000000800b0ca                USBD_GetNextDesc
 .text.SWAPBYTE
                0x000000000800b104       0x3c ./Middlewares/ST/STM32_USB_Device_Library/Core/Src/usbd_ctlreq.o
 .text.USBD_StdDevReq
                0x000000000800b140       0xe4 ./Middlewares/ST/STM32_USB_Device_Library/Core/Src/usbd_ctlreq.o
                0x000000000800b140                USBD_StdDevReq
 .text.USBD_StdItfReq
                0x000000000800b224       0xd8 ./Middlewares/ST/STM32_USB_Device_Library/Core/Src/usbd_ctlreq.o
                0x000000000800b224                USBD_StdItfReq
 .text.USBD_StdEPReq
                0x000000000800b2fc      0x33a ./Middlewares/ST/STM32_USB_Device_Library/Core/Src/usbd_ctlreq.o
                0x000000000800b2fc                USBD_StdEPReq
 *fill*         0x000000000800b636        0x2 
 .text.USBD_GetDescriptor
                0x000000000800b638      0x2d4 ./Middlewares/ST/STM32_USB_Device_Library/Core/Src/usbd_ctlreq.o
 .text.USBD_SetAddress
                0x000000000800b90c       0x88 ./Middlewares/ST/STM32_USB_Device_Library/Core/Src/usbd_ctlreq.o
 .text.USBD_SetConfig
                0x000000000800b994      0x154 ./Middlewares/ST/STM32_USB_Device_Library/Core/Src/usbd_ctlreq.o
 .text.USBD_GetConfig
                0x000000000800bae8       0x6c ./Middlewares/ST/STM32_USB_Device_Library/Core/Src/usbd_ctlreq.o
 .text.USBD_GetStatus
                0x000000000800bb54       0x68 ./Middlewares/ST/STM32_USB_Device_Library/Core/Src/usbd_ctlreq.o
 .text.USBD_SetFeature
                0x000000000800bbbc       0x52 ./Middlewares/ST/STM32_USB_Device_Library/Core/Src/usbd_ctlreq.o
 .text.USBD_ClrFeature
                0x000000000800bc0e       0x44 ./Middlewares/ST/STM32_USB_Device_Library/Core/Src/usbd_ctlreq.o
 .text.USBD_ParseSetupRequest
                0x000000000800bc52       0x74 ./Middlewares/ST/STM32_USB_Device_Library/Core/Src/usbd_ctlreq.o
                0x000000000800bc52                USBD_ParseSetupRequest
 .text.USBD_CtlError
                0x000000000800bcc6       0x22 ./Middlewares/ST/STM32_USB_Device_Library/Core/Src/usbd_ctlreq.o
                0x000000000800bcc6                USBD_CtlError
 .text.USBD_GetString
                0x000000000800bce8       0x8c ./Middlewares/ST/STM32_USB_Device_Library/Core/Src/usbd_ctlreq.o
                0x000000000800bce8                USBD_GetString
 .text.USBD_GetLen
                0x000000000800bd74       0x34 ./Middlewares/ST/STM32_USB_Device_Library/Core/Src/usbd_ctlreq.o
 .text.USBD_CtlSendData
                0x000000000800bda8       0x36 ./Middlewares/ST/STM32_USB_Device_Library/Core/Src/usbd_ioreq.o
                0x000000000800bda8                USBD_CtlSendData
 .text.USBD_CtlContinueSendData
                0x000000000800bdde       0x22 ./Middlewares/ST/STM32_USB_Device_Library/Core/Src/usbd_ioreq.o
                0x000000000800bdde                USBD_CtlContinueSendData
 .text.USBD_CtlPrepareRx
                0x000000000800be00       0x3a ./Middlewares/ST/STM32_USB_Device_Library/Core/Src/usbd_ioreq.o
                0x000000000800be00                USBD_CtlPrepareRx
 .text.USBD_CtlContinueRx
                0x000000000800be3a       0x22 ./Middlewares/ST/STM32_USB_Device_Library/Core/Src/usbd_ioreq.o
                0x000000000800be3a                USBD_CtlContinueRx
 .text.USBD_CtlSendStatus
                0x000000000800be5c       0x26 ./Middlewares/ST/STM32_USB_Device_Library/Core/Src/usbd_ioreq.o
                0x000000000800be5c                USBD_CtlSendStatus
 .text.USBD_CtlReceiveStatus
                0x000000000800be82       0x26 ./Middlewares/ST/STM32_USB_Device_Library/Core/Src/usbd_ioreq.o
                0x000000000800be82                USBD_CtlReceiveStatus
 .text.MX_USB_DEVICE_Init
                0x000000000800bea8       0x60 ./USB_DEVICE/App/usb_device.o
                0x000000000800bea8                MX_USB_DEVICE_Init
 .text.CDC_Init_FS
                0x000000000800bf08       0x28 ./USB_DEVICE/App/usbd_cdc_if.o
 .text.CDC_DeInit_FS
                0x000000000800bf30       0x10 ./USB_DEVICE/App/usbd_cdc_if.o
 .text.CDC_Control_FS
                0x000000000800bf40       0xbc ./USB_DEVICE/App/usbd_cdc_if.o
 .text.CDC_Receive_FS
                0x000000000800bffc       0x34 ./USB_DEVICE/App/usbd_cdc_if.o
 .text.CDC_Transmit_FS
                0x000000000800c030       0x4c ./USB_DEVICE/App/usbd_cdc_if.o
                0x000000000800c030                CDC_Transmit_FS
 .text.CDC_TransmitCplt_FS
                0x000000000800c07c       0x22 ./USB_DEVICE/App/usbd_cdc_if.o
 *fill*         0x000000000800c09e        0x2 
 .text.USBD_FS_DeviceDescriptor
                0x000000000800c0a0       0x24 ./USB_DEVICE/App/usbd_desc.o
                0x000000000800c0a0                USBD_FS_DeviceDescriptor
 .text.USBD_FS_LangIDStrDescriptor
                0x000000000800c0c4       0x24 ./USB_DEVICE/App/usbd_desc.o
                0x000000000800c0c4                USBD_FS_LangIDStrDescriptor
 .text.USBD_FS_ProductStrDescriptor
                0x000000000800c0e8       0x3c ./USB_DEVICE/App/usbd_desc.o
                0x000000000800c0e8                USBD_FS_ProductStrDescriptor
 .text.USBD_FS_ManufacturerStrDescriptor
                0x000000000800c124       0x28 ./USB_DEVICE/App/usbd_desc.o
                0x000000000800c124                USBD_FS_ManufacturerStrDescriptor
 .text.USBD_FS_SerialStrDescriptor
                0x000000000800c14c       0x24 ./USB_DEVICE/App/usbd_desc.o
                0x000000000800c14c                USBD_FS_SerialStrDescriptor
 .text.USBD_FS_ConfigStrDescriptor
                0x000000000800c170       0x3c ./USB_DEVICE/App/usbd_desc.o
                0x000000000800c170                USBD_FS_ConfigStrDescriptor
 .text.USBD_FS_InterfaceStrDescriptor
                0x000000000800c1ac       0x3c ./USB_DEVICE/App/usbd_desc.o
                0x000000000800c1ac                USBD_FS_InterfaceStrDescriptor
 .text.Get_SerialNum
                0x000000000800c1e8       0x58 ./USB_DEVICE/App/usbd_desc.o
 .text.IntToUnicode
                0x000000000800c240       0x7e ./USB_DEVICE/App/usbd_desc.o
 *fill*         0x000000000800c2be        0x2 
 .text.HAL_PCD_MspInit
                0x000000000800c2c0       0xa8 ./USB_DEVICE/Target/usbd_conf.o
                0x000000000800c2c0                HAL_PCD_MspInit
 .text.HAL_PCD_SetupStageCallback
                0x000000000800c368       0x24 ./USB_DEVICE/Target/usbd_conf.o
                0x000000000800c368                HAL_PCD_SetupStageCallback
 .text.HAL_PCD_DataOutStageCallback
                0x000000000800c38c       0x36 ./USB_DEVICE/Target/usbd_conf.o
                0x000000000800c38c                HAL_PCD_DataOutStageCallback
 .text.HAL_PCD_DataInStageCallback
                0x000000000800c3c2       0x34 ./USB_DEVICE/Target/usbd_conf.o
                0x000000000800c3c2                HAL_PCD_DataInStageCallback
 .text.HAL_PCD_SOFCallback
                0x000000000800c3f6       0x1c ./USB_DEVICE/Target/usbd_conf.o
                0x000000000800c3f6                HAL_PCD_SOFCallback
 .text.HAL_PCD_ResetCallback
                0x000000000800c412       0x50 ./USB_DEVICE/Target/usbd_conf.o
                0x000000000800c412                HAL_PCD_ResetCallback
 *fill*         0x000000000800c462        0x2 
 .text.HAL_PCD_SuspendCallback
                0x000000000800c464       0x4c ./USB_DEVICE/Target/usbd_conf.o
                0x000000000800c464                HAL_PCD_SuspendCallback
 .text.HAL_PCD_ResumeCallback
                0x000000000800c4b0       0x1c ./USB_DEVICE/Target/usbd_conf.o
                0x000000000800c4b0                HAL_PCD_ResumeCallback
 .text.HAL_PCD_ISOOUTIncompleteCallback
                0x000000000800c4cc       0x24 ./USB_DEVICE/Target/usbd_conf.o
                0x000000000800c4cc                HAL_PCD_ISOOUTIncompleteCallback
 .text.HAL_PCD_ISOINIncompleteCallback
                0x000000000800c4f0       0x24 ./USB_DEVICE/Target/usbd_conf.o
                0x000000000800c4f0                HAL_PCD_ISOINIncompleteCallback
 .text.HAL_PCD_ConnectCallback
                0x000000000800c514       0x1c ./USB_DEVICE/Target/usbd_conf.o
                0x000000000800c514                HAL_PCD_ConnectCallback
 .text.HAL_PCD_DisconnectCallback
                0x000000000800c530       0x1c ./USB_DEVICE/Target/usbd_conf.o
                0x000000000800c530                HAL_PCD_DisconnectCallback
 .text.USBD_LL_Init
                0x000000000800c54c       0x98 ./USB_DEVICE/Target/usbd_conf.o
                0x000000000800c54c                USBD_LL_Init
 .text.USBD_LL_Start
                0x000000000800c5e4       0x36 ./USB_DEVICE/Target/usbd_conf.o
                0x000000000800c5e4                USBD_LL_Start
 .text.USBD_LL_OpenEP
                0x000000000800c61a       0x4c ./USB_DEVICE/Target/usbd_conf.o
                0x000000000800c61a                USBD_LL_OpenEP
 .text.USBD_LL_CloseEP
                0x000000000800c666       0x3e ./USB_DEVICE/Target/usbd_conf.o
                0x000000000800c666                USBD_LL_CloseEP
 .text.USBD_LL_StallEP
                0x000000000800c6a4       0x3e ./USB_DEVICE/Target/usbd_conf.o
                0x000000000800c6a4                USBD_LL_StallEP
 .text.USBD_LL_ClearStallEP
                0x000000000800c6e2       0x3e ./USB_DEVICE/Target/usbd_conf.o
                0x000000000800c6e2                USBD_LL_ClearStallEP
 .text.USBD_LL_IsStallEP
                0x000000000800c720       0x58 ./USB_DEVICE/Target/usbd_conf.o
                0x000000000800c720                USBD_LL_IsStallEP
 .text.USBD_LL_SetUSBAddress
                0x000000000800c778       0x3e ./USB_DEVICE/Target/usbd_conf.o
                0x000000000800c778                USBD_LL_SetUSBAddress
 .text.USBD_LL_Transmit
                0x000000000800c7b6       0x42 ./USB_DEVICE/Target/usbd_conf.o
                0x000000000800c7b6                USBD_LL_Transmit
 .text.USBD_LL_PrepareReceive
                0x000000000800c7f8       0x42 ./USB_DEVICE/Target/usbd_conf.o
                0x000000000800c7f8                USBD_LL_PrepareReceive
 .text.USBD_LL_GetRxDataSize
                0x000000000800c83a       0x26 ./USB_DEVICE/Target/usbd_conf.o
                0x000000000800c83a                USBD_LL_GetRxDataSize
 .text.USBD_static_malloc
                0x000000000800c860       0x1c ./USB_DEVICE/Target/usbd_conf.o
                0x000000000800c860                USBD_static_malloc
 .text.USBD_static_free
                0x000000000800c87c       0x14 ./USB_DEVICE/Target/usbd_conf.o
                0x000000000800c87c                USBD_static_free
 .text.USBD_Get_USB_Status
                0x000000000800c890       0x58 ./USB_DEVICE/Target/usbd_conf.o
                0x000000000800c890                USBD_Get_USB_Status
 .text.__itoa   0x000000000800c8e8       0x30 C:/ST/STM32CubeIDE_1.14.1/STM32CubeIDE/plugins/com.st.stm32cube.ide.mcu.externaltools.gnu-tools-for-stm32.11.3.rel1.win32_1.1.100.202309141235/tools/bin/../lib/gcc/arm-none-eabi/11.3.1/../../../../arm-none-eabi/lib/thumb/v7e-m+fp/hard\libc_nano.a(libc_a-itoa.o)
                0x000000000800c8e8                __itoa
 .text.itoa     0x000000000800c918        0x4 C:/ST/STM32CubeIDE_1.14.1/STM32CubeIDE/plugins/com.st.stm32cube.ide.mcu.externaltools.gnu-tools-for-stm32.11.3.rel1.win32_1.1.100.202309141235/tools/bin/../lib/gcc/arm-none-eabi/11.3.1/../../../../arm-none-eabi/lib/thumb/v7e-m+fp/hard\libc_nano.a(libc_a-itoa.o)
                0x000000000800c918                itoa
 .text.__utoa   0x000000000800c91c       0x84 C:/ST/STM32CubeIDE_1.14.1/STM32CubeIDE/plugins/com.st.stm32cube.ide.mcu.externaltools.gnu-tools-for-stm32.11.3.rel1.win32_1.1.100.202309141235/tools/bin/../lib/gcc/arm-none-eabi/11.3.1/../../../../arm-none-eabi/lib/thumb/v7e-m+fp/hard\libc_nano.a(libc_a-utoa.o)
                0x000000000800c91c                __utoa
 .text.std      0x000000000800c9a0       0x6c C:/ST/STM32CubeIDE_1.14.1/STM32CubeIDE/plugins/com.st.stm32cube.ide.mcu.externaltools.gnu-tools-for-stm32.11.3.rel1.win32_1.1.100.202309141235/tools/bin/../lib/gcc/arm-none-eabi/11.3.1/../../../../arm-none-eabi/lib/thumb/v7e-m+fp/hard\libc_nano.a(libc_a-findfp.o)
 .text.stdio_exit_handler
                0x000000000800ca0c       0x18 C:/ST/STM32CubeIDE_1.14.1/STM32CubeIDE/plugins/com.st.stm32cube.ide.mcu.externaltools.gnu-tools-for-stm32.11.3.rel1.win32_1.1.100.202309141235/tools/bin/../lib/gcc/arm-none-eabi/11.3.1/../../../../arm-none-eabi/lib/thumb/v7e-m+fp/hard\libc_nano.a(libc_a-findfp.o)
 .text.cleanup_stdio
                0x000000000800ca24       0x40 C:/ST/STM32CubeIDE_1.14.1/STM32CubeIDE/plugins/com.st.stm32cube.ide.mcu.externaltools.gnu-tools-for-stm32.11.3.rel1.win32_1.1.100.202309141235/tools/bin/../lib/gcc/arm-none-eabi/11.3.1/../../../../arm-none-eabi/lib/thumb/v7e-m+fp/hard\libc_nano.a(libc_a-findfp.o)
 .text.global_stdio_init.part.0
                0x000000000800ca64       0x3c C:/ST/STM32CubeIDE_1.14.1/STM32CubeIDE/plugins/com.st.stm32cube.ide.mcu.externaltools.gnu-tools-for-stm32.11.3.rel1.win32_1.1.100.202309141235/tools/bin/../lib/gcc/arm-none-eabi/11.3.1/../../../../arm-none-eabi/lib/thumb/v7e-m+fp/hard\libc_nano.a(libc_a-findfp.o)
 .text.__sfp_lock_acquire
                0x000000000800caa0        0xc C:/ST/STM32CubeIDE_1.14.1/STM32CubeIDE/plugins/com.st.stm32cube.ide.mcu.externaltools.gnu-tools-for-stm32.11.3.rel1.win32_1.1.100.202309141235/tools/bin/../lib/gcc/arm-none-eabi/11.3.1/../../../../arm-none-eabi/lib/thumb/v7e-m+fp/hard\libc_nano.a(libc_a-findfp.o)
                0x000000000800caa0                __sfp_lock_acquire
 .text.__sfp_lock_release
                0x000000000800caac        0xc C:/ST/STM32CubeIDE_1.14.1/STM32CubeIDE/plugins/com.st.stm32cube.ide.mcu.externaltools.gnu-tools-for-stm32.11.3.rel1.win32_1.1.100.202309141235/tools/bin/../lib/gcc/arm-none-eabi/11.3.1/../../../../arm-none-eabi/lib/thumb/v7e-m+fp/hard\libc_nano.a(libc_a-findfp.o)
                0x000000000800caac                __sfp_lock_release
 .text.__sinit  0x000000000800cab8       0x30 C:/ST/STM32CubeIDE_1.14.1/STM32CubeIDE/plugins/com.st.stm32cube.ide.mcu.externaltools.gnu-tools-for-stm32.11.3.rel1.win32_1.1.100.202309141235/tools/bin/../lib/gcc/arm-none-eabi/11.3.1/../../../../arm-none-eabi/lib/thumb/v7e-m+fp/hard\libc_nano.a(libc_a-findfp.o)
                0x000000000800cab8                __sinit
 .text._fwalk_sglue
                0x000000000800cae8       0x3c C:/ST/STM32CubeIDE_1.14.1/STM32CubeIDE/plugins/com.st.stm32cube.ide.mcu.externaltools.gnu-tools-for-stm32.11.3.rel1.win32_1.1.100.202309141235/tools/bin/../lib/gcc/arm-none-eabi/11.3.1/../../../../arm-none-eabi/lib/thumb/v7e-m+fp/hard\libc_nano.a(libc_a-fwalk.o)
                0x000000000800cae8                _fwalk_sglue
 .text.printf   0x000000000800cb24       0x24 C:/ST/STM32CubeIDE_1.14.1/STM32CubeIDE/plugins/com.st.stm32cube.ide.mcu.externaltools.gnu-tools-for-stm32.11.3.rel1.win32_1.1.100.202309141235/tools/bin/../lib/gcc/arm-none-eabi/11.3.1/../../../../arm-none-eabi/lib/thumb/v7e-m+fp/hard\libc_nano.a(libc_a-printf.o)
                0x000000000800cb24                iprintf
                0x000000000800cb24                printf
 .text.putchar  0x000000000800cb48       0x10 C:/ST/STM32CubeIDE_1.14.1/STM32CubeIDE/plugins/com.st.stm32cube.ide.mcu.externaltools.gnu-tools-for-stm32.11.3.rel1.win32_1.1.100.202309141235/tools/bin/../lib/gcc/arm-none-eabi/11.3.1/../../../../arm-none-eabi/lib/thumb/v7e-m+fp/hard\libc_nano.a(libc_a-putchar.o)
                0x000000000800cb48                putchar
 .text._puts_r  0x000000000800cb58       0xa8 C:/ST/STM32CubeIDE_1.14.1/STM32CubeIDE/plugins/com.st.stm32cube.ide.mcu.externaltools.gnu-tools-for-stm32.11.3.rel1.win32_1.1.100.202309141235/tools/bin/../lib/gcc/arm-none-eabi/11.3.1/../../../../arm-none-eabi/lib/thumb/v7e-m+fp/hard\libc_nano.a(libc_a-puts.o)
                0x000000000800cb58                _puts_r
 .text.puts     0x000000000800cc00       0x10 C:/ST/STM32CubeIDE_1.14.1/STM32CubeIDE/plugins/com.st.stm32cube.ide.mcu.externaltools.gnu-tools-for-stm32.11.3.rel1.win32_1.1.100.202309141235/tools/bin/../lib/gcc/arm-none-eabi/11.3.1/../../../../arm-none-eabi/lib/thumb/v7e-m+fp/hard\libc_nano.a(libc_a-puts.o)
                0x000000000800cc00                puts
 .text.__sread  0x000000000800cc10       0x22 C:/ST/STM32CubeIDE_1.14.1/STM32CubeIDE/plugins/com.st.stm32cube.ide.mcu.externaltools.gnu-tools-for-stm32.11.3.rel1.win32_1.1.100.202309141235/tools/bin/../lib/gcc/arm-none-eabi/11.3.1/../../../../arm-none-eabi/lib/thumb/v7e-m+fp/hard\libc_nano.a(libc_a-stdio.o)
                0x000000000800cc10                __sread
 .text.__swrite
                0x000000000800cc32       0x38 C:/ST/STM32CubeIDE_1.14.1/STM32CubeIDE/plugins/com.st.stm32cube.ide.mcu.externaltools.gnu-tools-for-stm32.11.3.rel1.win32_1.1.100.202309141235/tools/bin/../lib/gcc/arm-none-eabi/11.3.1/../../../../arm-none-eabi/lib/thumb/v7e-m+fp/hard\libc_nano.a(libc_a-stdio.o)
                0x000000000800cc32                __swrite
 .text.__sseek  0x000000000800cc6a       0x24 C:/ST/STM32CubeIDE_1.14.1/STM32CubeIDE/plugins/com.st.stm32cube.ide.mcu.externaltools.gnu-tools-for-stm32.11.3.rel1.win32_1.1.100.202309141235/tools/bin/../lib/gcc/arm-none-eabi/11.3.1/../../../../arm-none-eabi/lib/thumb/v7e-m+fp/hard\libc_nano.a(libc_a-stdio.o)
                0x000000000800cc6a                __sseek
 .text.__sclose
                0x000000000800cc8e        0x8 C:/ST/STM32CubeIDE_1.14.1/STM32CubeIDE/plugins/com.st.stm32cube.ide.mcu.externaltools.gnu-tools-for-stm32.11.3.rel1.win32_1.1.100.202309141235/tools/bin/../lib/gcc/arm-none-eabi/11.3.1/../../../../arm-none-eabi/lib/thumb/v7e-m+fp/hard\libc_nano.a(libc_a-stdio.o)
                0x000000000800cc8e                __sclose
 .text.__swbuf_r
                0x000000000800cc96       0x7a C:/ST/STM32CubeIDE_1.14.1/STM32CubeIDE/plugins/com.st.stm32cube.ide.mcu.externaltools.gnu-tools-for-stm32.11.3.rel1.win32_1.1.100.202309141235/tools/bin/../lib/gcc/arm-none-eabi/11.3.1/../../../../arm-none-eabi/lib/thumb/v7e-m+fp/hard\libc_nano.a(libc_a-wbuf.o)
                0x000000000800cc96                __swbuf_r
 .text.__swsetup_r
                0x000000000800cd10       0xb0 C:/ST/STM32CubeIDE_1.14.1/STM32CubeIDE/plugins/com.st.stm32cube.ide.mcu.externaltools.gnu-tools-for-stm32.11.3.rel1.win32_1.1.100.202309141235/tools/bin/../lib/gcc/arm-none-eabi/11.3.1/../../../../arm-none-eabi/lib/thumb/v7e-m+fp/hard\libc_nano.a(libc_a-wsetup.o)
                0x000000000800cd10                __swsetup_r
 .text.memcmp   0x000000000800cdc0       0x20 C:/ST/STM32CubeIDE_1.14.1/STM32CubeIDE/plugins/com.st.stm32cube.ide.mcu.externaltools.gnu-tools-for-stm32.11.3.rel1.win32_1.1.100.202309141235/tools/bin/../lib/gcc/arm-none-eabi/11.3.1/../../../../arm-none-eabi/lib/thumb/v7e-m+fp/hard\libc_nano.a(libc_a-memcmp.o)
                0x000000000800cdc0                memcmp
 .text.memset   0x000000000800cde0       0x10 C:/ST/STM32CubeIDE_1.14.1/STM32CubeIDE/plugins/com.st.stm32cube.ide.mcu.externaltools.gnu-tools-for-stm32.11.3.rel1.win32_1.1.100.202309141235/tools/bin/../lib/gcc/arm-none-eabi/11.3.1/../../../../arm-none-eabi/lib/thumb/v7e-m+fp/hard\libc_nano.a(libc_a-memset.o)
                0x000000000800cde0                memset
 .text._close_r
                0x000000000800cdf0       0x20 C:/ST/STM32CubeIDE_1.14.1/STM32CubeIDE/plugins/com.st.stm32cube.ide.mcu.externaltools.gnu-tools-for-stm32.11.3.rel1.win32_1.1.100.202309141235/tools/bin/../lib/gcc/arm-none-eabi/11.3.1/../../../../arm-none-eabi/lib/thumb/v7e-m+fp/hard\libc_nano.a(libc_a-closer.o)
                0x000000000800cdf0                _close_r
 .text._lseek_r
                0x000000000800ce10       0x24 C:/ST/STM32CubeIDE_1.14.1/STM32CubeIDE/plugins/com.st.stm32cube.ide.mcu.externaltools.gnu-tools-for-stm32.11.3.rel1.win32_1.1.100.202309141235/tools/bin/../lib/gcc/arm-none-eabi/11.3.1/../../../../arm-none-eabi/lib/thumb/v7e-m+fp/hard\libc_nano.a(libc_a-lseekr.o)
                0x000000000800ce10                _lseek_r
 .text._read_r  0x000000000800ce34       0x24 C:/ST/STM32CubeIDE_1.14.1/STM32CubeIDE/plugins/com.st.stm32cube.ide.mcu.externaltools.gnu-tools-for-stm32.11.3.rel1.win32_1.1.100.202309141235/tools/bin/../lib/gcc/arm-none-eabi/11.3.1/../../../../arm-none-eabi/lib/thumb/v7e-m+fp/hard\libc_nano.a(libc_a-readr.o)
                0x000000000800ce34                _read_r
 .text._write_r
                0x000000000800ce58       0x24 C:/ST/STM32CubeIDE_1.14.1/STM32CubeIDE/plugins/com.st.stm32cube.ide.mcu.externaltools.gnu-tools-for-stm32.11.3.rel1.win32_1.1.100.202309141235/tools/bin/../lib/gcc/arm-none-eabi/11.3.1/../../../../arm-none-eabi/lib/thumb/v7e-m+fp/hard\libc_nano.a(libc_a-writer.o)
                0x000000000800ce58                _write_r
 .text.__errno  0x000000000800ce7c        0xc C:/ST/STM32CubeIDE_1.14.1/STM32CubeIDE/plugins/com.st.stm32cube.ide.mcu.externaltools.gnu-tools-for-stm32.11.3.rel1.win32_1.1.100.202309141235/tools/bin/../lib/gcc/arm-none-eabi/11.3.1/../../../../arm-none-eabi/lib/thumb/v7e-m+fp/hard\libc_nano.a(libc_a-errno.o)
                0x000000000800ce7c                __errno
 .text.__libc_init_array
                0x000000000800ce88       0x48 C:/ST/STM32CubeIDE_1.14.1/STM32CubeIDE/plugins/com.st.stm32cube.ide.mcu.externaltools.gnu-tools-for-stm32.11.3.rel1.win32_1.1.100.202309141235/tools/bin/../lib/gcc/arm-none-eabi/11.3.1/../../../../arm-none-eabi/lib/thumb/v7e-m+fp/hard\libc_nano.a(libc_a-init.o)
                0x000000000800ce88                __libc_init_array
 .text.__retarget_lock_init_recursive
                0x000000000800ced0        0x2 C:/ST/STM32CubeIDE_1.14.1/STM32CubeIDE/plugins/com.st.stm32cube.ide.mcu.externaltools.gnu-tools-for-stm32.11.3.rel1.win32_1.1.100.202309141235/tools/bin/../lib/gcc/arm-none-eabi/11.3.1/../../../../arm-none-eabi/lib/thumb/v7e-m+fp/hard\libc_nano.a(libc_a-lock.o)
                0x000000000800ced0                __retarget_lock_init_recursive
 .text.__retarget_lock_acquire_recursive
                0x000000000800ced2        0x2 C:/ST/STM32CubeIDE_1.14.1/STM32CubeIDE/plugins/com.st.stm32cube.ide.mcu.externaltools.gnu-tools-for-stm32.11.3.rel1.win32_1.1.100.202309141235/tools/bin/../lib/gcc/arm-none-eabi/11.3.1/../../../../arm-none-eabi/lib/thumb/v7e-m+fp/hard\libc_nano.a(libc_a-lock.o)
                0x000000000800ced2                __retarget_lock_acquire_recursive
 .text.__retarget_lock_release_recursive
                0x000000000800ced4        0x2 C:/ST/STM32CubeIDE_1.14.1/STM32CubeIDE/plugins/com.st.stm32cube.ide.mcu.externaltools.gnu-tools-for-stm32.11.3.rel1.win32_1.1.100.202309141235/tools/bin/../lib/gcc/arm-none-eabi/11.3.1/../../../../arm-none-eabi/lib/thumb/v7e-m+fp/hard\libc_nano.a(libc_a-lock.o)
                0x000000000800ced4                __retarget_lock_release_recursive
 .text.__aeabi_memcpy
                0x000000000800ced6        0x4 C:/ST/STM32CubeIDE_1.14.1/STM32CubeIDE/plugins/com.st.stm32cube.ide.mcu.externaltools.gnu-tools-for-stm32.11.3.rel1.win32_1.1.100.202309141235/tools/bin/../lib/gcc/arm-none-eabi/11.3.1/../../../../arm-none-eabi/lib/thumb/v7e-m+fp/hard\libc_nano.a(libc_a-aeabi_memcpy.o)
                0x000000000800ced6                __aeabi_memcpy4
                0x000000000800ced6                __aeabi_memcpy8
                0x000000000800ced6                __aeabi_memcpy
 .text.__aeabi_memclr
                0x000000000800ceda        0x6 C:/ST/STM32CubeIDE_1.14.1/STM32CubeIDE/plugins/com.st.stm32cube.ide.mcu.externaltools.gnu-tools-for-stm32.11.3.rel1.win32_1.1.100.202309141235/tools/bin/../lib/gcc/arm-none-eabi/11.3.1/../../../../arm-none-eabi/lib/thumb/v7e-m+fp/hard\libc_nano.a(libc_a-aeabi_memclr.o)
                0x000000000800ceda                __aeabi_memclr
                0x000000000800ceda                __aeabi_memclr4
                0x000000000800ceda                __aeabi_memclr8
 .text.memcpy   0x000000000800cee0       0x1c C:/ST/STM32CubeIDE_1.14.1/STM32CubeIDE/plugins/com.st.stm32cube.ide.mcu.externaltools.gnu-tools-for-stm32.11.3.rel1.win32_1.1.100.202309141235/tools/bin/../lib/gcc/arm-none-eabi/11.3.1/../../../../arm-none-eabi/lib/thumb/v7e-m+fp/hard\libc_nano.a(libc_a-memcpy-stub.o)
                0x000000000800cee0                memcpy
 .text._free_r  0x000000000800cefc       0x98 C:/ST/STM32CubeIDE_1.14.1/STM32CubeIDE/plugins/com.st.stm32cube.ide.mcu.externaltools.gnu-tools-for-stm32.11.3.rel1.win32_1.1.100.202309141235/tools/bin/../lib/gcc/arm-none-eabi/11.3.1/../../../../arm-none-eabi/lib/thumb/v7e-m+fp/hard\libc_nano.a(libc_a-freer.o)
                0x000000000800cefc                _free_r
 .text.sbrk_aligned
                0x000000000800cf94       0x40 C:/ST/STM32CubeIDE_1.14.1/STM32CubeIDE/plugins/com.st.stm32cube.ide.mcu.externaltools.gnu-tools-for-stm32.11.3.rel1.win32_1.1.100.202309141235/tools/bin/../lib/gcc/arm-none-eabi/11.3.1/../../../../arm-none-eabi/lib/thumb/v7e-m+fp/hard\libc_nano.a(libc_a-mallocr.o)
 .text._malloc_r
                0x000000000800cfd4      0x100 C:/ST/STM32CubeIDE_1.14.1/STM32CubeIDE/plugins/com.st.stm32cube.ide.mcu.externaltools.gnu-tools-for-stm32.11.3.rel1.win32_1.1.100.202309141235/tools/bin/../lib/gcc/arm-none-eabi/11.3.1/../../../../arm-none-eabi/lib/thumb/v7e-m+fp/hard\libc_nano.a(libc_a-mallocr.o)
                0x000000000800cfd4                _malloc_r
 .text.__malloc_lock
                0x000000000800d0d4        0xc C:/ST/STM32CubeIDE_1.14.1/STM32CubeIDE/plugins/com.st.stm32cube.ide.mcu.externaltools.gnu-tools-for-stm32.11.3.rel1.win32_1.1.100.202309141235/tools/bin/../lib/gcc/arm-none-eabi/11.3.1/../../../../arm-none-eabi/lib/thumb/v7e-m+fp/hard\libc_nano.a(libc_a-mlock.o)
                0x000000000800d0d4                __malloc_lock
 .text.__malloc_unlock
                0x000000000800d0e0        0xc C:/ST/STM32CubeIDE_1.14.1/STM32CubeIDE/plugins/com.st.stm32cube.ide.mcu.externaltools.gnu-tools-for-stm32.11.3.rel1.win32_1.1.100.202309141235/tools/bin/../lib/gcc/arm-none-eabi/11.3.1/../../../../arm-none-eabi/lib/thumb/v7e-m+fp/hard\libc_nano.a(libc_a-mlock.o)
                0x000000000800d0e0                __malloc_unlock
 .text.__sfputc_r
                0x000000000800d0ec       0x2e C:/ST/STM32CubeIDE_1.14.1/STM32CubeIDE/plugins/com.st.stm32cube.ide.mcu.externaltools.gnu-tools-for-stm32.11.3.rel1.win32_1.1.100.202309141235/tools/bin/../lib/gcc/arm-none-eabi/11.3.1/../../../../arm-none-eabi/lib/thumb/v7e-m+fp/hard\libc_nano.a(libc_a-nano-vfprintf.o)
 .text.__sfputs_r
                0x000000000800d11a       0x24 C:/ST/STM32CubeIDE_1.14.1/STM32CubeIDE/plugins/com.st.stm32cube.ide.mcu.externaltools.gnu-tools-for-stm32.11.3.rel1.win32_1.1.100.202309141235/tools/bin/../lib/gcc/arm-none-eabi/11.3.1/../../../../arm-none-eabi/lib/thumb/v7e-m+fp/hard\libc_nano.a(libc_a-nano-vfprintf.o)
                0x000000000800d11a                __sfputs_r
 *fill*         0x000000000800d13e        0x2 
 .text._vfprintf_r
                0x000000000800d140      0x234 C:/ST/STM32CubeIDE_1.14.1/STM32CubeIDE/plugins/com.st.stm32cube.ide.mcu.externaltools.gnu-tools-for-stm32.11.3.rel1.win32_1.1.100.202309141235/tools/bin/../lib/gcc/arm-none-eabi/11.3.1/../../../../arm-none-eabi/lib/thumb/v7e-m+fp/hard\libc_nano.a(libc_a-nano-vfprintf.o)
                0x000000000800d140                _vfprintf_r
                0x000000000800d140                _vfiprintf_r
 .text._printf_common
                0x000000000800d374       0xda C:/ST/STM32CubeIDE_1.14.1/STM32CubeIDE/plugins/com.st.stm32cube.ide.mcu.externaltools.gnu-tools-for-stm32.11.3.rel1.win32_1.1.100.202309141235/tools/bin/../lib/gcc/arm-none-eabi/11.3.1/../../../../arm-none-eabi/lib/thumb/v7e-m+fp/hard\libc_nano.a(libc_a-nano-vfprintf_i.o)
                0x000000000800d374                _printf_common
 *fill*         0x000000000800d44e        0x2 
 .text._printf_i
                0x000000000800d450      0x244 C:/ST/STM32CubeIDE_1.14.1/STM32CubeIDE/plugins/com.st.stm32cube.ide.mcu.externaltools.gnu-tools-for-stm32.11.3.rel1.win32_1.1.100.202309141235/tools/bin/../lib/gcc/arm-none-eabi/11.3.1/../../../../arm-none-eabi/lib/thumb/v7e-m+fp/hard\libc_nano.a(libc_a-nano-vfprintf_i.o)
                0x000000000800d450                _printf_i
 .text.__sflush_r
                0x000000000800d694      0x10c C:/ST/STM32CubeIDE_1.14.1/STM32CubeIDE/plugins/com.st.stm32cube.ide.mcu.externaltools.gnu-tools-for-stm32.11.3.rel1.win32_1.1.100.202309141235/tools/bin/../lib/gcc/arm-none-eabi/11.3.1/../../../../arm-none-eabi/lib/thumb/v7e-m+fp/hard\libc_nano.a(libc_a-fflush.o)
                0x000000000800d694                __sflush_r
 .text._fflush_r