Archive member included to satisfy reference by file (symbol)

C:\Users\saman\Desktop\Cyber\Library\en.STM32CubeExpansion_Crypto\STM32CubeExpansion_Crypto_V4.1.0\Middlewares\ST\STM32_Cryptographic\lib\libSTM32Cryptographic_CM4.a(cmox_hash.c.o)
                              ./Core/Src/main.o (cmox_hash_compute)
C:\Users\saman\Desktop\Cyber\Library\en.STM32CubeExpansion_Crypto\STM32CubeExpansion_Crypto_V4.1.0\Middlewares\ST\STM32_Cryptographic\lib\libSTM32Cryptographic_CM4.a(cmox_init.c.o)
                              ./Core/Src/main.o (cmox_initialize)
C:\Users\saman\Desktop\Cyber\Library\en.STM32CubeExpansion_Crypto\STM32CubeExpansion_Crypto_V4.1.0\Middlewares\ST\STM32_Cryptographic\lib\libSTM32Cryptographic_CM4.a(cmox_sha256.c.o)
                              ./Core/Src/main.o (CMOX_SHA256_ALGO)
C:\Users\saman\Desktop\Cyber\Library\en.STM32CubeExpansion_Crypto\STM32CubeExpansion_Crypto_V4.1.0\Middlewares\ST\STM32_Cryptographic\lib\libSTM32Cryptographic_CM4.a(cmox_sha256_common.c.o)
                              C:\Users\saman\Desktop\Cyber\Library\en.STM32CubeExpansion_Crypto\STM32CubeExpansion_Crypto_V4.1.0\Middlewares\ST\STM32_Cryptographic\lib\libSTM32Cryptographic_CM4.a(cmox_sha256.c.o) (CMOX_MD_SHA256_VTABLE_ST)
C:\Users\saman\Desktop\Cyber\Library\en.STM32CubeExpansion_Crypto\STM32CubeExpansion_Crypto_V4.1.0\Middlewares\ST\STM32_Cryptographic\lib\libSTM32Cryptographic_CM4.a(cmox_md.c.o)
                              C:\Users\saman\Desktop\Cyber\Library\en.STM32CubeExpansion_Crypto\STM32CubeExpansion_Crypto_V4.1.0\Middlewares\ST\STM32_Cryptographic\lib\libSTM32Cryptographic_CM4.a(cmox_sha256.c.o) (cmox_md_append)
C:/ST/STM32CubeIDE_1.14.1/STM32CubeIDE/plugins/com.st.stm32cube.ide.mcu.externaltools.gnu-tools-for-stm32.11.3.rel1.win32_1.1.100.202309141235/tools/bin/../lib/gcc/arm-none-eabi/11.3.1/../../../../arm-none-eabi/lib/thumb/v7e-m+fp/hard\libc_nano.a(libc_a-exit.o)
                              C:/ST/STM32CubeIDE_1.14.1/STM32CubeIDE/plugins/com.st.stm32cube.ide.mcu.externaltools.gnu-tools-for-stm32.11.3.rel1.win32_1.1.100.202309141235/tools/bin/../lib/gcc/arm-none-eabi/11.3.1/../../../../arm-none-eabi/lib/thumb/v7e-m+fp/hard/crt0.o (exit)
C:/ST/STM32CubeIDE_1.14.1/STM32CubeIDE/plugins/com.st.stm32cube.ide.mcu.externaltools.gnu-tools-for-stm32.11.3.rel1.win32_1.1.100.202309141235/tools/bin/../lib/gcc/arm-none-eabi/11.3.1/../../../../arm-none-eabi/lib/thumb/v7e-m+fp/hard\libc_nano.a(libc_a-itoa.o)
                              ./Core/Src/main.o (itoa)
C:/ST/STM32CubeIDE_1.14.1/STM32CubeIDE/plugins/com.st.stm32cube.ide.mcu.externaltools.gnu-tools-for-stm32.11.3.rel1.win32_1.1.100.202309141235/tools/bin/../lib/gcc/arm-none-eabi/11.3.1/../../../../arm-none-eabi/lib/thumb/v7e-m+fp/hard\libc_nano.a(libc_a-utoa.o)
                              C:/ST/STM32CubeIDE_1.14.1/STM32CubeIDE/plugins/com.st.stm32cube.ide.mcu.externaltools.gnu-tools-for-stm32.11.3.rel1.win32_1.1.100.202309141235/tools/bin/../lib/gcc/arm-none-eabi/11.3.1/../../../../arm-none-eabi/lib/thumb/v7e-m+fp/hard\libc_nano.a(libc_a-itoa.o) (__utoa)
C:/ST/STM32CubeIDE_1.14.1/STM32CubeIDE/plugins/com.st.stm32cube.ide.mcu.externaltools.gnu-tools-for-stm32.11.3.rel1.win32_1.1.100.202309141235/tools/bin/../lib/gcc/arm-none-eabi/11.3.1/../../../../arm-none-eabi/lib/thumb/v7e-m+fp/hard\libc_nano.a(libc_a-findfp.o)
                              C:/ST/STM32CubeIDE_1.14.1/STM32CubeIDE/plugins/com.st.stm32cube.ide.mcu.externaltools.gnu-tools-for-stm32.11.3.rel1.win32_1.1.100.202309141235/tools/bin/../lib/gcc/arm-none-eabi/11.3.1/../../../../arm-none-eabi/lib/thumb/v7e-m+fp/hard\libc_nano.a(libc_a-exit.o) (__stdio_exit_handler)
C:/ST/STM32CubeIDE_1.14.1/STM32CubeIDE/plugins/com.st.stm32cube.ide.mcu.externaltools.gnu-tools-for-stm32.11.3.rel1.win32_1.1.100.202309141235/tools/bin/../lib/gcc/arm-none-eabi/11.3.1/../../../../arm-none-eabi/lib/thumb/v7e-m+fp/hard\libc_nano.a(libc_a-fwalk.o)
                              C:/ST/STM32CubeIDE_1.14.1/STM32CubeIDE/plugins/com.st.stm32cube.ide.mcu.externaltools.gnu-tools-for-stm32.11.3.rel1.win32_1.1.100.202309141235/tools/bin/../lib/gcc/arm-none-eabi/11.3.1/../../../../arm-none-eabi/lib/thumb/v7e-m+fp/hard\libc_nano.a(libc_a-findfp.o) (_fwalk_sglue)
C:/ST/STM32CubeIDE_1.14.1/STM32CubeIDE/plugins/com.st.stm32cube.ide.mcu.externaltools.gnu-tools-for-stm32.11.3.rel1.win32_1.1.100.202309141235/tools/bin/../lib/gcc/arm-none-eabi/11.3.1/../../../../arm-none-eabi/lib/thumb/v7e-m+fp/hard\libc_nano.a(libc_a-printf.o)
                              ./Core/Src/main.o (printf)
C:/ST/STM32CubeIDE_1.14.1/STM32CubeIDE/plugins/com.st.stm32cube.ide.mcu.externaltools.gnu-tools-for-stm32.11.3.rel1.win32_1.1.100.202309141235/tools/bin/../lib/gcc/arm-none-eabi/11.3.1/../../../../arm-none-eabi/lib/thumb/v7e-m+fp/hard\libc_nano.a(libc_a-putchar.o)
                              ./Core/Src/main.o (putchar)
[...]
Memory Configuration

Name             Origin             Length             Attributes
CCMRAM           0x0000000010000000 0x0000000000010000 xrw
RAM              0x0000000020000000 0x0000000000020000 xrw
FLASH            0x0000000008000000 0x0000000000100000 xr
*default*        0x0000000000000000 0xffffffffffffffff

Linker script and memory map

LOAD C:/ST/STM32CubeIDE_1.14.1/STM32CubeIDE/plugins/com.st.stm32cube.ide.mcu.externaltools.gnu-tools-for-stm32.11.3.rel1.win32_1.1.100.202309141235/tools/bin/../lib/gcc/arm-none-eabi/11.3.1/thumb/v7e-m+fp/hard/crti.o
LOAD C:/ST/STM32CubeIDE_1.14.1/STM32CubeIDE/plugins/com.st.stm32cube.ide.mcu.externaltools.gnu-tools-for-stm32.11.3.rel1.win32_1.1.100.202309141235/tools/bin/../lib/gcc/arm-none-eabi/11.3.1/thumb/v7e-m+fp/hard/crtbegin.o
LOAD C:/ST/STM32CubeIDE_1.14.1/STM32CubeIDE/plugins/com.st.stm32cube.ide.mcu.externaltools.gnu-tools-for-stm32.11.3.rel1.win32_1.1.100.202309141235/tools/bin/../lib/gcc/arm-none-eabi/11.3.1/../../../../arm-none-eabi/lib/thumb/v7e-m+fp/hard/crt0.o
LOAD ./Core/Src/MY_FLASH.o
LOAD ./Core/Src/cmox_low_level.o
LOAD ./Core/Src/fonts.o
LOAD ./Core/Src/main.o
LOAD ./Core/Src/ssd1306.o
LOAD ./Core/Src/stm32f4xx_hal_msp.o
LOAD ./Core/Src/stm32f4xx_it.o
LOAD ./Core/Src/syscalls.o
LOAD ./Core/Src/sysmem.o
LOAD ./Core/Src/system_stm32f4xx.o
LOAD ./Core/Startup/startup_stm32f407vgtx.o
LOAD ./Drivers/STM32F4xx_HAL_Driver/Src/stm32f4xx_hal.o
LOAD ./Drivers/STM32F4xx_HAL_Driver/Src/stm32f4xx_hal_cortex.o
LOAD ./Drivers/STM32F4xx_HAL_Driver/Src/stm32f4xx_hal_crc.o
LOAD ./Drivers/STM32F4xx_HAL_Driver/Src/stm32f4xx_hal_dma.o
LOAD ./Drivers/STM32F4xx_HAL_Driver/Src/stm32f4xx_hal_dma_ex.o
LOAD ./Drivers/STM32F4xx_HAL_Driver/Src/stm32f4xx_hal_exti.o
LOAD ./Drivers/STM32F4xx_HAL_Driver/Src/stm32f4xx_hal_flash.o
LOAD ./Drivers/STM32F4xx_HAL_Driver/Src/stm32f4xx_hal_flash_ex.o
LOAD ./Drivers/STM32F4xx_HAL_Driver/Src/stm32f4xx_hal_flash_ramfunc.o
LOAD ./Drivers/STM32F4xx_HAL_Driver/Src/stm32f4xx_hal_gpio.o
LOAD ./Drivers/STM32F4xx_HAL_Driver/Src/stm32f4xx_hal_i2c.o
LOAD ./Drivers/STM32F4xx_HAL_Driver/Src/stm32f4xx_hal_i2c_ex.o
LOAD ./Drivers/STM32F4xx_HAL_Driver/Src/stm32f4xx_hal_pcd.o
LOAD ./Drivers/STM32F4xx_HAL_Driver/Src/stm32f4xx_hal_pcd_ex.o
LOAD ./Drivers/STM32F4xx_HAL_Driver/Src/stm32f4xx_hal_pwr.o
LOAD ./Drivers/STM32F4xx_HAL_Driver/Src/stm32f4xx_hal_pwr_ex.o
LOAD ./Drivers/STM32F4xx_HAL_Driver/Src/stm32f4xx_hal_rcc.o
LOAD ./Drivers/STM32F4xx_HAL_Driver/Src/stm32f4xx_hal_rcc_ex.o
LOAD ./Drivers/STM32F4xx_HAL_Driver/Src/stm32f4xx_hal_rng.o
LOAD ./Drivers/STM32F4xx_HAL_Driver/Src/stm32f4xx_hal_tim.o
LOAD ./Drivers/STM32F4xx_HAL_Driver/Src/stm32f4xx_hal_tim_ex.o
LOAD ./Drivers/STM32F4xx_HAL_Driver/Src/stm32f4xx_ll_usb.o
LOAD ./Middlewares/ST/STM32_USB_Device_Library/Class/CDC/Src/usbd_cdc.o
LOAD ./Middlewares/ST/STM32_USB_Device_Library/Core/Src/usbd_core.o
LOAD ./Middlewares/ST/STM32_USB_Device_Library/Core/Src/usbd_ctlreq.o
LOAD ./Middlewares/ST/STM32_USB_Device_Library/Core/Src/usbd_ioreq.o
LOAD ./USB_DEVICE/App/usb_device.o
LOAD ./USB_DEVICE/App/usbd_cdc_if.o
LOAD ./USB_DEVICE/App/usbd_desc.o
LOAD ./USB_DEVICE/Target/usbd_conf.o
LOAD C:\Users\saman\Desktop\Cyber\Library\en.STM32CubeExpansion_Crypto\STM32CubeExpansion_Crypto_V4.1.0\Middlewares\ST\STM32_Cryptographic\lib\libSTM32Cryptographic_CM4.a
START GROUP
LOAD C:/ST/STM32CubeIDE_1.14.1/STM32CubeIDE/plugins/com.st.stm32cube.ide.mcu.externaltools.gnu-tools-for-stm32.11.3.rel1.win32_1.1.100.202309141235/tools/bin/../lib/gcc/arm-none-eabi/11.3.1/../../../../arm-none-eabi/lib/thumb/v7e-m+fp/hard\libc_nano.a
LOAD C:/ST/STM32CubeIDE_1.14.1/STM32CubeIDE/plugins/com.st.stm32cube.ide.mcu.externaltools.gnu-tools-for-stm32.11.3.rel1.win32_1.1.100.202309141235/tools/bin/../lib/gcc/arm-none-eabi/11.3.1/../../../../arm-none-eabi/lib/thumb/v7e-m+fp/hard\libm.a
END GROUP
START GROUP
LOAD C:/ST/STM32CubeIDE_1.14.1/STM32CubeIDE/plugins/com.st.stm32cube.ide.mcu.externaltools.gnu-tools-for-stm32.11.3.rel1.win32_1.1.100.202309141235/tools/bin/../lib/gcc/arm-none-eabi/11.3.1/thumb/v7e-m+fp/hard\libgcc.a
LOAD C:/ST/STM32CubeIDE_1.14.1/STM32CubeIDE/plugins/com.st.stm32cube.ide.mcu.externaltools.gnu-tools-for-stm32.11.3.rel1.win32_1.1.100.202309141235/tools/bin/../lib/gcc/arm-none-eabi/11.3.1/../../../../arm-none-eabi/lib/thumb/v7e-m+fp/hard\libc_nano.a
END GROUP
START GROUP
LOAD C:/ST/STM32CubeIDE_1.14.1/STM32CubeIDE/plugins/com.st.stm32cube.ide.mcu.externaltools.gnu-tools-for-stm32.11.3.rel1.win32_1.1.100.202309141235/tools/bin/../lib/gcc/arm-none-eabi/11.3.1/thumb/v7e-m+fp/hard\libgcc.a
LOAD C:/ST/STM32CubeIDE_1.14.1/STM32CubeIDE/plugins/com.st.stm32cube.ide.mcu.externaltools.gnu-tools-for-stm32.11.3.rel1.win32_1.1.100.202309141235/tools/bin/../lib/gcc/arm-none-eabi/11.3.1/../../../../arm-none-eabi/lib/thumb/v7e-m+fp/hard\libc_nano.a
LOAD C:/ST/STM32CubeIDE_1.14.1/STM32CubeIDE/plugins/com.st.stm32cube.ide.mcu.externaltools.gnu-tools-for-stm32.11.3.rel1.win32_1.1.100.202309141235/tools/bin/../lib/gcc/arm-none-eabi/11.3.1/../../../../arm-none-eabi/lib/thumb/v7e-m+fp/hard\libnosys.a
END GROUP
START GROUP
LOAD C:/ST/STM32CubeIDE_1.14.1/STM32CubeIDE/plugins/com.st.stm32cube.ide.mcu.externaltools.gnu-tools-for-stm32.11.3.rel1.win32_1.1.100.202309141235/tools/bin/../lib/gcc/arm-none-eabi/11.3.1/thumb/v7e-m+fp/hard\libgcc.a
LOAD C:/ST/STM32CubeIDE_1.14.1/STM32CubeIDE/plugins/com.st.stm32cube.ide.mcu.externaltools.gnu-tools-for-stm32.11.3.rel1.win32_1.1.100.202309141235/tools/bin/../lib/gcc/arm-none-eabi/11.3.1/../../../../arm-none-eabi/lib/thumb/v7e-m+fp/hard\libc_nano.a
LOAD C:/ST/STM32CubeIDE_1.14.1/STM32CubeIDE/plugins/com.st.stm32cube.ide.mcu.externaltools.gnu-tools-for-stm32.11.3.rel1.win32_1.1.100.202309141235/tools/bin/../lib/gcc/arm-none-eabi/11.3.1/../../../../arm-none-eabi/lib/thumb/v7e-m+fp/hard\libnosys.a
END GROUP
LOAD C:/ST/STM32CubeIDE_1.14.1/STM32CubeIDE/plugins/com.st.stm32cube.ide.mcu.externaltools.gnu-tools-for-stm32.11.3.rel1.win32_1.1.100.202309141235/tools/bin/../lib/gcc/arm-none-eabi/11.3.1/thumb/v7e-m+fp/hard/crtend.o
LOAD C:/ST/STM32CubeIDE_1.14.1/STM32CubeIDE/plugins/com.st.stm32cube.ide.mcu.externaltools.gnu-tools-for-stm32.11.3.rel1.win32_1.1.100.202309141235/tools/bin/../lib/gcc/arm-none-eabi/11.3.1/thumb/v7e-m+fp/hard/crtn.o
                0x0000000020020000                _estack = (ORIGIN (RAM) + LENGTH (RAM))
                0x0000000000000200                _Min_Heap_Size = 0x200
                0x0000000000000400                _Min_Stack_Size = 0x400

.isr_vector     0x0000000008000000      0x188
                0x0000000008000000                . = ALIGN (0x4)
 *(.isr_vector)
 .isr_vector    0x0000000008000000      0x188 ./Core/Startup/startup_stm32f407vgtx.o
                0x0000000008000000                g_pfnVectors
                0x0000000008000188                . = ALIGN (0x4)

.text           0x0000000008000190     0xc13c
                0x0000000008000190                . = ALIGN (0x4)
 *(.text)
 .text          0x0000000008000190       0x40 C:/ST/STM32CubeIDE_1.14.1/STM32CubeIDE/plugins/com.st.stm32cube.ide.mcu.externaltools.gnu-tools-for-stm32.11.3.rel1.win32_1.1.100.202309141235/tools/bin/../lib/gcc/arm-none-eabi/11.3.1/thumb/v7e-m+fp/hard/crtbegin.o
 .text          0x00000000080001d0       0x34 C:\Users\saman\Desktop\Cyber\Library\en.STM32CubeExpansion_Crypto\STM32CubeExpansion_Crypto_V4.1.0\Middlewares\ST\STM32_Cryptographic\lib\libSTM32Cryptographic_CM4.a(cmox_hash.c.o)
                0x00000000080001d0                cmox_hash_compute
 .text          0x0000000008000204       0x5c C:\Users\saman\Desktop\Cyber\Library\en.STM32CubeExpansion_Crypto\STM32CubeExpansion_Crypto_V4.1.0\Middlewares\ST\STM32_Cryptographic\lib\libSTM32Cryptographic_CM4.a(cmox_hash.c.o)
                0x0000000008000204                cmox_hash_common_compute
 .text          0x0000000008000260       0x80 C:\Users\saman\Desktop\Cyber\Library\en.STM32CubeExpansion_Crypto\STM32CubeExpansion_Crypto_V4.1.0\Middlewares\ST\STM32_Cryptographic\lib\libSTM32Cryptographic_CM4.a(cmox_init.c.o)
                0x0000000008000260                cmox_initialize
 .text          0x00000000080002e0       0x2c C:\Users\saman\Desktop\Cyber\Library\en.STM32CubeExpansion_Crypto\STM32CubeExpansion_Crypto_V4.1.0\Middlewares\ST\STM32_Cryptographic\lib\libSTM32Cryptographic_CM4.a(cmox_sha256.c.o)
 .text          0x000000000800030c       0x40 C:\Users\saman\Desktop\Cyber\Library\en.STM32CubeExpansion_Crypto\STM32CubeExpansion_Crypto_V4.1.0\Middlewares\ST\STM32_Cryptographic\lib\libSTM32Cryptographic_CM4.a(cmox_sha256.c.o)
 .text          0x000000000800034c       0x20 C:\Users\saman\Desktop\Cyber\Library\en.STM32CubeExpansion_Crypto\STM32CubeExpansion_Crypto_V4.1.0\Middlewares\ST\STM32_Cryptographic\lib\libSTM32Cryptographic_CM4.a(cmox_sha256.c.o)
 .text          0x000000000800036c       0x30 C:\Users\saman\Desktop\Cyber\Library\en.STM32CubeExpansion_Crypto\STM32CubeExpansion_Crypto_V4.1.0\Middlewares\ST\STM32_Cryptographic\lib\libSTM32Cryptographic_CM4.a(cmox_sha256.c.o)
 .text          0x000000000800039c       0x30 C:\Users\saman\Desktop\Cyber\Library\en.STM32CubeExpansion_Crypto\STM32CubeExpansion_Crypto_V4.1.0\Middlewares\ST\STM32_Cryptographic\lib\libSTM32Cryptographic_CM4.a(cmox_sha256.c.o)
 .text          0x00000000080003cc       0x70 C:\Users\saman\Desktop\Cyber\Library\en.STM32CubeExpansion_Crypto\STM32CubeExpansion_Crypto_V4.1.0\Middlewares\ST\STM32_Cryptographic\lib\libSTM32Cryptographic_CM4.a(cmox_sha256.c.o)
 .text          0x000000000800043c      0x1ec C:\Users\saman\Desktop\Cyber\Library\en.STM32CubeExpansion_Crypto\STM32CubeExpansion_Crypto_V4.1.0\Middlewares\ST\STM32_Cryptographic\lib\libSTM32Cryptographic_CM4.a(cmox_sha256_common.c.o)
 .text          0x0000000008000628        0x8 C:\Users\saman\Desktop\Cyber\Library\en.STM32CubeExpansion_Crypto\STM32CubeExpansion_Crypto_V4.1.0\Middlewares\ST\STM32_Cryptographic\lib\libSTM32Cryptographic_CM4.a(cmox_md.c.o)
                0x0000000008000628                cmox_md_updateState_small
 .text          0x0000000008000630       0x44 C:\Users\saman\Desktop\Cyber\Library\en.STM32CubeExpansion_Crypto\STM32CubeExpansion_Crypto_V4.1.0\Middlewares\ST\STM32_Cryptographic\lib\libSTM32Cryptographic_CM4.a(cmox_md.c.o)
                0x0000000008000630                cmox_md_copyLastState_small
 .text          0x0000000008000674       0x1a C:\Users\saman\Desktop\Cyber\Library\en.STM32CubeExpansion_Crypto\STM32CubeExpansion_Crypto_V4.1.0\Middlewares\ST\STM32_Cryptographic\lib\libSTM32Cryptographic_CM4.a(cmox_md.c.o)
                0x0000000008000674                cmox_md_padMsgLen_small
 .text          0x000000000800068e        0x8 C:\Users\saman\Desktop\Cyber\Library\en.STM32CubeExpansion_Crypto\STM32CubeExpansion_Crypto_V4.1.0\Middlewares\ST\STM32_Cryptographic\lib\libSTM32Cryptographic_CM4.a(cmox_md.c.o)
                0x000000000800068e                cmox_md_construct
 .text          0x0000000008000696       0x1e C:\Users\saman\Desktop\Cyber\Library\en.STM32CubeExpansion_Crypto\STM32CubeExpansion_Crypto_V4.1.0\Middlewares\ST\STM32_Cryptographic\lib\libSTM32Cryptographic_CM4.a(cmox_md.c.o)
                0x0000000008000696                cmox_md_init
 .text          0x00000000080006b4        0x8 C:\Users\saman\Desktop\Cyber\Library\en.STM32CubeExpansion_Crypto\STM32CubeExpansion_Crypto_V4.1.0\Middlewares\ST\STM32_Cryptographic\lib\libSTM32Cryptographic_CM4.a(cmox_md.c.o)
                0x00000000080006b4                cmox_md_setTagSize
 .text          0x00000000080006bc       0xa8 C:\Users\saman\Desktop\Cyber\Library\en.STM32CubeExpansion_Crypto\STM32CubeExpansion_Crypto_V4.1.0\Middlewares\ST\STM32_Cryptographic\lib\libSTM32Cryptographic_CM4.a(cmox_md.c.o)
                0x00000000080006bc                cmox_md_append
 .text          0x0000000008000764      0x1a0 C:\Users\saman\Desktop\Cyber\Library\en.STM32CubeExpansion_Crypto\STM32CubeExpansion_Crypto_V4.1.0\Middlewares\ST\STM32_Cryptographic\lib\libSTM32Cryptographic_CM4.a(cmox_md.c.o)
                0x0000000008000764                cmox_md_generateTag
 .text          0x0000000008000904        0x8 C:\Users\saman\Desktop\Cyber\Library\en.STM32CubeExpansion_Crypto\STM32CubeExpansion_Crypto_V4.1.0\Middlewares\ST\STM32_Cryptographic\lib\libSTM32Cryptographic_CM4.a(cmox_md.c.o)
 .text          0x000000000800090c       0x9a C:/ST/STM32CubeIDE_1.14.1/STM32CubeIDE/plugins/com.st.stm32cube.ide.mcu.externaltools.gnu-tools-for-stm32.11.3.rel1.win32_1.1.100.202309141235/tools/bin/../lib/gcc/arm-none-eabi/11.3.1/../../../../arm-none-eabi/lib/thumb/v7e-m+fp/hard\libc_nano.a(libc_a-aeabi_memset-soft.o)
                0x000000000800090c                __aeabi_memset8
                0x000000000800090c                __aeabi_memset4
                0x000000000800090c                __aeabi_memset
 *fill*         0x00000000080009a6        0xa 
 .text          0x00000000080009b0       0xa0 C:/ST/STM32CubeIDE_1.14.1/STM32CubeIDE/plugins/com.st.stm32cube.ide.mcu.externaltools.gnu-tools-for-stm32.11.3.rel1.win32_1.1.100.202309141235/tools/bin/../lib/gcc/arm-none-eabi/11.3.1/../../../../arm-none-eabi/lib/thumb/v7e-m+fp/hard\libc_nano.a(libc_a-memchr.o)
                0x00000000080009b0                memchr
 .text          0x0000000008000a50       0x30 C:/ST/STM32CubeIDE_1.14.1/STM32CubeIDE/plugins/com.st.stm32cube.ide.mcu.externaltools.gnu-tools-for-stm32.11.3.rel1.win32_1.1.100.202309141235/tools/bin/../lib/gcc/arm-none-eabi/11.3.1/thumb/v7e-m+fp/hard\libgcc.a(_aeabi_uldivmod.o)
                0x0000000008000a50                __aeabi_uldivmod
 .text          0x0000000008000a80      0x2c8 C:/ST/STM32CubeIDE_1.14.1/STM32CubeIDE/plugins/com.st.stm32cube.ide.mcu.externaltools.gnu-tools-for-stm32.11.3.rel1.win32_1.1.100.202309141235/tools/bin/../lib/gcc/arm-none-eabi/11.3.1/thumb/v7e-m+fp/hard\libgcc.a(_udivmoddi4.o)
                0x0000000008000a80                __udivmoddi4
 .text          0x0000000008000d48        0x4 C:/ST/STM32CubeIDE_1.14.1/STM32CubeIDE/plugins/com.st.stm32cube.ide.mcu.externaltools.gnu-tools-for-stm32.11.3.rel1.win32_1.1.100.202309141235/tools/bin/../lib/gcc/arm-none-eabi/11.3.1/thumb/v7e-m+fp/hard\libgcc.a(_dvmd_tls.o)
                0x0000000008000d48                __aeabi_idiv0
                0x0000000008000d48                __aeabi_ldiv0
 *(.text*)
 .text.MY_FLASH_EraseSector
                0x0000000008000d4c       0x20 ./Core/Src/MY_FLASH.o
 .text.MY_FLASH_SetSectorAddrs
                0x0000000008000d6c       0x2c ./Core/Src/MY_FLASH.o
                0x0000000008000d6c                MY_FLASH_SetSectorAddrs
 .text.MY_FLASH_WriteN
                0x0000000008000d98       0xf4 ./Core/Src/MY_FLASH.o
                0x0000000008000d98                MY_FLASH_WriteN
 .text.MY_FLASH_ReadN
                0x0000000008000e8c       0xb8 ./Core/Src/MY_FLASH.o
                0x0000000008000e8c                MY_FLASH_ReadN
 .text.write_flash
                0x0000000008000f44       0xa0 ./Core/Src/MY_FLASH.o
                0x0000000008000f44                write_flash
 .text.cmox_ll_init
                0x0000000008000fe4       0x44 ./Core/Src/cmox_low_level.o
                0x0000000008000fe4                cmox_ll_init
 .text.ITM_SendChar
                0x0000000008001028       0x4e ./Core/Src/main.o
 *fill*         0x0000000008001076        0x2 
 .text.main     0x0000000008001078       0x9c ./Core/Src/main.o
                0x0000000008001078                main
 .text.SystemClock_Config
                0x0000000008001114       0xd4 ./Core/Src/main.o
                0x0000000008001114                SystemClock_Config
 .text.MX_CRC_Init
                0x00000000080011e8       0x28 ./Core/Src/main.o
 .text.MX_I2C1_Init
                0x0000000008001210       0x5c ./Core/Src/main.o
 .text.MX_RNG_Init
                0x000000000800126c       0x28 ./Core/Src/main.o
 .text.MX_TIM2_Init
                0x0000000008001294       0x9c ./Core/Src/main.o
 .text.MX_GPIO_Init
                0x0000000008001330       0xf8 ./Core/Src/main.o
 .text.Startup  0x0000000008001428       0xa0 ./Core/Src/main.o
                0x0000000008001428                Startup
 .text.MainMenu
                0x00000000080014c8      0x1e4 ./Core/Src/main.o
                0x00000000080014c8                MainMenu
 .text.TransmitMenu
                0x00000000080016ac       0x6c ./Core/Src/main.o
                0x00000000080016ac                TransmitMenu
 .text.Enroll   0x0000000008001718      0x2bc ./Core/Src/main.o
                0x0000000008001718                Enroll
 .text.LockDevice
                0x00000000080019d4      0x390 ./Core/Src/main.o
                0x00000000080019d4                LockDevice
 .text.ResetFactory
                0x0000000008001d64      0x1b0 ./Core/Src/main.o
                0x0000000008001d64                ResetFactory
 .text.OledAlarm
                0x0000000008001f14       0x64 ./Core/Src/main.o
                0x0000000008001f14                OledAlarm
 .text.EraseAlaram
                0x0000000008001f78       0x48 ./Core/Src/main.o
                0x0000000008001f78                EraseAlaram
 .text.EraseMem
                0x0000000008001fc0       0x2c ./Core/Src/main.o
                0x0000000008001fc0                EraseMem
 .text.wrong_LEDs
                0x0000000008001fec       0x80 ./Core/Src/main.o
                0x0000000008001fec                wrong_LEDs
 .text.blink    0x000000000800206c       0x88 ./Core/Src/main.o
                0x000000000800206c                blink
 .text.CheckPassword
                0x00000000080020f4       0x78 ./Core/Src/main.o
                0x00000000080020f4                CheckPassword
 .text.CDC_recieveCALLBACK
                0x000000000800216c      0x1dc ./Core/Src/main.o
                0x000000000800216c                CDC_recieveCALLBACK
 .text.checkButtons
                0x0000000008002348      0x120 ./Core/Src/main.o
                0x0000000008002348                checkButtons
 .text.read_Bt1
                0x0000000008002468       0x28 ./Core/Src/main.o
                0x0000000008002468                read_Bt1
 .text.read_Bt2
                0x0000000008002490       0x28 ./Core/Src/main.o
                0x0000000008002490                read_Bt2
 .text._write   0x00000000080024b8       0x38 ./Core/Src/main.o
                0x00000000080024b8                _write
 .text.Get_rng  0x00000000080024f0       0x80 ./Core/Src/main.o
                0x00000000080024f0                Get_rng
 .text.HAL_RNG_ReadyDataCallback
                0x0000000008002570       0x20 ./Core/Src/main.o
                0x0000000008002570                HAL_RNG_ReadyDataCallback
 .text.HAL_TIM_PeriodElapsedCallback
                0x0000000008002590       0x60 ./Core/Src/main.o
                0x0000000008002590                HAL_TIM_PeriodElapsedCallback
 .text.Error_Handler
                0x00000000080025f0        0xa ./Core/Src/main.o
                0x00000000080025f0                Error_Handler
 .text.SSD1306_DrawBitmap
                0x00000000080025fa       0xd0 ./Core/Src/ssd1306.o
                0x00000000080025fa                SSD1306_DrawBitmap
 *fill*         0x00000000080026ca        0x2 
 .text.SSD1306_Init
                0x00000000080026cc      0x188 ./Core/Src/ssd1306.o
                0x00000000080026cc                SSD1306_Init
 .text.SSD1306_UpdateScreen
                0x0000000008002854       0x5c ./Core/Src/ssd1306.o
                0x0000000008002854                SSD1306_UpdateScreen
 .text.SSD1306_Fill
                0x00000000080028b0       0x30 ./Core/Src/ssd1306.o
                0x00000000080028b0                SSD1306_Fill
 .text.SSD1306_DrawPixel
                0x00000000080028e0       0xc0 ./Core/Src/ssd1306.o
                0x00000000080028e0                SSD1306_DrawPixel
 .text.SSD1306_GotoXY
                0x00000000080029a0       0x2c ./Core/Src/ssd1306.o
                0x00000000080029a0                SSD1306_GotoXY
 .text.SSD1306_Putc
                0x00000000080029cc      0x100 ./Core/Src/ssd1306.o
                0x00000000080029cc                SSD1306_Putc
 .text.SSD1306_Puts
                0x0000000008002acc       0x4a ./Core/Src/ssd1306.o
                0x0000000008002acc                SSD1306_Puts
 .text.SSD1306_DrawLine
                0x0000000008002b16      0x1f6 ./Core/Src/ssd1306.o
                0x0000000008002b16                SSD1306_DrawLine
 .text.SSD1306_DrawFilledRectangle
                0x0000000008002d0c       0x9a ./Core/Src/ssd1306.o
                0x0000000008002d0c                SSD1306_DrawFilledRectangle
 .text.SSD1306_Clear
                0x0000000008002da6       0x12 ./Core/Src/ssd1306.o
                0x0000000008002da6                SSD1306_Clear
 .text.ssd1306_I2C_Init
                0x0000000008002db8       0x2c ./Core/Src/ssd1306.o
                0x0000000008002db8                ssd1306_I2C_Init
 .text.ssd1306_I2C_WriteMulti
                0x0000000008002de4       0xcc ./Core/Src/ssd1306.o
                0x0000000008002de4                ssd1306_I2C_WriteMulti
 .text.ssd1306_I2C_Write
                0x0000000008002eb0       0x3c ./Core/Src/ssd1306.o
                0x0000000008002eb0                ssd1306_I2C_Write
 .text.HAL_MspInit
                0x0000000008002eec       0x50 ./Core/Src/stm32f4xx_hal_msp.o
                0x0000000008002eec                HAL_MspInit
 .text.HAL_CRC_MspInit
                0x0000000008002f3c       0x44 ./Core/Src/stm32f4xx_hal_msp.o
                0x0000000008002f3c                HAL_CRC_MspInit
 .text.HAL_I2C_MspInit
                0x0000000008002f80       0x90 ./Core/Src/stm32f4xx_hal_msp.o
                0x0000000008002f80                HAL_I2C_MspInit
 .text.HAL_RNG_MspInit
                0x0000000008003010       0x50 ./Core/Src/stm32f4xx_hal_msp.o
                0x0000000008003010                HAL_RNG_MspInit
 .text.HAL_TIM_Base_MspInit
                0x0000000008003060       0x4c ./Core/Src/stm32f4xx_hal_msp.o
                0x0000000008003060                HAL_TIM_Base_MspInit
 .text.NMI_Handler
                0x00000000080030ac        0x6 ./Core/Src/stm32f4xx_it.o
                0x00000000080030ac                NMI_Handler
 .text.HardFault_Handler
                0x00000000080030b2        0x6 ./Core/Src/stm32f4xx_it.o
                0x00000000080030b2                HardFault_Handler
 .text.MemManage_Handler
                0x00000000080030b8        0x6 ./Core/Src/stm32f4xx_it.o
                0x00000000080030b8                MemManage_Handler
 .text.BusFault_Handler
                0x00000000080030be        0x6 ./Core/Src/stm32f4xx_it.o
                0x00000000080030be                BusFault_Handler
 .text.UsageFault_Handler
                0x00000000080030c4        0x6 ./Core/Src/stm32f4xx_it.o
                0x00000000080030c4                UsageFault_Handler
 .text.SVC_Handler
                0x00000000080030ca        0xe ./Core/Src/stm32f4xx_it.o
                0x00000000080030ca                SVC_Handler
 .text.DebugMon_Handler
                0x00000000080030d8        0xe ./Core/Src/stm32f4xx_it.o
                0x00000000080030d8                DebugMon_Handler
 .text.PendSV_Handler
                0x00000000080030e6        0xe ./Core/Src/stm32f4xx_it.o
                0x00000000080030e6                PendSV_Handler
 .text.SysTick_Handler
                0x00000000080030f4        0xc ./Core/Src/stm32f4xx_it.o
                0x00000000080030f4                SysTick_Handler
 .text.TIM2_IRQHandler
                0x0000000008003100       0x14 ./Core/Src/stm32f4xx_it.o
                0x0000000008003100                TIM2_IRQHandler
 .text.OTG_FS_IRQHandler
                0x0000000008003114       0x14 ./Core/Src/stm32f4xx_it.o
                0x0000000008003114                OTG_FS_IRQHandler
 .text.HASH_RNG_IRQHandler
                0x0000000008003128       0x14 ./Core/Src/stm32f4xx_it.o
                0x0000000008003128                HASH_RNG_IRQHandler
 .text._read    0x000000000800313c       0x3a ./Core/Src/syscalls.o
                0x000000000800313c                _read
 .text._close   0x0000000008003176       0x18 ./Core/Src/syscalls.o
                0x0000000008003176                _close
 .text._fstat   0x000000000800318e       0x20 ./Core/Src/syscalls.o
                0x000000000800318e                _fstat
 .text._isatty  0x00000000080031ae       0x16 ./Core/Src/syscalls.o
                0x00000000080031ae                _isatty
 .text._lseek   0x00000000080031c4       0x1a ./Core/Src/syscalls.o
                0x00000000080031c4                _lseek
 *fill*         0x00000000080031de        0x2 
 .text._sbrk    0x00000000080031e0       0x6c ./Core/Src/sysmem.o
                0x00000000080031e0                _sbrk
 .text.SystemInit
                0x000000000800324c       0x24 ./Core/Src/system_stm32f4xx.o
                0x000000000800324c                SystemInit
 .text.Reset_Handler
                0x0000000008003270       0x50 ./Core/Startup/startup_stm32f407vgtx.o
                0x0000000008003270                Reset_Handler
 .text.Default_Handler
                0x00000000080032c0        0x2 ./Core/Startup/startup_stm32f407vgtx.o
                0x00000000080032c0                RTC_Alarm_IRQHandler
                0x00000000080032c0                EXTI2_IRQHandler
                0x00000000080032c0                TIM8_CC_IRQHandler
                0x00000000080032c0                TIM1_CC_IRQHandler
                0x00000000080032c0                DMA2_Stream5_IRQHandler
                0x00000000080032c0                DMA1_Stream5_IRQHandler
                0x00000000080032c0                PVD_IRQHandler
                0x00000000080032c0                SDIO_IRQHandler
                0x00000000080032c0                TAMP_STAMP_IRQHandler
                0x00000000080032c0                CAN2_RX1_IRQHandler
                0x00000000080032c0                EXTI3_IRQHandler
                0x00000000080032c0                TIM8_TRG_COM_TIM14_IRQHandler
                0x00000000080032c0                TIM1_UP_TIM10_IRQHandler
                0x00000000080032c0                TIM8_UP_TIM13_IRQHandler
                0x00000000080032c0                I2C3_ER_IRQHandler
                0x00000000080032c0                EXTI0_IRQHandler
                0x00000000080032c0                I2C2_EV_IRQHandler
                0x00000000080032c0                DMA1_Stream2_IRQHandler
                0x00000000080032c0                CAN1_RX0_IRQHandler
                0x00000000080032c0                FPU_IRQHandler
                0x00000000080032c0                OTG_HS_WKUP_IRQHandler
                0x00000000080032c0                CAN2_SCE_IRQHandler
                0x00000000080032c0                DMA2_Stream2_IRQHandler
                0x00000000080032c0                SPI1_IRQHandler
                0x00000000080032c0                TIM6_DAC_IRQHandler
                0x00000000080032c0                TIM1_BRK_TIM9_IRQHandler
                0x00000000080032c0                DCMI_IRQHandler
                0x00000000080032c0                CAN2_RX0_IRQHandler
                0x00000000080032c0                DMA2_Stream3_IRQHandler
                0x00000000080032c0                USART6_IRQHandler
                0x00000000080032c0                USART3_IRQHandler
                0x00000000080032c0                CAN1_RX1_IRQHandler
                0x00000000080032c0                UART5_IRQHandler
                0x00000000080032c0                DMA2_Stream0_IRQHandler
                0x00000000080032c0                TIM4_IRQHandler
                0x00000000080032c0                I2C1_EV_IRQHandler
                0x00000000080032c0                DMA1_Stream6_IRQHandler
                0x00000000080032c0                DMA1_Stream1_IRQHandler
                0x00000000080032c0                UART4_IRQHandler
                0x00000000080032c0                TIM3_IRQHandler
                0x00000000080032c0                RCC_IRQHandler
                0x00000000080032c0                TIM8_BRK_TIM12_IRQHandler
                0x00000000080032c0                Default_Handler
                0x00000000080032c0                EXTI15_10_IRQHandler
                0x00000000080032c0                ADC_IRQHandler
                0x00000000080032c0                DMA1_Stream7_IRQHandler
                0x00000000080032c0                TIM7_IRQHandler
                0x00000000080032c0                CAN2_TX_IRQHandler
                0x00000000080032c0                TIM5_IRQHandler
                0x00000000080032c0                DMA2_Stream7_IRQHandler
                0x00000000080032c0                I2C3_EV_IRQHandler
                0x00000000080032c0                EXTI9_5_IRQHandler
                0x00000000080032c0                RTC_WKUP_IRQHandler
                0x00000000080032c0                ETH_WKUP_IRQHandler
                0x00000000080032c0                SPI2_IRQHandler
                0x00000000080032c0                OTG_HS_EP1_IN_IRQHandler
                0x00000000080032c0                DMA1_Stream0_IRQHandler
                0x00000000080032c0                CAN1_TX_IRQHandler
                0x00000000080032c0                EXTI4_IRQHandler
                0x00000000080032c0                FSMC_IRQHandler
                0x00000000080032c0                ETH_IRQHandler
                0x00000000080032c0                OTG_HS_EP1_OUT_IRQHandler
                0x00000000080032c0                WWDG_IRQHandler
                0x00000000080032c0                OTG_FS_WKUP_IRQHandler
                0x00000000080032c0                TIM1_TRG_COM_TIM11_IRQHandler
                0x00000000080032c0                OTG_HS_IRQHandler
                0x00000000080032c0                EXTI1_IRQHandler
                0x00000000080032c0                USART2_IRQHandler
                0x00000000080032c0                I2C2_ER_IRQHandler
                0x00000000080032c0                DMA2_Stream1_IRQHandler
                0x00000000080032c0                CAN1_SCE_IRQHandler
                0x00000000080032c0                FLASH_IRQHandler
                0x00000000080032c0                DMA2_Stream4_IRQHandler
                0x00000000080032c0                USART1_IRQHandler
                0x00000000080032c0                SPI3_IRQHandler
                0x00000000080032c0                DMA1_Stream4_IRQHandler
                0x00000000080032c0                I2C1_ER_IRQHandler
                0x00000000080032c0                DMA2_Stream6_IRQHandler
                0x00000000080032c0                DMA1_Stream3_IRQHandler
 *fill*         0x00000000080032c2        0x2 
 .text.HAL_Init
                0x00000000080032c4       0x44 ./Drivers/STM32F4xx_HAL_Driver/Src/stm32f4xx_hal.o
                0x00000000080032c4                HAL_Init
 .text.HAL_InitTick
                0x0000000008003308       0x60 ./Drivers/STM32F4xx_HAL_Driver/Src/stm32f4xx_hal.o
                0x0000000008003308                HAL_InitTick
 .text.HAL_IncTick
                0x0000000008003368       0x28 ./Drivers/STM32F4xx_HAL_Driver/Src/stm32f4xx_hal.o
                0x0000000008003368                HAL_IncTick
 .text.HAL_GetTick
                0x0000000008003390       0x18 ./Drivers/STM32F4xx_HAL_Driver/Src/stm32f4xx_hal.o
                0x0000000008003390                HAL_GetTick
 .text.HAL_Delay
                0x00000000080033a8       0x48 ./Drivers/STM32F4xx_HAL_Driver/Src/stm32f4xx_hal.o
                0x00000000080033a8                HAL_Delay
 .text.__NVIC_SetPriorityGrouping
                0x00000000080033f0       0x48 ./Drivers/STM32F4xx_HAL_Driver/Src/stm32f4xx_hal_cortex.o
 .text.__NVIC_GetPriorityGrouping
                0x0000000008003438       0x1c ./Drivers/STM32F4xx_HAL_Driver/Src/stm32f4xx_hal_cortex.o
 .text.__NVIC_EnableIRQ
                0x0000000008003454       0x3c ./Drivers/STM32F4xx_HAL_Driver/Src/stm32f4xx_hal_cortex.o
 .text.__NVIC_SetPriority
                0x0000000008003490       0x54 ./Drivers/STM32F4xx_HAL_Driver/Src/stm32f4xx_hal_cortex.o
 .text.NVIC_EncodePriority
                0x00000000080034e4       0x66 ./Drivers/STM32F4xx_HAL_Driver/Src/stm32f4xx_hal_cortex.o
 *fill*         0x000000000800354a        0x2 
 .text.SysTick_Config
                0x000000000800354c       0x44 ./Drivers/STM32F4xx_HAL_Driver/Src/stm32f4xx_hal_cortex.o
 .text.HAL_NVIC_SetPriorityGrouping
                0x0000000008003590       0x16 ./Drivers/STM32F4xx_HAL_Driver/Src/stm32f4xx_hal_cortex.o
                0x0000000008003590                HAL_NVIC_SetPriorityGrouping
 .text.HAL_NVIC_SetPriority
                0x00000000080035a6       0x38 ./Drivers/STM32F4xx_HAL_Driver/Src/stm32f4xx_hal_cortex.o
                0x00000000080035a6                HAL_NVIC_SetPriority
 .text.HAL_NVIC_EnableIRQ
                0x00000000080035de       0x1c ./Drivers/STM32F4xx_HAL_Driver/Src/stm32f4xx_hal_cortex.o
                0x00000000080035de                HAL_NVIC_EnableIRQ
 .text.HAL_SYSTICK_Config
                0x00000000080035fa       0x18 ./Drivers/STM32F4xx_HAL_Driver/Src/stm32f4xx_hal_cortex.o
                0x00000000080035fa                HAL_SYSTICK_Config
 .text.HAL_CRC_Init
                0x0000000008003612       0x38 ./Drivers/STM32F4xx_HAL_Driver/Src/stm32f4xx_hal_crc.o
                0x0000000008003612                HAL_CRC_Init
 *fill*         0x000000000800364a        0x2 
 .text.HAL_FLASH_Program
                0x000000000800364c       0xa8 ./Drivers/STM32F4xx_HAL_Driver/Src/stm32f4xx_hal_flash.o
                0x000000000800364c                HAL_FLASH_Program
 .text.HAL_FLASH_Unlock
                0x00000000080036f4       0x44 ./Drivers/STM32F4xx_HAL_Driver/Src/stm32f4xx_hal_flash.o
                0x00000000080036f4                HAL_FLASH_Unlock
 .text.HAL_FLASH_Lock
                0x0000000008003738       0x20 ./Drivers/STM32F4xx_HAL_Driver/Src/stm32f4xx_hal_flash.o
                0x0000000008003738                HAL_FLASH_Lock
 .text.FLASH_WaitForLastOperation
                0x0000000008003758       0x80 ./Drivers/STM32F4xx_HAL_Driver/Src/stm32f4xx_hal_flash.o
                0x0000000008003758                FLASH_WaitForLastOperation
 .text.FLASH_Program_DoubleWord
                0x00000000080037d8       0x64 ./Drivers/STM32F4xx_HAL_Driver/Src/stm32f4xx_hal_flash.o
 .text.FLASH_Program_Word
                0x000000000800383c       0x44 ./Drivers/STM32F4xx_HAL_Driver/Src/stm32f4xx_hal_flash.o
 .text.FLASH_Program_HalfWord
                0x0000000008003880       0x48 ./Drivers/STM32F4xx_HAL_Driver/Src/stm32f4xx_hal_flash.o
 .text.FLASH_Program_Byte
                0x00000000080038c8       0x44 ./Drivers/STM32F4xx_HAL_Driver/Src/stm32f4xx_hal_flash.o
 .text.FLASH_SetErrorCode
                0x000000000800390c       0xac ./Drivers/STM32F4xx_HAL_Driver/Src/stm32f4xx_hal_flash.o
 .text.FLASH_Erase_Sector
                0x00000000080039b8       0x90 ./Drivers/STM32F4xx_HAL_Driver/Src/stm32f4xx_hal_flash_ex.o
                0x00000000080039b8                FLASH_Erase_Sector
 .text.HAL_GPIO_Init
                0x0000000008003a48      0x338 ./Drivers/STM32F4xx_HAL_Driver/Src/stm32f4xx_hal_gpio.o
                0x0000000008003a48                HAL_GPIO_Init
 .text.HAL_GPIO_ReadPin
                0x0000000008003d80       0x30 ./Drivers/STM32F4xx_HAL_Driver/Src/stm32f4xx_hal_gpio.o
                0x0000000008003d80                HAL_GPIO_ReadPin
 .text.HAL_GPIO_WritePin
                0x0000000008003db0       0x32 ./Drivers/STM32F4xx_HAL_Driver/Src/stm32f4xx_hal_gpio.o
                0x0000000008003db0                HAL_GPIO_WritePin
 .text.HAL_GPIO_TogglePin
                0x0000000008003de2       0x34 ./Drivers/STM32F4xx_HAL_Driver/Src/stm32f4xx_hal_gpio.o
                0x0000000008003de2                HAL_GPIO_TogglePin
 *fill*         0x0000000008003e16        0x2 
 .text.HAL_I2C_Init
                0x0000000008003e18      0x288 ./Drivers/STM32F4xx_HAL_Driver/Src/stm32f4xx_hal_i2c.o
                0x0000000008003e18                HAL_I2C_Init
 .text.HAL_I2C_Master_Transmit
                0x00000000080040a0      0x1fc ./Drivers/STM32F4xx_HAL_Driver/Src/stm32f4xx_hal_i2c.o
                0x00000000080040a0                HAL_I2C_Master_Transmit
 .text.HAL_I2C_IsDeviceReady
                0x000000000800429c      0x25c ./Drivers/STM32F4xx_HAL_Driver/Src/stm32f4xx_hal_i2c.o
                0x000000000800429c                HAL_I2C_IsDeviceReady
 .text.I2C_MasterRequestWrite
                0x00000000080044f8      0x104 ./Drivers/STM32F4xx_HAL_Driver/Src/stm32f4xx_hal_i2c.o
 .text.I2C_WaitOnFlagUntilTimeout
                0x00000000080045fc       0xf4 ./Drivers/STM32F4xx_HAL_Driver/Src/stm32f4xx_hal_i2c.o
 .text.I2C_WaitOnMasterAddressFlagUntilTimeout
                0x00000000080046f0      0x140 ./Drivers/STM32F4xx_HAL_Driver/Src/stm32f4xx_hal_i2c.o
 .text.I2C_WaitOnTXEFlagUntilTimeout
                0x0000000008004830       0x90 ./Drivers/STM32F4xx_HAL_Driver/Src/stm32f4xx_hal_i2c.o
 .text.I2C_WaitOnBTFFlagUntilTimeout
                0x00000000080048c0       0x90 ./Drivers/STM32F4xx_HAL_Driver/Src/stm32f4xx_hal_i2c.o
 .text.I2C_IsAcknowledgeFailed
                0x0000000008004950       0x5e ./Drivers/STM32F4xx_HAL_Driver/Src/stm32f4xx_hal_i2c.o
 .text.HAL_PCD_Init
                0x00000000080049ae      0x21e ./Drivers/STM32F4xx_HAL_Driver/Src/stm32f4xx_hal_pcd.o
                0x00000000080049ae                HAL_PCD_Init
 .text.HAL_PCD_Start
                0x0000000008004bcc       0x6a ./Drivers/STM32F4xx_HAL_Driver/Src/stm32f4xx_hal_pcd.o
                0x0000000008004bcc                HAL_PCD_Start
 .text.HAL_PCD_IRQHandler
                0x0000000008004c36      0x942 ./Drivers/STM32F4xx_HAL_Driver/Src/stm32f4xx_hal_pcd.o
                0x0000000008004c36                HAL_PCD_IRQHandler
 .text.HAL_PCD_SetAddress
                0x0000000008005578       0x48 ./Drivers/STM32F4xx_HAL_Driver/Src/stm32f4xx_hal_pcd.o
                0x0000000008005578                HAL_PCD_SetAddress
 .text.HAL_PCD_EP_Open
                0x00000000080055c0       0xd0 ./Drivers/STM32F4xx_HAL_Driver/Src/stm32f4xx_hal_pcd.o
                0x00000000080055c0                HAL_PCD_EP_Open
 .text.HAL_PCD_EP_Close
                0x0000000008005690       0x94 ./Drivers/STM32F4xx_HAL_Driver/Src/stm32f4xx_hal_pcd.o
                0x0000000008005690                HAL_PCD_EP_Close
 .text.HAL_PCD_EP_Receive
                0x0000000008005724       0x76 ./Drivers/STM32F4xx_HAL_Driver/Src/stm32f4xx_hal_pcd.o
                0x0000000008005724                HAL_PCD_EP_Receive
 .text.HAL_PCD_EP_GetRxCount
                0x000000000800579a       0x30 ./Drivers/STM32F4xx_HAL_Driver/Src/stm32f4xx_hal_pcd.o
                0x000000000800579a                HAL_PCD_EP_GetRxCount
 .text.HAL_PCD_EP_Transmit
                0x00000000080057ca       0x74 ./Drivers/STM32F4xx_HAL_Driver/Src/stm32f4xx_hal_pcd.o
                0x00000000080057ca                HAL_PCD_EP_Transmit
 .text.HAL_PCD_EP_SetStall
                0x000000000800583e       0xc6 ./Drivers/STM32F4xx_HAL_Driver/Src/stm32f4xx_hal_pcd.o
                0x000000000800583e                HAL_PCD_EP_SetStall
 .text.HAL_PCD_EP_ClrStall
                0x0000000008005904       0xac ./Drivers/STM32F4xx_HAL_Driver/Src/stm32f4xx_hal_pcd.o
                0x0000000008005904                HAL_PCD_EP_ClrStall
 .text.HAL_PCD_EP_Abort
                0x00000000080059b0       0x62 ./Drivers/STM32F4xx_HAL_Driver/Src/stm32f4xx_hal_pcd.o
                0x00000000080059b0                HAL_PCD_EP_Abort
 .text.PCD_WriteEmptyTxFifo
                0x0000000008005a12      0x118 ./Drivers/STM32F4xx_HAL_Driver/Src/stm32f4xx_hal_pcd.o
 *fill*         0x0000000008005b2a        0x2 
 .text.PCD_EP_OutXfrComplete_int
                0x0000000008005b2c      0x1d0 ./Drivers/STM32F4xx_HAL_Driver/Src/stm32f4xx_hal_pcd.o
 .text.PCD_EP_OutSetupPacket_int
                0x0000000008005cfc       0x8c ./Drivers/STM32F4xx_HAL_Driver/Src/stm32f4xx_hal_pcd.o
 .text.HAL_PCDEx_SetTxFiFo
                0x0000000008005d88       0x8e ./Drivers/STM32F4xx_HAL_Driver/Src/stm32f4xx_hal_pcd_ex.o
                0x0000000008005d88                HAL_PCDEx_SetTxFiFo
 .text.HAL_PCDEx_SetRxFiFo
                0x0000000008005e16       0x22 ./Drivers/STM32F4xx_HAL_Driver/Src/stm32f4xx_hal_pcd_ex.o
                0x0000000008005e16                HAL_PCDEx_SetRxFiFo
 .text.HAL_PCDEx_LPM_Callback
                0x0000000008005e38       0x18 ./Drivers/STM32F4xx_HAL_Driver/Src/stm32f4xx_hal_pcd_ex.o
                0x0000000008005e38                HAL_PCDEx_LPM_Callback
 .text.HAL_RCC_OscConfig
                0x0000000008005e50      0x4f0 ./Drivers/STM32F4xx_HAL_Driver/Src/stm32f4xx_hal_rcc.o
                0x0000000008005e50                HAL_RCC_OscConfig
 .text.HAL_RCC_ClockConfig
                0x0000000008006340      0x1cc ./Drivers/STM32F4xx_HAL_Driver/Src/stm32f4xx_hal_rcc.o
                0x0000000008006340                HAL_RCC_ClockConfig
 .text.HAL_RCC_GetSysClockFreq
                0x000000000800650c      0x20c ./Drivers/STM32F4xx_HAL_Driver/Src/stm32f4xx_hal_rcc.o
                0x000000000800650c                HAL_RCC_GetSysClockFreq
 .text.HAL_RCC_GetHCLKFreq
                0x0000000008006718       0x18 ./Drivers/STM32F4xx_HAL_Driver/Src/stm32f4xx_hal_rcc.o
                0x0000000008006718                HAL_RCC_GetHCLKFreq
 .text.HAL_RCC_GetPCLK1Freq
                0x0000000008006730       0x28 ./Drivers/STM32F4xx_HAL_Driver/Src/stm32f4xx_hal_rcc.o
                0x0000000008006730                HAL_RCC_GetPCLK1Freq
 .text.HAL_RNG_Init
                0x0000000008006758       0x54 ./Drivers/STM32F4xx_HAL_Driver/Src/stm32f4xx_hal_rng.o
                0x0000000008006758                HAL_RNG_Init
 .text.HAL_RNG_GenerateRandomNumber_IT
                0x00000000080067ac       0x5e ./Drivers/STM32F4xx_HAL_Driver/Src/stm32f4xx_hal_rng.o
                0x00000000080067ac                HAL_RNG_GenerateRandomNumber_IT
 .text.HAL_RNG_IRQHandler
                0x000000000800680a       0xa8 ./Drivers/STM32F4xx_HAL_Driver/Src/stm32f4xx_hal_rng.o
                0x000000000800680a                HAL_RNG_IRQHandler
 .text.HAL_RNG_ReadLastRandomNumber
                0x00000000080068b2       0x18 ./Drivers/STM32F4xx_HAL_Driver/Src/stm32f4xx_hal_rng.o
                0x00000000080068b2                HAL_RNG_ReadLastRandomNumber
 .text.HAL_RNG_ErrorCallback
                0x00000000080068ca       0x14 ./Drivers/STM32F4xx_HAL_Driver/Src/stm32f4xx_hal_rng.o
                0x00000000080068ca                HAL_RNG_ErrorCallback
 .text.HAL_TIM_Base_Init
                0x00000000080068de       0x9e ./Drivers/STM32F4xx_HAL_Driver/Src/stm32f4xx_hal_tim.o
                0x00000000080068de                HAL_TIM_Base_Init
 .text.HAL_TIM_Base_Start_IT
                0x000000000800697c       0xe0 ./Drivers/STM32F4xx_HAL_Driver/Src/stm32f4xx_hal_tim.o
                0x000000000800697c                HAL_TIM_Base_Start_IT
 .text.HAL_TIM_IRQHandler
                0x0000000008006a5c      0x1e0 ./Drivers/STM32F4xx_HAL_Driver/Src/stm32f4xx_hal_tim.o
                0x0000000008006a5c                HAL_TIM_IRQHandler
 .text.HAL_TIM_ConfigClockSource
                0x0000000008006c3c      0x18e ./Drivers/STM32F4xx_HAL_Driver/Src/stm32f4xx_hal_tim.o
                0x0000000008006c3c                HAL_TIM_ConfigClockSource
 .text.HAL_TIM_OC_DelayElapsedCallback
                0x0000000008006dca       0x14 ./Drivers/STM32F4xx_HAL_Driver/Src/stm32f4xx_hal_tim.o
                0x0000000008006dca                HAL_TIM_OC_DelayElapsedCallback
 .text.HAL_TIM_IC_CaptureCallback
                0x0000000008006dde       0x14 ./Drivers/STM32F4xx_HAL_Driver/Src/stm32f4xx_hal_tim.o
                0x0000000008006dde                HAL_TIM_IC_CaptureCallback
 .text.HAL_TIM_PWM_PulseFinishedCallback
                0x0000000008006df2       0x14 ./Drivers/STM32F4xx_HAL_Driver/Src/stm32f4xx_hal_tim.o
                0x0000000008006df2                HAL_TIM_PWM_PulseFinishedCallback
 .text.HAL_TIM_TriggerCallback
                0x0000000008006e06       0x14 ./Drivers/STM32F4xx_HAL_Driver/Src/stm32f4xx_hal_tim.o
                0x0000000008006e06                HAL_TIM_TriggerCallback
 *fill*         0x0000000008006e1a        0x2 
 .text.TIM_Base_SetConfig
                0x0000000008006e1c      0x158 ./Drivers/STM32F4xx_HAL_Driver/Src/stm32f4xx_hal_tim.o
                0x0000000008006e1c                TIM_Base_SetConfig
 .text.TIM_TI1_ConfigInputStage
                0x0000000008006f74       0x5e ./Drivers/STM32F4xx_HAL_Driver/Src/stm32f4xx_hal_tim.o
 .text.TIM_TI2_ConfigInputStage
                0x0000000008006fd2       0x60 ./Drivers/STM32F4xx_HAL_Driver/Src/stm32f4xx_hal_tim.o
 .text.TIM_ITRx_SetConfig
                0x0000000008007032       0x36 ./Drivers/STM32F4xx_HAL_Driver/Src/stm32f4xx_hal_tim.o
 .text.TIM_ETR_SetConfig
                0x0000000008007068       0x40 ./Drivers/STM32F4xx_HAL_Driver/Src/stm32f4xx_hal_tim.o
                0x0000000008007068                TIM_ETR_SetConfig
 .text.HAL_TIMEx_MasterConfigSynchronization
                0x00000000080070a8       0xf8 ./Drivers/STM32F4xx_HAL_Driver/Src/stm32f4xx_hal_tim_ex.o
                0x00000000080070a8                HAL_TIMEx_MasterConfigSynchronization
 .text.HAL_TIMEx_CommutCallback
                0x00000000080071a0       0x14 ./Drivers/STM32F4xx_HAL_Driver/Src/stm32f4xx_hal_tim_ex.o
                0x00000000080071a0                HAL_TIMEx_CommutCallback
 .text.HAL_TIMEx_BreakCallback
                0x00000000080071b4       0x14 ./Drivers/STM32F4xx_HAL_Driver/Src/stm32f4xx_hal_tim_ex.o
                0x00000000080071b4                HAL_TIMEx_BreakCallback
 .text.USB_CoreInit
                0x00000000080071c8       0xc8 ./Drivers/STM32F4xx_HAL_Driver/Src/stm32f4xx_ll_usb.o
                0x00000000080071c8                USB_CoreInit
 .text.USB_SetTurnaroundTime
                0x0000000008007290      0x144 ./Drivers/STM32F4xx_HAL_Driver/Src/stm32f4xx_ll_usb.o
                0x0000000008007290                USB_SetTurnaroundTime
 .text.USB_EnableGlobalInt
                0x00000000080073d4       0x22 ./Drivers/STM32F4xx_HAL_Driver/Src/stm32f4xx_ll_usb.o
                0x00000000080073d4                USB_EnableGlobalInt
 .text.USB_DisableGlobalInt
                0x00000000080073f6       0x22 ./Drivers/STM32F4xx_HAL_Driver/Src/stm32f4xx_ll_usb.o
                0x00000000080073f6                USB_DisableGlobalInt
 .text.USB_SetCurrentMode
                0x0000000008007418       0x98 ./Drivers/STM32F4xx_HAL_Driver/Src/stm32f4xx_ll_usb.o
                0x0000000008007418                USB_SetCurrentMode
 .text.USB_DevInit
                0x00000000080074b0      0x2c8 ./Drivers/STM32F4xx_HAL_Driver/Src/stm32f4xx_ll_usb.o
                0x00000000080074b0                USB_DevInit
 .text.USB_FlushTxFifo
                0x0000000008007778       0x64 ./Drivers/STM32F4xx_HAL_Driver/Src/stm32f4xx_ll_usb.o
                0x0000000008007778                USB_FlushTxFifo
 .text.USB_FlushRxFifo
                0x00000000080077dc       0x5c ./Drivers/STM32F4xx_HAL_Driver/Src/stm32f4xx_ll_usb.o
                0x00000000080077dc                USB_FlushRxFifo
 .text.USB_SetDevSpeed
                0x0000000008007838       0x32 ./Drivers/STM32F4xx_HAL_Driver/Src/stm32f4xx_ll_usb.o
                0x0000000008007838                USB_SetDevSpeed
 .text.USB_GetDevSpeed
                0x000000000800786a       0x4a ./Drivers/STM32F4xx_HAL_Driver/Src/stm32f4xx_ll_usb.o
                0x000000000800786a                USB_GetDevSpeed
 .text.USB_ActivateEndpoint
                0x00000000080078b4      0x10e ./Drivers/STM32F4xx_HAL_Driver/Src/stm32f4xx_ll_usb.o
                0x00000000080078b4                USB_ActivateEndpoint
 *fill*         0x00000000080079c2        0x2 
 .text.USB_DeactivateEndpoint
                0x00000000080079c4      0x1b8 ./Drivers/STM32F4xx_HAL_Driver/Src/stm32f4xx_ll_usb.o
                0x00000000080079c4                USB_DeactivateEndpoint
 .text.USB_EPStartXfer
                0x0000000008007b7c      0x530 ./Drivers/STM32F4xx_HAL_Driver/Src/stm32f4xx_ll_usb.o
                0x0000000008007b7c                USB_EPStartXfer
 .text.USB_EPStopXfer
                0x00000000080080ac      0x154 ./Drivers/STM32F4xx_HAL_Driver/Src/stm32f4xx_ll_usb.o
                0x00000000080080ac                USB_EPStopXfer
 .text.USB_WritePacket
                0x0000000008008200       0x7c ./Drivers/STM32F4xx_HAL_Driver/Src/stm32f4xx_ll_usb.o
                0x0000000008008200                USB_WritePacket
 .text.USB_ReadPacket
                0x000000000800827c       0xb0 ./Drivers/STM32F4xx_HAL_Driver/Src/stm32f4xx_ll_usb.o
                0x000000000800827c                USB_ReadPacket
 .text.USB_EPSetStall
                0x000000000800832c       0xdc ./Drivers/STM32F4xx_HAL_Driver/Src/stm32f4xx_ll_usb.o
                0x000000000800832c                USB_EPSetStall
 .text.USB_EPClearStall
                0x0000000008008408       0xcc ./Drivers/STM32F4xx_HAL_Driver/Src/stm32f4xx_ll_usb.o
                0x0000000008008408                USB_EPClearStall
 .text.USB_SetDevAddress
                0x00000000080084d4       0x4c ./Drivers/STM32F4xx_HAL_Driver/Src/stm32f4xx_ll_usb.o
                0x00000000080084d4                USB_SetDevAddress
 .text.USB_DevConnect
                0x0000000008008520       0x42 ./Drivers/STM32F4xx_HAL_Driver/Src/stm32f4xx_ll_usb.o
                0x0000000008008520                USB_DevConnect
 .text.USB_DevDisconnect
                0x0000000008008562       0x42 ./Drivers/STM32F4xx_HAL_Driver/Src/stm32f4xx_ll_usb.o
                0x0000000008008562                USB_DevDisconnect
 .text.USB_ReadInterrupts
                0x00000000080085a4       0x26 ./Drivers/STM32F4xx_HAL_Driver/Src/stm32f4xx_ll_usb.o
                0x00000000080085a4                USB_ReadInterrupts
 .text.USB_ReadDevAllOutEpInterrupt
                0x00000000080085ca       0x34 ./Drivers/STM32F4xx_HAL_Driver/Src/stm32f4xx_ll_usb.o
                0x00000000080085ca                USB_ReadDevAllOutEpInterrupt
 .text.USB_ReadDevAllInEpInterrupt
                0x00000000080085fe       0x34 ./Drivers/STM32F4xx_HAL_Driver/Src/stm32f4xx_ll_usb.o
                0x00000000080085fe                USB_ReadDevAllInEpInterrupt
 .text.USB_ReadDevOutEPInterrupt
                0x0000000008008632       0x3c ./Drivers/STM32F4xx_HAL_Driver/Src/stm32f4xx_ll_usb.o
                0x0000000008008632                USB_ReadDevOutEPInterrupt
 .text.USB_ReadDevInEPInterrupt
                0x000000000800866e       0x5c ./Drivers/STM32F4xx_HAL_Driver/Src/stm32f4xx_ll_usb.o
                0x000000000800866e                USB_ReadDevInEPInterrupt
 .text.USB_GetMode
                0x00000000080086ca       0x1c ./Drivers/STM32F4xx_HAL_Driver/Src/stm32f4xx_ll_usb.o
                0x00000000080086ca                USB_GetMode
 .text.USB_ActivateSetup
                0x00000000080086e6       0x46 ./Drivers/STM32F4xx_HAL_Driver/Src/stm32f4xx_ll_usb.o
                0x00000000080086e6                USB_ActivateSetup
 .text.USB_EP0_OutStart
                0x000000000800872c       0xbc ./Drivers/STM32F4xx_HAL_Driver/Src/stm32f4xx_ll_usb.o
                0x000000000800872c                USB_EP0_OutStart
 .text.USB_CoreReset
                0x00000000080087e8       0x62 ./Drivers/STM32F4xx_HAL_Driver/Src/stm32f4xx_ll_usb.o
 *fill*         0x000000000800884a        0x2 
 .text.USBD_CDC_Init
                0x000000000800884c      0x1f0 ./Middlewares/ST/STM32_USB_Device_Library/Class/CDC/Src/usbd_cdc.o
 .text.USBD_CDC_DeInit
                0x0000000008008a3c      0x104 ./Middlewares/ST/STM32_USB_Device_Library/Class/CDC/Src/usbd_cdc.o
 .text.USBD_CDC_Setup
                0x0000000008008b40      0x1b8 ./Middlewares/ST/STM32_USB_Device_Library/Class/CDC/Src/usbd_cdc.o
 .text.USBD_CDC_DataIn
                0x0000000008008cf8       0xfe ./Middlewares/ST/STM32_USB_Device_Library/Class/CDC/Src/usbd_cdc.o
 .text.USBD_CDC_DataOut
                0x0000000008008df6       0x70 ./Middlewares/ST/STM32_USB_Device_Library/Class/CDC/Src/usbd_cdc.o
 .text.USBD_CDC_EP0_RxReady
                0x0000000008008e66       0x76 ./Middlewares/ST/STM32_USB_Device_Library/Class/CDC/Src/usbd_cdc.o
 .text.USBD_CDC_GetFSCfgDesc
                0x0000000008008edc       0x70 ./Middlewares/ST/STM32_USB_Device_Library/Class/CDC/Src/usbd_cdc.o
 .text.USBD_CDC_GetHSCfgDesc
                0x0000000008008f4c       0x70 ./Middlewares/ST/STM32_USB_Device_Library/Class/CDC/Src/usbd_cdc.o
 .text.USBD_CDC_GetOtherSpeedCfgDesc
                0x0000000008008fbc       0x70 ./Middlewares/ST/STM32_USB_Device_Library/Class/CDC/Src/usbd_cdc.o
 .text.USBD_CDC_GetDeviceQualifierDescriptor
                0x000000000800902c       0x20 ./Middlewares/ST/STM32_USB_Device_Library/Class/CDC/Src/usbd_cdc.o
                0x000000000800902c                USBD_CDC_GetDeviceQualifierDescriptor
 .text.USBD_CDC_RegisterInterface
                0x000000000800904c       0x34 ./Middlewares/ST/STM32_USB_Device_Library/Class/CDC/Src/usbd_cdc.o
                0x000000000800904c                USBD_CDC_RegisterInterface
 .text.USBD_CDC_SetTxBuffer
                0x0000000008009080       0x44 ./Middlewares/ST/STM32_USB_Device_Library/Class/CDC/Src/usbd_cdc.o
                0x0000000008009080                USBD_CDC_SetTxBuffer
 .text.USBD_CDC_SetRxBuffer
                0x00000000080090c4       0x3a ./Middlewares/ST/STM32_USB_Device_Library/Class/CDC/Src/usbd_cdc.o
                0x00000000080090c4                USBD_CDC_SetRxBuffer
 *fill*         0x00000000080090fe        0x2 
 .text.USBD_CDC_TransmitPacket
                0x0000000008009100       0x80 ./Middlewares/ST/STM32_USB_Device_Library/Class/CDC/Src/usbd_cdc.o
                0x0000000008009100                USBD_CDC_TransmitPacket
 .text.USBD_CDC_ReceivePacket
                0x0000000008009180       0x6c ./Middlewares/ST/STM32_USB_Device_Library/Class/CDC/Src/usbd_cdc.o
                0x0000000008009180                USBD_CDC_ReceivePacket
 .text.USBD_Init
                0x00000000080091ec       0x60 ./Middlewares/ST/STM32_USB_Device_Library/Core/Src/usbd_core.o
                0x00000000080091ec                USBD_Init
 .text.USBD_RegisterClass
                0x000000000800924c       0x6c ./Middlewares/ST/STM32_USB_Device_Library/Core/Src/usbd_core.o
                0x000000000800924c                USBD_RegisterClass
 .text.USBD_Start
                0x00000000080092b8       0x18 ./Middlewares/ST/STM32_USB_Device_Library/Core/Src/usbd_core.o
                0x00000000080092b8                USBD_Start
 .text.USBD_RunTestMode
                0x00000000080092d0       0x16 ./Middlewares/ST/STM32_USB_Device_Library/Core/Src/usbd_core.o
                0x00000000080092d0                USBD_RunTestMode
 .text.USBD_SetClassConfig
                0x00000000080092e6       0x38 ./Middlewares/ST/STM32_USB_Device_Library/Core/Src/usbd_core.o
                0x00000000080092e6                USBD_SetClassConfig
 .text.USBD_ClrClassConfig
                0x000000000800931e       0x34 ./Middlewares/ST/STM32_USB_Device_Library/Core/Src/usbd_core.o
                0x000000000800931e                USBD_ClrClassConfig
 .text.USBD_LL_SetupStage
                0x0000000008009352       0xaa ./Middlewares/ST/STM32_USB_Device_Library/Core/Src/usbd_core.o
                0x0000000008009352                USBD_LL_SetupStage
 .text.USBD_LL_DataOutStage
                0x00000000080093fc      0x166 ./Middlewares/ST/STM32_USB_Device_Library/Core/Src/usbd_core.o
                0x00000000080093fc                USBD_LL_DataOutStage
 .text.USBD_LL_DataInStage
                0x0000000008009562      0x164 ./Middlewares/ST/STM32_USB_Device_Library/Core/Src/usbd_core.o
                0x0000000008009562                USBD_LL_DataInStage
 .text.USBD_LL_Reset
                0x00000000080096c6       0xa4 ./Middlewares/ST/STM32_USB_Device_Library/Core/Src/usbd_core.o
                0x00000000080096c6                USBD_LL_Reset
 .text.USBD_LL_SetSpeed
                0x000000000800976a       0x20 ./Middlewares/ST/STM32_USB_Device_Library/Core/Src/usbd_core.o
                0x000000000800976a                USBD_LL_SetSpeed
 .text.USBD_LL_Suspend
                0x000000000800978a       0x38 ./Middlewares/ST/STM32_USB_Device_Library/Core/Src/usbd_core.o
                0x000000000800978a                USBD_LL_Suspend
 .text.USBD_LL_Resume
                0x00000000080097c2       0x30 ./Middlewares/ST/STM32_USB_Device_Library/Core/Src/usbd_core.o
                0x00000000080097c2                USBD_LL_Resume
 .text.USBD_LL_SOF
                0x00000000080097f2       0x40 ./Middlewares/ST/STM32_USB_Device_Library/Core/Src/usbd_core.o
                0x00000000080097f2                USBD_LL_SOF
 .text.USBD_LL_IsoINIncomplete
                0x0000000008009832       0x64 ./Middlewares/ST/STM32_USB_Device_Library/Core/Src/usbd_core.o
                0x0000000008009832                USBD_LL_IsoINIncomplete
 .text.USBD_LL_IsoOUTIncomplete
                0x0000000008009896       0x64 ./Middlewares/ST/STM32_USB_Device_Library/Core/Src/usbd_core.o
                0x0000000008009896                USBD_LL_IsoOUTIncomplete
 .text.USBD_LL_DevConnected
                0x00000000080098fa       0x16 ./Middlewares/ST/STM32_USB_Device_Library/Core/Src/usbd_core.o
                0x00000000080098fa                USBD_LL_DevConnected
 .text.USBD_LL_DevDisconnected
                0x0000000008009910       0x46 ./Middlewares/ST/STM32_USB_Device_Library/Core/Src/usbd_core.o
                0x0000000008009910                USBD_LL_DevDisconnected
 .text.USBD_CoreFindIF
                0x0000000008009956       0x1a ./Middlewares/ST/STM32_USB_Device_Library/Core/Src/usbd_core.o
                0x0000000008009956                USBD_CoreFindIF
 .text.USBD_CoreFindEP
                0x0000000008009970       0x1a ./Middlewares/ST/STM32_USB_Device_Library/Core/Src/usbd_core.o
                0x0000000008009970                USBD_CoreFindEP
 .text.USBD_GetEpDesc
                0x000000000800998a       0x74 ./Middlewares/ST/STM32_USB_Device_Library/Core/Src/usbd_core.o
                0x000000000800998a                USBD_GetEpDesc
 .text.USBD_GetNextDesc
                0x00000000080099fe       0x3a ./Middlewares/ST/STM32_USB_Device_Library/Core/Src/usbd_core.o
                0x00000000080099fe                USBD_GetNextDesc
 .text.SWAPBYTE
                0x0000000008009a38       0x3c ./Middlewares/ST/STM32_USB_Device_Library/Core/Src/usbd_ctlreq.o
 .text.USBD_StdDevReq
                0x0000000008009a74       0xe4 ./Middlewares/ST/STM32_USB_Device_Library/Core/Src/usbd_ctlreq.o
                0x0000000008009a74                USBD_StdDevReq
 .text.USBD_StdItfReq
                0x0000000008009b58       0xd8 ./Middlewares/ST/STM32_USB_Device_Library/Core/Src/usbd_ctlreq.o
                0x0000000008009b58                USBD_StdItfReq
 .text.USBD_StdEPReq
                0x0000000008009c30      0x33a ./Middlewares/ST/STM32_USB_Device_Library/Core/Src/usbd_ctlreq.o
                0x0000000008009c30                USBD_StdEPReq
 *fill*         0x0000000008009f6a        0x2 
 .text.USBD_GetDescriptor
                0x0000000008009f6c      0x2d4 ./Middlewares/ST/STM32_USB_Device_Library/Core/Src/usbd_ctlreq.o
 .text.USBD_SetAddress
                0x000000000800a240       0x88 ./Middlewares/ST/STM32_USB_Device_Library/Core/Src/usbd_ctlreq.o
 .text.USBD_SetConfig
                0x000000000800a2c8      0x154 ./Middlewares/ST/STM32_USB_Device_Library/Core/Src/usbd_ctlreq.o
 .text.USBD_GetConfig
                0x000000000800a41c       0x6c ./Middlewares/ST/STM32_USB_Device_Library/Core/Src/usbd_ctlreq.o
 .text.USBD_GetStatus
                0x000000000800a488       0x68 ./Middlewares/ST/STM32_USB_Device_Library/Core/Src/usbd_ctlreq.o
 .text.USBD_SetFeature
                0x000000000800a4f0       0x52 ./Middlewares/ST/STM32_USB_Device_Library/Core/Src/usbd_ctlreq.o
 .text.USBD_ClrFeature
                0x000000000800a542       0x44 ./Middlewares/ST/STM32_USB_Device_Library/Core/Src/usbd_ctlreq.o
 .text.USBD_ParseSetupRequest
                0x000000000800a586       0x74 ./Middlewares/ST/STM32_USB_Device_Library/Core/Src/usbd_ctlreq.o
                0x000000000800a586                USBD_ParseSetupRequest
 .text.USBD_CtlError
                0x000000000800a5fa       0x22 ./Middlewares/ST/STM32_USB_Device_Library/Core/Src/usbd_ctlreq.o
                0x000000000800a5fa                USBD_CtlError
 .text.USBD_GetString
                0x000000000800a61c       0x8c ./Middlewares/ST/STM32_USB_Device_Library/Core/Src/usbd_ctlreq.o
                0x000000000800a61c                USBD_GetString
 .text.USBD_GetLen
                0x000000000800a6a8       0x34 ./Middlewares/ST/STM32_USB_Device_Library/Core/Src/usbd_ctlreq.o
 .text.USBD_CtlSendData
                0x000000000800a6dc       0x36 ./Middlewares/ST/STM32_USB_Device_Library/Core/Src/usbd_ioreq.o
                0x000000000800a6dc                USBD_CtlSendData
 .text.USBD_CtlContinueSendData
                0x000000000800a712       0x22 ./Middlewares/ST/STM32_USB_Device_Library/Core/Src/usbd_ioreq.o
                0x000000000800a712                USBD_CtlContinueSendData
 .text.USBD_CtlPrepareRx
                0x000000000800a734       0x3a ./Middlewares/ST/STM32_USB_Device_Library/Core/Src/usbd_ioreq.o
                0x000000000800a734                USBD_CtlPrepareRx
 .text.USBD_CtlContinueRx
                0x000000000800a76e       0x22 ./Middlewares/ST/STM32_USB_Device_Library/Core/Src/usbd_ioreq.o
                0x000000000800a76e                USBD_CtlContinueRx
 .text.USBD_CtlSendStatus
                0x000000000800a790       0x26 ./Middlewares/ST/STM32_USB_Device_Library/Core/Src/usbd_ioreq.o
                0x000000000800a790                USBD_CtlSendStatus
 .text.USBD_CtlReceiveStatus
                0x000000000800a7b6       0x26 ./Middlewares/ST/STM32_USB_Device_Library/Core/Src/usbd_ioreq.o
                0x000000000800a7b6                USBD_CtlReceiveStatus
 .text.MX_USB_DEVICE_Init
                0x000000000800a7dc       0x60 ./USB_DEVICE/App/usb_device.o
                0x000000000800a7dc                MX_USB_DEVICE_Init
 .text.CDC_Init_FS
                0x000000000800a83c       0x28 ./USB_DEVICE/App/usbd_cdc_if.o
 .text.CDC_DeInit_FS
                0x000000000800a864       0x10 ./USB_DEVICE/App/usbd_cdc_if.o
 .text.CDC_Control_FS
                0x000000000800a874       0xbc ./USB_DEVICE/App/usbd_cdc_if.o
 .text.CDC_Receive_FS
                0x000000000800a930       0x34 ./USB_DEVICE/App/usbd_cdc_if.o
 .text.CDC_Transmit_FS
                0x000000000800a964       0x4c ./USB_DEVICE/App/usbd_cdc_if.o
                0x000000000800a964                CDC_Transmit_FS
 .text.CDC_TransmitCplt_FS
                0x000000000800a9b0       0x22 ./USB_DEVICE/App/usbd_cdc_if.o
 *fill*         0x000000000800a9d2        0x2 
 .text.USBD_FS_DeviceDescriptor
                0x000000000800a9d4       0x24 ./USB_DEVICE/App/usbd_desc.o
                0x000000000800a9d4                USBD_FS_DeviceDescriptor
 .text.USBD_FS_LangIDStrDescriptor
                0x000000000800a9f8       0x24 ./USB_DEVICE/App/usbd_desc.o
                0x000000000800a9f8                USBD_FS_LangIDStrDescriptor
 .text.USBD_FS_ProductStrDescriptor
                0x000000000800aa1c       0x3c ./USB_DEVICE/App/usbd_desc.o
                0x000000000800aa1c                USBD_FS_ProductStrDescriptor
 .text.USBD_FS_ManufacturerStrDescriptor
                0x000000000800aa58       0x28 ./USB_DEVICE/App/usbd_desc.o
                0x000000000800aa58                USBD_FS_ManufacturerStrDescriptor
 .text.USBD_FS_SerialStrDescriptor
                0x000000000800aa80       0x24 ./USB_DEVICE/App/usbd_desc.o
                0x000000000800aa80                USBD_FS_SerialStrDescriptor
 .text.USBD_FS_ConfigStrDescriptor
                0x000000000800aaa4       0x3c ./USB_DEVICE/App/usbd_desc.o
                0x000000000800aaa4                USBD_FS_ConfigStrDescriptor
 .text.USBD_FS_InterfaceStrDescriptor
                0x000000000800aae0       0x3c ./USB_DEVICE/App/usbd_desc.o
                0x000000000800aae0                USBD_FS_InterfaceStrDescriptor
 .text.Get_SerialNum
                0x000000000800ab1c       0x58 ./USB_DEVICE/App/usbd_desc.o
 .text.IntToUnicode
                0x000000000800ab74       0x7e ./USB_DEVICE/App/usbd_desc.o
 *fill*         0x000000000800abf2        0x2 
 .text.HAL_PCD_MspInit
                0x000000000800abf4       0xa8 ./USB_DEVICE/Target/usbd_conf.o
                0x000000000800abf4                HAL_PCD_MspInit
 .text.HAL_PCD_SetupStageCallback
                0x000000000800ac9c       0x24 ./USB_DEVICE/Target/usbd_conf.o
                0x000000000800ac9c                HAL_PCD_SetupStageCallback
 .text.HAL_PCD_DataOutStageCallback
                0x000000000800acc0       0x36 ./USB_DEVICE/Target/usbd_conf.o
                0x000000000800acc0                HAL_PCD_DataOutStageCallback
 .text.HAL_PCD_DataInStageCallback
                0x000000000800acf6       0x34 ./USB_DEVICE/Target/usbd_conf.o
                0x000000000800acf6                HAL_PCD_DataInStageCallback
 .text.HAL_PCD_SOFCallback
                0x000000000800ad2a       0x1c ./USB_DEVICE/Target/usbd_conf.o
                0x000000000800ad2a                HAL_PCD_SOFCallback
 .text.HAL_PCD_ResetCallback
                0x000000000800ad46       0x50 ./USB_DEVICE/Target/usbd_conf.o
                0x000000000800ad46                HAL_PCD_ResetCallback
 *fill*         0x000000000800ad96        0x2 
 .text.HAL_PCD_SuspendCallback
                0x000000000800ad98       0x4c ./USB_DEVICE/Target/usbd_conf.o
                0x000000000800ad98                HAL_PCD_SuspendCallback
 .text.HAL_PCD_ResumeCallback
                0x000000000800ade4       0x1c ./USB_DEVICE/Target/usbd_conf.o
                0x000000000800ade4                HAL_PCD_ResumeCallback
 .text.HAL_PCD_ISOOUTIncompleteCallback
                0x000000000800ae00       0x24 ./USB_DEVICE/Target/usbd_conf.o
                0x000000000800ae00                HAL_PCD_ISOOUTIncompleteCallback
 .text.HAL_PCD_ISOINIncompleteCallback
                0x000000000800ae24       0x24 ./USB_DEVICE/Target/usbd_conf.o
                0x000000000800ae24                HAL_PCD_ISOINIncompleteCallback
 .text.HAL_PCD_ConnectCallback
                0x000000000800ae48       0x1c ./USB_DEVICE/Target/usbd_conf.o
                0x000000000800ae48                HAL_PCD_ConnectCallback
 .text.HAL_PCD_DisconnectCallback
                0x000000000800ae64       0x1c ./USB_DEVICE/Target/usbd_conf.o
                0x000000000800ae64                HAL_PCD_DisconnectCallback
 .text.USBD_LL_Init
                0x000000000800ae80       0x98 ./USB_DEVICE/Target/usbd_conf.o
                0x000000000800ae80                USBD_LL_Init
 .text.USBD_LL_Start
                0x000000000800af18       0x36 ./USB_DEVICE/Target/usbd_conf.o
                0x000000000800af18                USBD_LL_Start
 .text.USBD_LL_OpenEP
                0x000000000800af4e       0x4c ./USB_DEVICE/Target/usbd_conf.o
                0x000000000800af4e                USBD_LL_OpenEP
 .text.USBD_LL_CloseEP
                0x000000000800af9a       0x3e ./USB_DEVICE/Target/usbd_conf.o
                0x000000000800af9a                USBD_LL_CloseEP
 .text.USBD_LL_StallEP
                0x000000000800afd8       0x3e ./USB_DEVICE/Target/usbd_conf.o
                0x000000000800afd8                USBD_LL_StallEP
 .text.USBD_LL_ClearStallEP
                0x000000000800b016       0x3e ./USB_DEVICE/Target/usbd_conf.o
                0x000000000800b016                USBD_LL_ClearStallEP
 .text.USBD_LL_IsStallEP
                0x000000000800b054       0x58 ./USB_DEVICE/Target/usbd_conf.o
                0x000000000800b054                USBD_LL_IsStallEP
 .text.USBD_LL_SetUSBAddress
                0x000000000800b0ac       0x3e ./USB_DEVICE/Target/usbd_conf.o
                0x000000000800b0ac                USBD_LL_SetUSBAddress
 .text.USBD_LL_Transmit
                0x000000000800b0ea       0x42 ./USB_DEVICE/Target/usbd_conf.o
                0x000000000800b0ea                USBD_LL_Transmit
 .text.USBD_LL_PrepareReceive
                0x000000000800b12c       0x42 ./USB_DEVICE/Target/usbd_conf.o
                0x000000000800b12c                USBD_LL_PrepareReceive
 .text.USBD_LL_GetRxDataSize
                0x000000000800b16e       0x26 ./USB_DEVICE/Target/usbd_conf.o
                0x000000000800b16e                USBD_LL_GetRxDataSize
 .text.USBD_static_malloc
                0x000000000800b194       0x1c ./USB_DEVICE/Target/usbd_conf.o
                0x000000000800b194                USBD_static_malloc
 .text.USBD_static_free
                0x000000000800b1b0       0x14 ./USB_DEVICE/Target/usbd_conf.o
                0x000000000800b1b0                USBD_static_free
 .text.USBD_Get_USB_Status
                0x000000000800b1c4       0x58 ./USB_DEVICE/Target/usbd_conf.o
                0x000000000800b1c4                USBD_Get_USB_Status
 .text.__itoa   0x000000000800b21c       0x30 C:/ST/STM32CubeIDE_1.14.1/STM32CubeIDE/plugins/com.st.stm32cube.ide.mcu.externaltools.gnu-tools-for-stm32.11.3.rel1.win32_1.1.100.202309141235/tools/bin/../lib/gcc/arm-none-eabi/11.3.1/../../../../arm-none-eabi/lib/thumb/v7e-m+fp/hard\libc_nano.a(libc_a-itoa.o)
                0x000000000800b21c                __itoa
 .text.itoa     0x000000000800b24c        0x4 C:/ST/STM32CubeIDE_1.14.1/STM32CubeIDE/plugins/com.st.stm32cube.ide.mcu.externaltools.gnu-tools-for-stm32.11.3.rel1.win32_1.1.100.202309141235/tools/bin/../lib/gcc/arm-none-eabi/11.3.1/../../../../arm-none-eabi/lib/thumb/v7e-m+fp/hard\libc_nano.a(libc_a-itoa.o)
                0x000000000800b24c                itoa
 .text.__utoa   0x000000000800b250       0x84 C:/ST/STM32CubeIDE_1.14.1/STM32CubeIDE/plugins/com.st.stm32cube.ide.mcu.externaltools.gnu-tools-for-stm32.11.3.rel1.win32_1.1.100.202309141235/tools/bin/../lib/gcc/arm-none-eabi/11.3.1/../../../../arm-none-eabi/lib/thumb/v7e-m+fp/hard\libc_nano.a(libc_a-utoa.o)
                0x000000000800b250                __utoa
 .text.std      0x000000000800b2d4       0x6c C:/ST/STM32CubeIDE_1.14.1/STM32CubeIDE/plugins/com.st.stm32cube.ide.mcu.externaltools.gnu-tools-for-stm32.11.3.rel1.win32_1.1.100.202309141235/tools/bin/../lib/gcc/arm-none-eabi/11.3.1/../../../../arm-none-eabi/lib/thumb/v7e-m+fp/hard\libc_nano.a(libc_a-findfp.o)
 .text.stdio_exit_handler
                0x000000000800b340       0x18 C:/ST/STM32CubeIDE_1.14.1/STM32CubeIDE/plugins/com.st.stm32cube.ide.mcu.externaltools.gnu-tools-for-stm32.11.3.rel1.win32_1.1.100.202309141235/tools/bin/../lib/gcc/arm-none-eabi/11.3.1/../../../../arm-none-eabi/lib/thumb/v7e-m+fp/hard\libc_nano.a(libc_a-findfp.o)
 .text.cleanup_stdio
                0x000000000800b358       0x40 C:/ST/STM32CubeIDE_1.14.1/STM32CubeIDE/plugins/com.st.stm32cube.ide.mcu.externaltools.gnu-tools-for-stm32.11.3.rel1.win32_1.1.100.202309141235/tools/bin/../lib/gcc/arm-none-eabi/11.3.1/../../../../arm-none-eabi/lib/thumb/v7e-m+fp/hard\libc_nano.a(libc_a-findfp.o)
 .text.global_stdio_init.part.0
                0x000000000800b398       0x3c C:/ST/STM32CubeIDE_1.14.1/STM32CubeIDE/plugins/com.st.stm32cube.ide.mcu.externaltools.gnu-tools-for-stm32.11.3.rel1.win32_1.1.100.202309141235/tools/bin/../lib/gcc/arm-none-eabi/11.3.1/../../../../arm-none-eabi/lib/thumb/v7e-m+fp/hard\libc_nano.a(libc_a-findfp.o)
 .text.__sfp_lock_acquire
                0x000000000800b3d4        0xc C:/ST/STM32CubeIDE_1.14.1/STM32CubeIDE/plugins/com.st.stm32cube.ide.mcu.externaltools.gnu-tools-for-stm32.11.3.rel1.win32_1.1.100.202309141235/tools/bin/../lib/gcc/arm-none-eabi/11.3.1/../../../../arm-none-eabi/lib/thumb/v7e-m+fp/hard\libc_nano.a(libc_a-findfp.o)
                0x000000000800b3d4                __sfp_lock_acquire
 .text.__sfp_lock_release
                0x000000000800b3e0        0xc C:/ST/STM32CubeIDE_1.14.1/STM32CubeIDE/plugins/com.st.stm32cube.ide.mcu.externaltools.gnu-tools-for-stm32.11.3.rel1.win32_1.1.100.202309141235/tools/bin/../lib/gcc/arm-none-eabi/11.3.1/../../../../arm-none-eabi/lib/thumb/v7e-m+fp/hard\libc_nano.a(libc_a-findfp.o)
                0x000000000800b3e0                __sfp_lock_release
 .text.__sinit  0x000000000800b3ec       0x30 C:/ST/STM32CubeIDE_1.14.1/STM32CubeIDE/plugins/com.st.stm32cube.ide.mcu.externaltools.gnu-tools-for-stm32.11.3.rel1.win32_1.1.100.202309141235/tools/bin/../lib/gcc/arm-none-eabi/11.3.1/../../../../arm-none-eabi/lib/thumb/v7e-m+fp/hard\libc_nano.a(libc_a-findfp.o)
                0x000000000800b3ec                __sinit
 .text._fwalk_sglue
                0x000000000800b41c       0x3c C:/ST/STM32CubeIDE_1.14.1/STM32CubeIDE/plugins/com.st.stm32cube.ide.mcu.externaltools.gnu-tools-for-stm32.11.3.rel1.win32_1.1.100.202309141235/tools/bin/../lib/gcc/arm-none-eabi/11.3.1/../../../../arm-none-eabi/lib/thumb/v7e-m+fp/hard\libc_nano.a(libc_a-fwalk.o)
                0x000000000800b41c                _fwalk_sglue
 .text.printf   0x000000000800b458       0x24 C:/ST/STM32CubeIDE_1.14.1/STM32CubeIDE/plugins/com.st.stm32cube.ide.mcu.externaltools.gnu-tools-for-stm32.11.3.rel1.win32_1.1.100.202309141235/tools/bin/../lib/gcc/arm-none-eabi/11.3.1/../../../../arm-none-eabi/lib/thumb/v7e-m+fp/hard\libc_nano.a(libc_a-printf.o)
                0x000000000800b458                iprintf
                0x000000000800b458                printf
 .text.putchar  0x000000000800b47c       0x10 C:/ST/STM32CubeIDE_1.14.1/STM32CubeIDE/plugins/com.st.stm32cube.ide.mcu.externaltools.gnu-tools-for-stm32.11.3.rel1.win32_1.1.100.202309141235/tools/bin/../lib/gcc/arm-none-eabi/11.3.1/../../../../arm-none-eabi/lib/thumb/v7e-m+fp/hard\libc_nano.a(libc_a-putchar.o)
                0x000000000800b47c                putchar
 .text._puts_r  0x000000000800b48c       0xa8 C:/ST/STM32CubeIDE_1.14.1/STM32CubeIDE/plugins/com.st.stm32cube.ide.mcu.externaltools.gnu-tools-for-stm32.11.3.rel1.win32_1.1.100.202309141235/tools/bin/../lib/gcc/arm-none-eabi/11.3.1/../../../../arm-none-eabi/lib/thumb/v7e-m+fp/hard\libc_nano.a(libc_a-puts.o)
                0x000000000800b48c                _puts_r
 .text.puts     0x000000000800b534       0x10 C:/ST/STM32CubeIDE_1.14.1/STM32CubeIDE/plugins/com.st.stm32cube.ide.mcu.externaltools.gnu-tools-for-stm32.11.3.rel1.win32_1.1.100.202309141235/tools/bin/../lib/gcc/arm-none-eabi/11.3.1/../../../../arm-none-eabi/lib/thumb/v7e-m+fp/hard\libc_nano.a(libc_a-puts.o)
                0x000000000800b534                puts
 .text.__sread  0x000000000800b544       0x22 C:/ST/STM32CubeIDE_1.14.1/STM32CubeIDE/plugins/com.st.stm32cube.ide.mcu.externaltools.gnu-tools-for-stm32.11.3.rel1.win32_1.1.100.202309141235/tools/bin/../lib/gcc/arm-none-eabi/11.3.1/../../../../arm-none-eabi/lib/thumb/v7e-m+fp/hard\libc_nano.a(libc_a-stdio.o)
                0x000000000800b544                __sread
 .text.__swrite
                0x000000000800b566       0x38 C:/ST/STM32CubeIDE_1.14.1/STM32CubeIDE/plugins/com.st.stm32cube.ide.mcu.externaltools.gnu-tools-for-stm32.11.3.rel1.win32_1.1.100.202309141235/tools/bin/../lib/gcc/arm-none-eabi/11.3.1/../../../../arm-none-eabi/lib/thumb/v7e-m+fp/hard\libc_nano.a(libc_a-stdio.o)
                0x000000000800b566                __swrite
 .text.__sseek  0x000000000800b59e       0x24 C:/ST/STM32CubeIDE_1.14.1/STM32CubeIDE/plugins/com.st.stm32cube.ide.mcu.externaltools.gnu-tools-for-stm32.11.3.rel1.win32_1.1.100.202309141235/tools/bin/../lib/gcc/arm-none-eabi/11.3.1/../../../../arm-none-eabi/lib/thumb/v7e-m+fp/hard\libc_nano.a(libc_a-stdio.o)
                0x000000000800b59e                __sseek
 .text.__sclose
                0x000000000800b5c2        0x8 C:/ST/STM32CubeIDE_1.14.1/STM32CubeIDE/plugins/com.st.stm32cube.ide.mcu.externaltools.gnu-tools-for-stm32.11.3.rel1.win32_1.1.100.202309141235/tools/bin/../lib/gcc/arm-none-eabi/11.3.1/../../../../arm-none-eabi/lib/thumb/v7e-m+fp/hard\libc_nano.a(libc_a-stdio.o)
                0x000000000800b5c2                __sclose
 .text.__swbuf_r
                0x000000000800b5ca       0x7a C:/ST/STM32CubeIDE_1.14.1/STM32CubeIDE/plugins/com.st.stm32cube.ide.mcu.externaltools.gnu-tools-for-stm32.11.3.rel1.win32_1.1.100.202309141235/tools/bin/../lib/gcc/arm-none-eabi/11.3.1/../../../../arm-none-eabi/lib/thumb/v7e-m+fp/hard\libc_nano.a(libc_a-wbuf.o)
                0x000000000800b5ca                __swbuf_r
 .text.__swsetup_r
                0x000000000800b644       0xb0 C:/ST/STM32CubeIDE_1.14.1/STM32CubeIDE/plugins/com.st.stm32cube.ide.mcu.externaltools.gnu-tools-for-stm32.11.3.rel1.win32_1.1.100.202309141235/tools/bin/../lib/gcc/arm-none-eabi/11.3.1/../../../../arm-none-eabi/lib/thumb/v7e-m+fp/hard\libc_nano.a(libc_a-wsetup.o)
                0x000000000800b644                __swsetup_r
 .text.memcmp   0x000000000800b6f4       0x20 C:/ST/STM32CubeIDE_1.14.1/STM32CubeIDE/plugins/com.st.stm32cube.ide.mcu.externaltools.gnu-tools-for-stm32.11.3.rel1.win32_1.1.100.202309141235/tools/bin/../lib/gcc/arm-none-eabi/11.3.1/../../../../arm-none-eabi/lib/thumb/v7e-m+fp/hard\libc_nano.a(libc_a-memcmp.o)
                0x000000000800b6f4                memcmp
 .text.memset   0x000000000800b714       0x10 C:/ST/STM32CubeIDE_1.14.1/STM32CubeIDE/plugins/com.st.stm32cube.ide.mcu.externaltools.gnu-tools-for-stm32.11.3.rel1.win32_1.1.100.202309141235/tools/bin/../lib/gcc/arm-none-eabi/11.3.1/../../../../arm-none-eabi/lib/thumb/v7e-m+fp/hard\libc_nano.a(libc_a-memset.o)
                0x000000000800b714                memset
 .text._close_r
                0x000000000800b724       0x20 C:/ST/STM32CubeIDE_1.14.1/STM32CubeIDE/plugins/com.st.stm32cube.ide.mcu.externaltools.gnu-tools-for-stm32.11.3.rel1.win32_1.1.100.202309141235/tools/bin/../lib/gcc/arm-none-eabi/11.3.1/../../../../arm-none-eabi/lib/thumb/v7e-m+fp/hard\libc_nano.a(libc_a-closer.o)
                0x000000000800b724                _close_r
 .text._lseek_r
                0x000000000800b744       0x24 C:/ST/STM32CubeIDE_1.14.1/STM32CubeIDE/plugins/com.st.stm32cube.ide.mcu.externaltools.gnu-tools-for-stm32.11.3.rel1.win32_1.1.100.202309141235/tools/bin/../lib/gcc/arm-none-eabi/11.3.1/../../../../arm-none-eabi/lib/thumb/v7e-m+fp/hard\libc_nano.a(libc_a-lseekr.o)
                0x000000000800b744                _lseek_r
 .text._read_r  0x000000000800b768       0x24 C:/ST/STM32CubeIDE_1.14.1/STM32CubeIDE/plugins/com.st.stm32cube.ide.mcu.externaltools.gnu-tools-for-stm32.11.3.rel1.win32_1.1.100.202309141235/tools/bin/../lib/gcc/arm-none-eabi/11.3.1/../../../../arm-none-eabi/lib/thumb/v7e-m+fp/hard\libc_nano.a(libc_a-readr.o)
                0x000000000800b768                _read_r
 .text._write_r
                0x000000000800b78c       0x24 C:/ST/STM32CubeIDE_1.14.1/STM32CubeIDE/plugins/com.st.stm32cube.ide.mcu.externaltools.gnu-tools-for-stm32.11.3.rel1.win32_1.1.100.202309141235/tools/bin/../lib/gcc/arm-none-eabi/11.3.1/../../../../arm-none-eabi/lib/thumb/v7e-m+fp/hard\libc_nano.a(libc_a-writer.o)
                0x000000000800b78c                _write_r
 .text.__errno  0x000000000800b7b0        0xc C:/ST/STM32CubeIDE_1.14.1/STM32CubeIDE/plugins/com.st.stm32cube.ide.mcu.externaltools.gnu-tools-for-stm32.11.3.rel1.win32_1.1.100.202309141235/tools/bin/../lib/gcc/arm-none-eabi/11.3.1/../../../../arm-none-eabi/lib/thumb/v7e-m+fp/hard\libc_nano.a(libc_a-errno.o)
                0x000000000800b7b0                __errno
 .text.__libc_init_array
                0x000000000800b7bc       0x48 C:/ST/STM32CubeIDE_1.14.1/STM32CubeIDE/plugins/com.st.stm32cube.ide.mcu.externaltools.gnu-tools-for-stm32.11.3.rel1.win32_1.1.100.202309141235/tools/bin/../lib/gcc/arm-none-eabi/11.3.1/../../../../arm-none-eabi/lib/thumb/v7e-m+fp/hard\libc_nano.a(libc_a-init.o)
                0x000000000800b7bc                __libc_init_array
 .text.__retarget_lock_init_recursive
                0x000000000800b804        0x2 C:/ST/STM32CubeIDE_1.14.1/STM32CubeIDE/plugins/com.st.stm32cube.ide.mcu.externaltools.gnu-tools-for-stm32.11.3.rel1.win32_1.1.100.202309141235/tools/bin/../lib/gcc/arm-none-eabi/11.3.1/../../../../arm-none-eabi/lib/thumb/v7e-m+fp/hard\libc_nano.a(libc_a-lock.o)
                0x000000000800b804                __retarget_lock_init_recursive
 .text.__retarget_lock_acquire_recursive
                0x000000000800b806        0x2 C:/ST/STM32CubeIDE_1.14.1/STM32CubeIDE/plugins/com.st.stm32cube.ide.mcu.externaltools.gnu-tools-for-stm32.11.3.rel1.win32_1.1.100.202309141235/tools/bin/../lib/gcc/arm-none-eabi/11.3.1/../../../../arm-none-eabi/lib/thumb/v7e-m+fp/hard\libc_nano.a(libc_a-lock.o)
                0x000000000800b806                __retarget_lock_acquire_recursive
 .text.__retarget_lock_release_recursive
                0x000000000800b808        0x2 C:/ST/STM32CubeIDE_1.14.1/STM32CubeIDE/plugins/com.st.stm32cube.ide.mcu.externaltools.gnu-tools-for-stm32.11.3.rel1.win32_1.1.100.202309141235/tools/bin/../lib/gcc/arm-none-eabi/11.3.1/../../../../arm-none-eabi/lib/thumb/v7e-m+fp/hard\libc_nano.a(libc_a-lock.o)
                0x000000000800b808                __retarget_lock_release_recursive
 .text.__aeabi_memcpy
                0x000000000800b80a        0x4 C:/ST/STM32CubeIDE_1.14.1/STM32CubeIDE/plugins/com.st.stm32cube.ide.mcu.externaltools.gnu-tools-for-stm32.11.3.rel1.win32_1.1.100.202309141235/tools/bin/../lib/gcc/arm-none-eabi/11.3.1/../../../../arm-none-eabi/lib/thumb/v7e-m+fp/hard\libc_nano.a(libc_a-aeabi_memcpy.o)
                0x000000000800b80a                __aeabi_memcpy4
                0x000000000800b80a                __aeabi_memcpy8
                0x000000000800b80a                __aeabi_memcpy
 .text.__aeabi_memclr
                0x000000000800b80e        0x6 C:/ST/STM32CubeIDE_1.14.1/STM32CubeIDE/plugins/com.st.stm32cube.ide.mcu.externaltools.gnu-tools-for-stm32.11.3.rel1.win32_1.1.100.202309141235/tools/bin/../lib/gcc/arm-none-eabi/11.3.1/../../../../arm-none-eabi/lib/thumb/v7e-m+fp/hard\libc_nano.a(libc_a-aeabi_memclr.o)
                0x000000000800b80e                __aeabi_memclr
                0x000000000800b80e                __aeabi_memclr4
                0x000000000800b80e                __aeabi_memclr8
 .text.memcpy   0x000000000800b814       0x1c C:/ST/STM32CubeIDE_1.14.1/STM32CubeIDE/plugins/com.st.stm32cube.ide.mcu.externaltools.gnu-tools-for-stm32.11.3.rel1.win32_1.1.100.202309141235/tools/bin/../lib/gcc/arm-none-eabi/11.3.1/../../../../arm-none-eabi/lib/thumb/v7e-m+fp/hard\libc_nano.a(libc_a-memcpy-stub.o)
                0x000000000800b814                memcpy
 .text._free_r  0x000000000800b830       0x98 C:/ST/STM32CubeIDE_1.14.1/STM32CubeIDE/plugins/com.st.stm32cube.ide.mcu.externaltools.gnu-tools-for-stm32.11.3.rel1.win32_1.1.100.202309141235/tools/bin/../lib/gcc/arm-none-eabi/11.3.1/../../../../arm-none-eabi/lib/thumb/v7e-m+fp/hard\libc_nano.a(libc_a-freer.o)
                0x000000000800b830                _free_r
 .text.sbrk_aligned
                0x000000000800b8c8       0x40 C:/ST/STM32CubeIDE_1.14.1/STM32CubeIDE/plugins/com.st.stm32cube.ide.mcu.externaltools.gnu-tools-for-stm32.11.3.rel1.win32_1.1.100.202309141235/tools/bin/../lib/gcc/arm-none-eabi/11.3.1/../../../../arm-none-eabi/lib/thumb/v7e-m+fp/hard\libc_nano.a(libc_a-mallocr.o)
 .text._malloc_r
                0x000000000800b908      0x100 C:/ST/STM32CubeIDE_1.14.1/STM32CubeIDE/plugins/com.st.stm32cube.ide.mcu.externaltools.gnu-tools-for-stm32.11.3.rel1.win32_1.1.100.202309141235/tools/bin/../lib/gcc/arm-none-eabi/11.3.1/../../../../arm-none-eabi/lib/thumb/v7e-m+fp/hard\libc_nano.a(libc_a-mallocr.o)
                0x000000000800b908                _malloc_r
 .text.__malloc_lock
                0x000000000800ba08        0xc C:/ST/STM32CubeIDE_1.14.1/STM32CubeIDE/plugins/com.st.stm32cube.ide.mcu.externaltools.gnu-tools-for-stm32.11.3.rel1.win32_1.1.100.202309141235/tools/bin/../lib/gcc/arm-none-eabi/11.3.1/../../../../arm-none-eabi/lib/thumb/v7e-m+fp/hard\libc_nano.a(libc_a-mlock.o)
                0x000000000800ba08                __malloc_lock
 .text.__malloc_unlock
                0x000000000800ba14        0xc C:/ST/STM32CubeIDE_1.14.1/STM32CubeIDE/plugins/com.st.stm32cube.ide.mcu.externaltools.gnu-tools-for-stm32.11.3.rel1.win32_1.1.100.202309141235/tools/bin/../lib/gcc/arm-none-eabi/11.3.1/../../../../arm-none-eabi/lib/thumb/v7e-m+fp/hard\libc_nano.a(libc_a-mlock.o)
                0x000000000800ba14                __malloc_unlock
 .text.__sfputc_r
                0x000000000800ba20       0x2e C:/ST/STM32CubeIDE_1.14.1/STM32CubeIDE/plugins/com.st.stm32cube.ide.mcu.externaltools.gnu-tools-for-stm32.11.3.rel1.win32_1.1.100.202309141235/tools/bin/../lib/gcc/arm-none-eabi/11.3.1/../../../../arm-none-eabi/lib/thumb/v7e-m+fp/hard\libc_nano.a(libc_a-nano-vfprintf.o)
 .text.__sfputs_r
                0x000000000800ba4e       0x24 C:/ST/STM32CubeIDE_1.14.1/STM32CubeIDE/plugins/com.st.stm32cube.ide.mcu.externaltools.gnu-tools-for-stm32.11.3.rel1.win32_1.1.100.202309141235/tools/bin/../lib/gcc/arm-none-eabi/11.3.1/../../../../arm-none-eabi/lib/thumb/v7e-m+fp/hard\libc_nano.a(libc_a-nano-vfprintf.o)
                0x000000000800ba4e                __sfputs_r
 *fill*         0x000000000800ba72        0x2 
 .text._vfprintf_r
                0x000000000800ba74      0x234 C:/ST/STM32CubeIDE_1.14.1/STM32CubeIDE/plugins/com.st.stm32cube.ide.mcu.externaltools.gnu-tools-for-stm32.11.3.rel1.win32_1.1.100.202309141235/tools/bin/../lib/gcc/arm-none-eabi/11.3.1/../../../../arm-none-eabi/lib/thumb/v7e-m+fp/hard\libc_nano.a(libc_a-nano-vfprintf.o)
                0x000000000800ba74                _vfprintf_r
                0x000000000800ba74                _vfiprintf_r
 .text._printf_common
                0x000000000800bca8       0xda C:/ST/STM32CubeIDE_1.14.1/STM32CubeIDE/plugins/com.st.stm32cube.ide.mcu.externaltools.gnu-tools-for-stm32.11.3.rel1.win32_1.1.100.202309141235/tools/bin/../lib/gcc/arm-none-eabi/11.3.1/../../../../arm-none-eabi/lib/thumb/v7e-m+fp/hard\libc_nano.a(libc_a-nano-vfprintf_i.o)
                0x000000000800bca8                _printf_common
 *fill*         0x000000000800bd82        0x2 
 .text._printf_i
                0x000000000800bd84      0x244 C:/ST/STM32CubeIDE_1.14.1/STM32CubeIDE/plugins/com.st.stm32cube.ide.mcu.externaltools.gnu-tools-for-stm32.11.3.rel1.win32_1.1.100.202309141235/tools/bin/../lib/gcc/arm-none-eabi/11.3.1/../../../../arm-none-eabi/lib/thumb/v7e-m+fp/hard\libc_nano.a(libc_a-nano-vfprintf_i.o)
                0x000000000800bd84                _printf_i
 .text.__sflush_r
                0x000000000800bfc8      0x10c C:/ST/STM32CubeIDE_1.14.1/STM32CubeIDE/plugins/com.st.stm32cube.ide.mcu.externaltools.gnu-tools-for-stm32.11.3.rel1.win32_1.1.100.202309141235/tools/bin/../lib/gcc/arm-none-eabi/11.3.1/../../../../arm-none-eabi/lib/thumb/v7e-m+fp/hard\libc_nano.a(libc_a-fflush.o)
                0x000000000800bfc8                __sflush_r
 .text._fflush_r
                0x000000000800c0d4       0x50 C:/ST/STM32CubeIDE_1.14.1/STM32CubeIDE/plugins/com.st.stm32cube.ide.mcu.externaltools.gnu-tools-for-stm32.11.3.rel1.win32_1.1.100.202309141235/tools/bin/../lib/gcc/arm-none-eabi/11.3.1/../../../../arm-none-eabi/lib/thumb/v7e-m+fp/hard\libc_nano.a(libc_a-fflush.o)
                0x000000000800c0d4                _fflush_r
 .text.__swhatbuf_r
                0x000000000800c124       0x4c C:/ST/STM32CubeIDE_1.14.1/STM32CubeIDE/plugins/com.st.stm32cube.ide.mcu.externaltools.gnu-tools-for-stm32.11.3.rel1.win32_1.1.100.202309141235/tools/bin/../lib/gcc/arm-none-eabi/11.3.1/../../../../arm-none-eabi/lib/thumb/v7e-m+fp/hard\libc_nano.a(libc_a-makebuf.o)
                0x000000000800c124                __swhatbuf_r
 .text.__smakebuf_r
                0x000000000800c170       0x78 C:/ST/STM32CubeIDE_1.14.1/STM32CubeIDE/plugins/com.st.stm32cube.ide.mcu.externaltools.gnu-tools-for-stm32.11.3.rel1.win32_1.1.100.202309141235/tools/bin/../lib/gcc/arm-none-eabi/11.3.1/../../../../arm-none-eabi/lib/thumb/v7e-m+fp/hard\libc_nano.a(libc_a-makebuf.o)
                0x000000000800c170                __smakebuf_r
 .text._putc_r  0x000000000800c1e8       0x68 C:/ST/STM32CubeIDE_1.14.1/STM32CubeIDE/plugins/com.st.stm32cube.ide.mcu.externaltools.gnu-tools-for-stm32.11.3.rel1.win32_1.1.100.202309141235/tools/bin/../lib/gcc/arm-none-eabi/11.3.1/../../../../arm-none-eabi/lib/thumb/v7e-m+fp/hard\libc_nano.a(libc_a-putc.o)
                0x000000000800c1e8                _putc_r
 .text._fstat_r
                0x000000000800c250       0x24 C:/ST/STM32CubeIDE_1.14.1/STM32CubeIDE/plugins/com.st.stm32cube.ide.mcu.externaltools.gnu-tools-for-stm32.11.3.rel1.win32_1.1.100.202309141235/tools/bin/../lib/gcc/arm-none-eabi/11.3.1/../../../../arm-none-eabi/lib/thumb/v7e-m+fp/hard\libc_nano.a(libc_a-fstatr.o)
                0x000000000800c250                _fstat_r
 .text._isatty_r
                0x000000000800c274       0x20 C:/ST/STM32CubeIDE_1.14.1/STM32CubeIDE/plugins/com.st.stm32cube.ide.mcu.externaltools.gnu-tools-for-stm32.11.3.rel1.win32_1.1.100.202309141235/tools/bin/../lib/gcc/arm-none-eabi/11.3.1/../../../../arm-none-eabi/lib/thumb/v7e-m+fp/hard\libc_nano.a(libc_a-isattyr.o)
                0x000000000800c274                _isatty_r
 .text._sbrk_r  0x000000000800c294       0x20 C:/ST/STM32CubeIDE_1.14.1/STM32CubeIDE/plugins/com.st.stm32cube.ide.mcu.externaltools.gnu-tools-for-stm32.11.3.rel1.win32_1.1.100.202309141235/tools/bin/../lib/gcc/arm-none-eabi/11.3.1/../../../../arm-none-eabi/lib/thumb/v7e-m+fp/hard\libc_nano.a(libc_a-sbrkr.o)
                0x000000000800c294                _sbrk_r
 *(.glue_7)
 .glue_7        0x000000000800c2b4        0x0 linker stubs
 *(.glue_7t)
 .glue_7t       0x000000000800c2b4        0x0 linker stubs
 *(.eh_frame)
 .eh_frame      0x000000000800c2b4        0x0 C:/ST/STM32CubeIDE_1.14.1/STM32CubeIDE/plugins/com.st.stm32cube.ide.mcu.externaltools.gnu-tools-for-stm32.11.3.rel1.win32_1.1.100.202309141235/tools/bin/../lib/gcc/arm-none-eabi/11.3.1/thumb/v7e-m+fp/hard/crtbegin.o
 *(.init)
 .init          0x000000000800c2b4        0x4 C:/ST/STM32CubeIDE_1.14.1/STM32CubeIDE/plugins/com.st.stm32cube.ide.mcu.externaltools.gnu-tools-for-stm32.11.3.rel1.win32_1.1.100.202309141235/tools/bin/../lib/gcc/arm-none-eabi/11.3.1/thumb/v7e-m+fp/hard/crti.o
                0x000000000800c2b4                _init
 .init          0x000000000800c2b8        0x8 C:/ST/STM32CubeIDE_1.14.1/STM32CubeIDE/plugins/com.st.stm32cube.ide.mcu.externaltools.gnu-tools-for-stm32.11.3.rel1.win32_1.1.100.202309141235/tools/bin/../lib/gcc/arm-none-eabi/11.3.1/thumb/v7e-m+fp/hard/crtn.o
 *(.fini)
 .fini          0x000000000800c2c0        0x4 C:/ST/STM32CubeIDE_1.14.1/STM32CubeIDE/plugins/com.st.stm32cube.ide.mcu.externaltools.gnu-tools-for-stm32.11.3.rel1.win32_1.1.100.202309141235/tools/bin/../lib/gcc/arm-none-eabi/11.3.1/thumb/v7e-m+fp/hard/crti.o
                0x000000000800c2c0                _fini
 .fini          0x000000000800c2c4        0x8 C:/ST/STM32CubeIDE_1.14.1/STM32CubeIDE/plugins/com.st.stm32cube.ide.mcu.externaltools.gnu-tools-for-stm32.11.3.rel1.win32_1.1.100.202309141235/tools/bin/../lib/gcc/arm-none-eabi/11.3.1/thumb/v7e-m+fp/hard/crtn.o
                0x000000000800c2cc                . = ALIGN (0x4)
                0x000000000800c2cc                _etext = .

.vfp11_veneer   0x000000000800c2cc        0x0
 .vfp11_veneer  0x000000000800c2cc        0x0 linker stubs

.v4_bx          0x000000000800c2cc        0x0
 .v4_bx         0x000000000800c2cc        0x0 linker stubs

.iplt           0x000000000800c2cc        0x0
 .iplt          0x000000000800c2cc        0x0 C:/ST/STM32CubeIDE_1.14.1/STM32CubeIDE/plugins/com.st.stm32cube.ide.mcu.externaltools.gnu-tools-for-stm32.11.3.rel1.win32_1.1.100.202309141235/tools/bin/../lib/gcc/arm-none-eabi/11.3.1/thumb/v7e-m+fp/hard/crtbegin.o

.rodata         0x000000000800c2cc     0x1ba4
                0x000000000800c2cc                . = ALIGN (0x4)
 *(.rodata)
 .rodata        0x000000000800c2cc      0x101 ./Core/Src/main.o
 *fill*         0x000000000800c3cd        0x3 
 .rodata        0x000000000800c3d0       0x46 ./USB_DEVICE/App/usbd_desc.o
 *fill*         0x000000000800c416        0x2 
 .rodata        0x000000000800c418        0x8 C:\Users\saman\Desktop\Cyber\Library\en.STM32CubeExpansion_Crypto\STM32CubeExpansion_Crypto_V4.1.0\Middlewares\ST\STM32_Cryptographic\lib\libSTM32Cryptographic_CM4.a(cmox_init.c.o)
                0x000000000800c418                cmox_table
 .rodata        0x000000000800c420        0x4 C:\Users\saman\Desktop\Cyber\Library\en.STM32CubeExpansion_Crypto\STM32CubeExpansion_Crypto_V4.1.0\Middlewares\ST\STM32_Cryptographic\lib\libSTM32Cryptographic_CM4.a(cmox_sha256.c.o)
 .rodata        0x000000000800c424        0x4 C:\Users\saman\Desktop\Cyber\Library\en.STM32CubeExpansion_Crypto\STM32CubeExpansion_Crypto_V4.1.0\Middlewares\ST\STM32_Cryptographic\lib\libSTM32Cryptographic_CM4.a(cmox_sha256.c.o)
                0x000000000800c424                CMOX_SHA256_ALGO
 .rodata        0x000000000800c428      0x100 C:\Users\saman\Desktop\Cyber\Library\en.STM32CubeExpansion_Crypto\STM32CubeExpansion_Crypto_V4.1.0\Middlewares\ST\STM32_Cryptographic\lib\libSTM32Cryptographic_CM4.a(cmox_sha256_common.c.o)
 .rodata        0x000000000800c528       0x10 C:\Users\saman\Desktop\Cyber\Library\en.STM32CubeExpansion_Crypto\STM32CubeExpansion_Crypto_V4.1.0\Middlewares\ST\STM32_Cryptographic\lib\libSTM32Cryptographic_CM4.a(cmox_sha256_common.c.o)
                0x000000000800c528                CMOX_MD_SHA256_VTABLE_ST
 *(.rodata*)
 .rodata.Font7x10
                0x000000000800c538      0x76c ./Core/Src/fonts.o
                0x000000000800c538                Font7x10
 .rodata.Font11x18
                0x000000000800cca4      0xd5c ./Core/Src/fonts.o
                0x000000000800cca4                Font11x18
 .rodata.logo   0x000000000800da00      0x400 ./Core/Src/main.o
                0x000000000800da00                logo
 .rodata.AHBPrescTable
                0x000000000800de00       0x10 ./Core/Src/system_stm32f4xx.o
                0x000000000800de00                AHBPrescTable
 .rodata.APBPrescTable