Archive member included to satisfy reference by file (symbol)

../X-CUBE-CRYPTOLIB/Middlewares/ST/STM32_Cryptographic/lib\libSTM32Cryptographic_CM4.a(cmox_cbc_aesfast_decrypt.c.o)
                              ./Core/Src/main.o (CMOX_AESFAST_CBC_DEC_ALGO)
../X-CUBE-CRYPTOLIB/Middlewares/ST/STM32_Cryptographic/lib\libSTM32Cryptographic_CM4.a(cmox_cbc_aesfast_encrypt.c.o)
                              ./Core/Src/main.o (CMOX_AESFAST_CBC_ENC_ALGO)
../X-CUBE-CRYPTOLIB/Middlewares/ST/STM32_Cryptographic/lib\libSTM32Cryptographic_CM4.a(cmox_cbc_common.c.o)
                              ../X-CUBE-CRYPTOLIB/Middlewares/ST/STM32_Cryptographic/lib\libSTM32Cryptographic_CM4.a(cmox_cbc_aesfast_decrypt.c.o) (cmox_cbc_construct)
../X-CUBE-CRYPTOLIB/Middlewares/ST/STM32_Cryptographic/lib\libSTM32Cryptographic_CM4.a(cmox_cbc_decrypt.c.o)
                              ../X-CUBE-CRYPTOLIB/Middlewares/ST/STM32_Cryptographic/lib\libSTM32Cryptographic_CM4.a(cmox_cbc_aesfast_decrypt.c.o) (cmox_cbcDecrypt_construct)
../X-CUBE-CRYPTOLIB/Middlewares/ST/STM32_Cryptographic/lib\libSTM32Cryptographic_CM4.a(cmox_cbc_encrypt.c.o)
                              ../X-CUBE-CRYPTOLIB/Middlewares/ST/STM32_Cryptographic/lib\libSTM32Cryptographic_CM4.a(cmox_cbc_aesfast_encrypt.c.o) (cmox_cbcEncrypt_construct)
../X-CUBE-CRYPTOLIB/Middlewares/ST/STM32_Cryptographic/lib\libSTM32Cryptographic_CM4.a(cmox_cipher.c.o)
                              ./Core/Src/main.o (cmox_cipher_decrypt)
../X-CUBE-CRYPTOLIB/Middlewares/ST/STM32_Cryptographic/lib\libSTM32Cryptographic_CM4.a(cmox_cipher_modes.c.o)
                              ../X-CUBE-CRYPTOLIB/Middlewares/ST/STM32_Cryptographic/lib\libSTM32Cryptographic_CM4.a(cmox_cbc_common.c.o) (cmox_cipherMode_init)
../X-CUBE-CRYPTOLIB/Middlewares/ST/STM32_Cryptographic/lib\libSTM32Cryptographic_CM4.a(cmox_cipher_utils.c.o)
                              ../X-CUBE-CRYPTOLIB/Middlewares/ST/STM32_Cryptographic/lib\libSTM32Cryptographic_CM4.a(cmox_cbc_decrypt.c.o) (convert_block_2_bytes)
../X-CUBE-CRYPTOLIB/Middlewares/ST/STM32_Cryptographic/lib\libSTM32Cryptographic_CM4.a(cmox_hash.c.o)
                              ./Core/Src/main.o (cmox_hash_compute)
../X-CUBE-CRYPTOLIB/Middlewares/ST/STM32_Cryptographic/lib\libSTM32Cryptographic_CM4.a(cmox_init.c.o)
                              ../X-CUBE-CRYPTOLIB/Middlewares/ST/STM32_Cryptographic/lib\libSTM32Cryptographic_CM4.a(cmox_cipher_modes.c.o) (cmox_init_ctxi)
../X-CUBE-CRYPTOLIB/Middlewares/ST/STM32_Cryptographic/lib\libSTM32Cryptographic_CM4.a(cmox_sha256.c.o)
                              ./Core/Src/main.o (CMOX_SHA256_ALGO)
../X-CUBE-CRYPTOLIB/Middlewares/ST/STM32_Cryptographic/lib\libSTM32Cryptographic_CM4.a(cmox_sha256_common.c.o)
                              ../X-CUBE-CRYPTOLIB/Middlewares/ST/STM32_Cryptographic/lib\libSTM32Cryptographic_CM4.a(cmox_sha256.c.o) (CMOX_MD_SHA256_VTABLE_ST)
../X-CUBE-CRYPTOLIB/Middlewares/ST/STM32_Cryptographic/lib\libSTM32Cryptographic_CM4.a(cmox_aesfast_decrypt.c.o)
                              ../X-CUBE-CRYPTOLIB/Middlewares/ST/STM32_Cryptographic/lib\libSTM32Cryptographic_CM4.a(cmox_cbc_aesfast_decrypt.c.o) (CMOX_AESFAST_DECRYPT_VTABLE)
../X-CUBE-CRYPTOLIB/Middlewares/ST/STM32_Cryptographic/lib\libSTM32Cryptographic_CM4.a(cmox_aesfast_encrypt.c.o)
                              ../X-CUBE-CRYPTOLIB/Middlewares/ST/STM32_Cryptographic/lib\libSTM32Cryptographic_CM4.a(cmox_cbc_aesfast_encrypt.c.o) (CMOX_AESFAST_ENCRYPT_VTABLE)
../X-CUBE-CRYPTOLIB/Middlewares/ST/STM32_Cryptographic/lib\libSTM32Cryptographic_CM4.a(cmox_md.c.o)
                              ../X-CUBE-CRYPTOLIB/Middlewares/ST/STM32_Cryptographic/lib\libSTM32Cryptographic_CM4.a(cmox_sha256.c.o) (cmox_md_append)
../X-CUBE-CRYPTOLIB/Middlewares/ST/STM32_Cryptographic/lib\libSTM32Cryptographic_CM4.a(cmox_aes_common.c.o)
                              ../X-CUBE-CRYPTOLIB/Middlewares/ST/STM32_Cryptographic/lib\libSTM32Cryptographic_CM4.a(cmox_aesfast_decrypt.c.o) (CMOX_AES_INV_SBOX)
C:/ST/STM32CubeIDE_1.14.1/STM32CubeIDE/plugins/com.st.stm32cube.ide.mcu.externaltools.gnu-tools-for-stm32.11.3.rel1.win32_1.1.100.202309141235/tools/bin/../lib/gcc/arm-none-eabi/11.3.1/../../../../arm-none-eabi/lib/thumb/v7e-m+fp/hard\libc_nano.a(libc_a-exit.o)
                              C:/ST/STM32CubeIDE_1.14.1/STM32CubeIDE/plugins/com.st.stm32cube.ide.mcu.externaltools.gnu-tools-for-stm32.11.3.rel1.win32_1.1.100.202309141235/tools/bin/../lib/gcc/arm-none-eabi/11.3.1/../../../../arm-none-eabi/lib/thumb/v7e-m+fp/hard/crt0.o (exit)
C:/ST/STM32CubeIDE_1.14.1/STM32CubeIDE/plugins/com.st.stm32cube.ide.mcu.externaltools.gnu-tools-for-stm32.11.3.rel1.win32_1.1.100.202309141235/tools/bin/../lib/gcc/arm-none-eabi/11.3.1/../../../../arm-none-eabi/lib/thumb/v7e-m+fp/hard\libc_nano.a(libc_a-itoa.o)
                              ./Core/Src/main.o (itoa)
[...]
Memory Configuration

Name             Origin             Length             Attributes
CCMRAM           0x0000000010000000 0x0000000000010000 xrw
RAM              0x0000000020000000 0x0000000000020000 xrw
FLASH            0x0000000008000000 0x0000000000100000 xr
*default*        0x0000000000000000 0xffffffffffffffff

Linker script and memory map

LOAD C:/ST/STM32CubeIDE_1.14.1/STM32CubeIDE/plugins/com.st.stm32cube.ide.mcu.externaltools.gnu-tools-for-stm32.11.3.rel1.win32_1.1.100.202309141235/tools/bin/../lib/gcc/arm-none-eabi/11.3.1/thumb/v7e-m+fp/hard/crti.o
LOAD C:/ST/STM32CubeIDE_1.14.1/STM32CubeIDE/plugins/com.st.stm32cube.ide.mcu.externaltools.gnu-tools-for-stm32.11.3.rel1.win32_1.1.100.202309141235/tools/bin/../lib/gcc/arm-none-eabi/11.3.1/thumb/v7e-m+fp/hard/crtbegin.o
LOAD C:/ST/STM32CubeIDE_1.14.1/STM32CubeIDE/plugins/com.st.stm32cube.ide.mcu.externaltools.gnu-tools-for-stm32.11.3.rel1.win32_1.1.100.202309141235/tools/bin/../lib/gcc/arm-none-eabi/11.3.1/../../../../arm-none-eabi/lib/thumb/v7e-m+fp/hard/crt0.o
LOAD ./Core/Src/MY_FLASH.o
LOAD ./Core/Src/cmox_low_level.o
LOAD ./Core/Src/fonts.o
LOAD ./Core/Src/main.o
LOAD ./Core/Src/ssd1306.o
LOAD ./Core/Src/stm32f4xx_hal_msp.o
LOAD ./Core/Src/stm32f4xx_it.o
LOAD ./Core/Src/syscalls.o
LOAD ./Core/Src/sysmem.o
LOAD ./Core/Src/system_stm32f4xx.o
LOAD ./Core/Startup/startup_stm32f407vgtx.o
LOAD ./Drivers/STM32F4xx_HAL_Driver/Src/stm32f4xx_hal.o
LOAD ./Drivers/STM32F4xx_HAL_Driver/Src/stm32f4xx_hal_cortex.o
LOAD ./Drivers/STM32F4xx_HAL_Driver/Src/stm32f4xx_hal_crc.o
LOAD ./Drivers/STM32F4xx_HAL_Driver/Src/stm32f4xx_hal_dma.o
LOAD ./Drivers/STM32F4xx_HAL_Driver/Src/stm32f4xx_hal_dma_ex.o
LOAD ./Drivers/STM32F4xx_HAL_Driver/Src/stm32f4xx_hal_exti.o
LOAD ./Drivers/STM32F4xx_HAL_Driver/Src/stm32f4xx_hal_flash.o
LOAD ./Drivers/STM32F4xx_HAL_Driver/Src/stm32f4xx_hal_flash_ex.o
LOAD ./Drivers/STM32F4xx_HAL_Driver/Src/stm32f4xx_hal_flash_ramfunc.o
LOAD ./Drivers/STM32F4xx_HAL_Driver/Src/stm32f4xx_hal_gpio.o
LOAD ./Drivers/STM32F4xx_HAL_Driver/Src/stm32f4xx_hal_i2c.o
LOAD ./Drivers/STM32F4xx_HAL_Driver/Src/stm32f4xx_hal_i2c_ex.o
LOAD ./Drivers/STM32F4xx_HAL_Driver/Src/stm32f4xx_hal_pcd.o
LOAD ./Drivers/STM32F4xx_HAL_Driver/Src/stm32f4xx_hal_pcd_ex.o
LOAD ./Drivers/STM32F4xx_HAL_Driver/Src/stm32f4xx_hal_pwr.o
LOAD ./Drivers/STM32F4xx_HAL_Driver/Src/stm32f4xx_hal_pwr_ex.o
LOAD ./Drivers/STM32F4xx_HAL_Driver/Src/stm32f4xx_hal_rcc.o
LOAD ./Drivers/STM32F4xx_HAL_Driver/Src/stm32f4xx_hal_rcc_ex.o
LOAD ./Drivers/STM32F4xx_HAL_Driver/Src/stm32f4xx_hal_rng.o
LOAD ./Drivers/STM32F4xx_HAL_Driver/Src/stm32f4xx_hal_tim.o
LOAD ./Drivers/STM32F4xx_HAL_Driver/Src/stm32f4xx_hal_tim_ex.o
LOAD ./Drivers/STM32F4xx_HAL_Driver/Src/stm32f4xx_ll_usb.o
LOAD ./Middlewares/ST/STM32_USB_Device_Library/Class/CDC/Src/usbd_cdc.o
LOAD ./Middlewares/ST/STM32_USB_Device_Library/Core/Src/usbd_core.o
LOAD ./Middlewares/ST/STM32_USB_Device_Library/Core/Src/usbd_ctlreq.o
LOAD ./Middlewares/ST/STM32_USB_Device_Library/Core/Src/usbd_ioreq.o
LOAD ./USB_DEVICE/App/usb_device.o
LOAD ./USB_DEVICE/App/usbd_cdc_if.o
LOAD ./USB_DEVICE/App/usbd_desc.o
LOAD ./USB_DEVICE/Target/usbd_conf.o
LOAD ../X-CUBE-CRYPTOLIB/Middlewares/ST/STM32_Cryptographic/lib\libSTM32Cryptographic_CM4.a
START GROUP
LOAD C:/ST/STM32CubeIDE_1.14.1/STM32CubeIDE/plugins/com.st.stm32cube.ide.mcu.externaltools.gnu-tools-for-stm32.11.3.rel1.win32_1.1.100.202309141235/tools/bin/../lib/gcc/arm-none-eabi/11.3.1/../../../../arm-none-eabi/lib/thumb/v7e-m+fp/hard\libc_nano.a
LOAD C:/ST/STM32CubeIDE_1.14.1/STM32CubeIDE/plugins/com.st.stm32cube.ide.mcu.externaltools.gnu-tools-for-stm32.11.3.rel1.win32_1.1.100.202309141235/tools/bin/../lib/gcc/arm-none-eabi/11.3.1/../../../../arm-none-eabi/lib/thumb/v7e-m+fp/hard\libm.a
END GROUP
START GROUP
LOAD C:/ST/STM32CubeIDE_1.14.1/STM32CubeIDE/plugins/com.st.stm32cube.ide.mcu.externaltools.gnu-tools-for-stm32.11.3.rel1.win32_1.1.100.202309141235/tools/bin/../lib/gcc/arm-none-eabi/11.3.1/thumb/v7e-m+fp/hard\libgcc.a
LOAD C:/ST/STM32CubeIDE_1.14.1/STM32CubeIDE/plugins/com.st.stm32cube.ide.mcu.externaltools.gnu-tools-for-stm32.11.3.rel1.win32_1.1.100.202309141235/tools/bin/../lib/gcc/arm-none-eabi/11.3.1/../../../../arm-none-eabi/lib/thumb/v7e-m+fp/hard\libc_nano.a
END GROUP
START GROUP
LOAD C:/ST/STM32CubeIDE_1.14.1/STM32CubeIDE/plugins/com.st.stm32cube.ide.mcu.externaltools.gnu-tools-for-stm32.11.3.rel1.win32_1.1.100.202309141235/tools/bin/../lib/gcc/arm-none-eabi/11.3.1/thumb/v7e-m+fp/hard\libgcc.a
LOAD C:/ST/STM32CubeIDE_1.14.1/STM32CubeIDE/plugins/com.st.stm32cube.ide.mcu.externaltools.gnu-tools-for-stm32.11.3.rel1.win32_1.1.100.202309141235/tools/bin/../lib/gcc/arm-none-eabi/11.3.1/../../../../arm-none-eabi/lib/thumb/v7e-m+fp/hard\libc_nano.a
LOAD C:/ST/STM32CubeIDE_1.14.1/STM32CubeIDE/plugins/com.st.stm32cube.ide.mcu.externaltools.gnu-tools-for-stm32.11.3.rel1.win32_1.1.100.202309141235/tools/bin/../lib/gcc/arm-none-eabi/11.3.1/../../../../arm-none-eabi/lib/thumb/v7e-m+fp/hard\libnosys.a
END GROUP
START GROUP
LOAD C:/ST/STM32CubeIDE_1.14.1/STM32CubeIDE/plugins/com.st.stm32cube.ide.mcu.externaltools.gnu-tools-for-stm32.11.3.rel1.win32_1.1.100.202309141235/tools/bin/../lib/gcc/arm-none-eabi/11.3.1/thumb/v7e-m+fp/hard\libgcc.a
LOAD C:/ST/STM32CubeIDE_1.14.1/STM32CubeIDE/plugins/com.st.stm32cube.ide.mcu.externaltools.gnu-tools-for-stm32.11.3.rel1.win32_1.1.100.202309141235/tools/bin/../lib/gcc/arm-none-eabi/11.3.1/../../../../arm-none-eabi/lib/thumb/v7e-m+fp/hard\libc_nano.a
LOAD C:/ST/STM32CubeIDE_1.14.1/STM32CubeIDE/plugins/com.st.stm32cube.ide.mcu.externaltools.gnu-tools-for-stm32.11.3.rel1.win32_1.1.100.202309141235/tools/bin/../lib/gcc/arm-none-eabi/11.3.1/../../../../arm-none-eabi/lib/thumb/v7e-m+fp/hard\libnosys.a
END GROUP
LOAD C:/ST/STM32CubeIDE_1.14.1/STM32CubeIDE/plugins/com.st.stm32cube.ide.mcu.externaltools.gnu-tools-for-stm32.11.3.rel1.win32_1.1.100.202309141235/tools/bin/../lib/gcc/arm-none-eabi/11.3.1/thumb/v7e-m+fp/hard/crtend.o
LOAD C:/ST/STM32CubeIDE_1.14.1/STM32CubeIDE/plugins/com.st.stm32cube.ide.mcu.externaltools.gnu-tools-for-stm32.11.3.rel1.win32_1.1.100.202309141235/tools/bin/../lib/gcc/arm-none-eabi/11.3.1/thumb/v7e-m+fp/hard/crtn.o
                0x0000000020020000                _estack = (ORIGIN (RAM) + LENGTH (RAM))
                0x0000000000000200                _Min_Heap_Size = 0x200
                0x0000000000000400                _Min_Stack_Size = 0x400

.isr_vector     0x0000000008000000      0x188
                0x0000000008000000                . = ALIGN (0x4)
 *(.isr_vector)
 .isr_vector    0x0000000008000000      0x188 ./Core/Startup/startup_stm32f407vgtx.o
                0x0000000008000000                g_pfnVectors
                0x0000000008000188                . = ALIGN (0x4)

.text           0x0000000008000190     0xd690
                0x0000000008000190                . = ALIGN (0x4)
 *(.text)
 .text          0x0000000008000190       0x40 C:/ST/STM32CubeIDE_1.14.1/STM32CubeIDE/plugins/com.st.stm32cube.ide.mcu.externaltools.gnu-tools-for-stm32.11.3.rel1.win32_1.1.100.202309141235/tools/bin/../lib/gcc/arm-none-eabi/11.3.1/thumb/v7e-m+fp/hard/crtbegin.o
 .text          0x00000000080001d0       0x40 ../X-CUBE-CRYPTOLIB/Middlewares/ST/STM32_Cryptographic/lib\libSTM32Cryptographic_CM4.a(cmox_cbc_aesfast_decrypt.c.o)
 .text          0x0000000008000210       0x40 ../X-CUBE-CRYPTOLIB/Middlewares/ST/STM32_Cryptographic/lib\libSTM32Cryptographic_CM4.a(cmox_cbc_aesfast_encrypt.c.o)
 .text          0x0000000008000250        0xa ../X-CUBE-CRYPTOLIB/Middlewares/ST/STM32_Cryptographic/lib\libSTM32Cryptographic_CM4.a(cmox_cbc_common.c.o)
                0x0000000008000250                cmox_cbc_getByCipher
 *fill*         0x000000000800025a        0x2 
 .text          0x000000000800025c       0x20 ../X-CUBE-CRYPTOLIB/Middlewares/ST/STM32_Cryptographic/lib\libSTM32Cryptographic_CM4.a(cmox_cbc_common.c.o)
                0x000000000800025c                cmox_cbc_cleanup
 .text          0x000000000800027c       0x24 ../X-CUBE-CRYPTOLIB/Middlewares/ST/STM32_Cryptographic/lib\libSTM32Cryptographic_CM4.a(cmox_cbc_common.c.o)
                0x000000000800027c                cmox_cbc_init
 .text          0x00000000080002a0       0x28 ../X-CUBE-CRYPTOLIB/Middlewares/ST/STM32_Cryptographic/lib\libSTM32Cryptographic_CM4.a(cmox_cbc_common.c.o)
                0x00000000080002a0                cmox_cbc_setKey
 .text          0x00000000080002c8       0x34 ../X-CUBE-CRYPTOLIB/Middlewares/ST/STM32_Cryptographic/lib\libSTM32Cryptographic_CM4.a(cmox_cbc_common.c.o)
                0x00000000080002c8                cmox_cbc_setIV
 .text          0x00000000080002fc        0xa ../X-CUBE-CRYPTOLIB/Middlewares/ST/STM32_Cryptographic/lib\libSTM32Cryptographic_CM4.a(cmox_cbc_common.c.o)
                0x00000000080002fc                cmox_cbc_construct
 *fill*         0x0000000008000306        0x2 
 .text          0x0000000008000308        0xc ../X-CUBE-CRYPTOLIB/Middlewares/ST/STM32_Cryptographic/lib\libSTM32Cryptographic_CM4.a(cmox_cbc_decrypt.c.o)
 .text          0x0000000008000314        0xc ../X-CUBE-CRYPTOLIB/Middlewares/ST/STM32_Cryptographic/lib\libSTM32Cryptographic_CM4.a(cmox_cbc_decrypt.c.o)
 .text          0x0000000008000320        0xc ../X-CUBE-CRYPTOLIB/Middlewares/ST/STM32_Cryptographic/lib\libSTM32Cryptographic_CM4.a(cmox_cbc_decrypt.c.o)
 .text          0x000000000800032c        0xc ../X-CUBE-CRYPTOLIB/Middlewares/ST/STM32_Cryptographic/lib\libSTM32Cryptographic_CM4.a(cmox_cbc_decrypt.c.o)
 .text          0x0000000008000338       0x10 ../X-CUBE-CRYPTOLIB/Middlewares/ST/STM32_Cryptographic/lib\libSTM32Cryptographic_CM4.a(cmox_cbc_decrypt.c.o)
                0x0000000008000338                cmox_cbcDecrypt_construct
 .text          0x0000000008000348      0x1e4 ../X-CUBE-CRYPTOLIB/Middlewares/ST/STM32_Cryptographic/lib\libSTM32Cryptographic_CM4.a(cmox_cbc_decrypt.c.o)
 .text          0x000000000800052c        0xc ../X-CUBE-CRYPTOLIB/Middlewares/ST/STM32_Cryptographic/lib\libSTM32Cryptographic_CM4.a(cmox_cbc_encrypt.c.o)
 .text          0x0000000008000538        0xc ../X-CUBE-CRYPTOLIB/Middlewares/ST/STM32_Cryptographic/lib\libSTM32Cryptographic_CM4.a(cmox_cbc_encrypt.c.o)
 .text          0x0000000008000544        0xc ../X-CUBE-CRYPTOLIB/Middlewares/ST/STM32_Cryptographic/lib\libSTM32Cryptographic_CM4.a(cmox_cbc_encrypt.c.o)
 .text          0x0000000008000550        0xc ../X-CUBE-CRYPTOLIB/Middlewares/ST/STM32_Cryptographic/lib\libSTM32Cryptographic_CM4.a(cmox_cbc_encrypt.c.o)
 .text          0x000000000800055c      0x16c ../X-CUBE-CRYPTOLIB/Middlewares/ST/STM32_Cryptographic/lib\libSTM32Cryptographic_CM4.a(cmox_cbc_encrypt.c.o)
 .text          0x00000000080006c8       0x10 ../X-CUBE-CRYPTOLIB/Middlewares/ST/STM32_Cryptographic/lib\libSTM32Cryptographic_CM4.a(cmox_cbc_encrypt.c.o)
                0x00000000080006c8                cmox_cbcEncrypt_construct
 .text          0x00000000080006d8       0x58 ../X-CUBE-CRYPTOLIB/Middlewares/ST/STM32_Cryptographic/lib\libSTM32Cryptographic_CM4.a(cmox_cipher.c.o)
                0x00000000080006d8                cmox_cipher_encrypt
 .text          0x0000000008000730       0x58 ../X-CUBE-CRYPTOLIB/Middlewares/ST/STM32_Cryptographic/lib\libSTM32Cryptographic_CM4.a(cmox_cipher.c.o)
                0x0000000008000730                cmox_cipher_decrypt
 .text          0x0000000008000788       0x64 ../X-CUBE-CRYPTOLIB/Middlewares/ST/STM32_Cryptographic/lib\libSTM32Cryptographic_CM4.a(cmox_cipher.c.o)
                0x0000000008000788                cmox_cipher_innerCompute
 .text          0x00000000080007ec        0xe ../X-CUBE-CRYPTOLIB/Middlewares/ST/STM32_Cryptographic/lib\libSTM32Cryptographic_CM4.a(cmox_cipher_modes.c.o)
                0x00000000080007ec                cmox_cipherMode_init
 *fill*         0x00000000080007fa        0x2 
 .text          0x00000000080007fc      0x3c8 ../X-CUBE-CRYPTOLIB/Middlewares/ST/STM32_Cryptographic/lib\libSTM32Cryptographic_CM4.a(cmox_cipher_modes.c.o)
                0x00000000080007fc                cmox_cipherMode_setKey
 .text          0x0000000008000bc4       0x38 ../X-CUBE-CRYPTOLIB/Middlewares/ST/STM32_Cryptographic/lib\libSTM32Cryptographic_CM4.a(cmox_cipher_modes.c.o)
                0x0000000008000bc4                cmox_cipherMode_setIV
 .text          0x0000000008000bfc        0x6 ../X-CUBE-CRYPTOLIB/Middlewares/ST/STM32_Cryptographic/lib\libSTM32Cryptographic_CM4.a(cmox_cipher_modes.c.o)
                0x0000000008000bfc                cmox_cipher_setTagLen_empty
 .text          0x0000000008000c02        0x6 ../X-CUBE-CRYPTOLIB/Middlewares/ST/STM32_Cryptographic/lib\libSTM32Cryptographic_CM4.a(cmox_cipher_modes.c.o)
                0x0000000008000c02                cmox_cipher_setPayloadLen_empty
 .text          0x0000000008000c08        0x6 ../X-CUBE-CRYPTOLIB/Middlewares/ST/STM32_Cryptographic/lib\libSTM32Cryptographic_CM4.a(cmox_cipher_modes.c.o)
                0x0000000008000c08                cmox_cipher_setADLen_empty
 .text          0x0000000008000c0e        0x6 ../X-CUBE-CRYPTOLIB/Middlewares/ST/STM32_Cryptographic/lib\libSTM32Cryptographic_CM4.a(cmox_cipher_modes.c.o)
                0x0000000008000c0e                cmox_cipher_appendAD_empty
 .text          0x0000000008000c14        0x8 ../X-CUBE-CRYPTOLIB/Middlewares/ST/STM32_Cryptographic/lib\libSTM32Cryptographic_CM4.a(cmox_cipher_modes.c.o)
                0x0000000008000c14                cmox_cipher_generateTag_empty
 .text          0x0000000008000c1c        0x8 ../X-CUBE-CRYPTOLIB/Middlewares/ST/STM32_Cryptographic/lib\libSTM32Cryptographic_CM4.a(cmox_cipher_modes.c.o)
                0x0000000008000c1c                cmox_cipher_verifyTag_empty
 .text          0x0000000008000c24        0x8 ../X-CUBE-CRYPTOLIB/Middlewares/ST/STM32_Cryptographic/lib\libSTM32Cryptographic_CM4.a(cmox_cipher_modes.c.o)
 .text          0x0000000008000c2c       0x28 ../X-CUBE-CRYPTOLIB/Middlewares/ST/STM32_Cryptographic/lib\libSTM32Cryptographic_CM4.a(cmox_cipher_utils.c.o)
                0x0000000008000c2c                convert_block_2_words
 .text          0x0000000008000c54       0x2e ../X-CUBE-CRYPTOLIB/Middlewares/ST/STM32_Cryptographic/lib\libSTM32Cryptographic_CM4.a(cmox_cipher_utils.c.o)
                0x0000000008000c54                convert_block_2_bytes
 .text          0x0000000008000c82       0x1a ../X-CUBE-CRYPTOLIB/Middlewares/ST/STM32_Cryptographic/lib\libSTM32Cryptographic_CM4.a(cmox_cipher_utils.c.o)
                0x0000000008000c82                xor_blocks
 .text          0x0000000008000c9c       0x12 ../X-CUBE-CRYPTOLIB/Middlewares/ST/STM32_Cryptographic/lib\libSTM32Cryptographic_CM4.a(cmox_cipher_utils.c.o)
                0x0000000008000c9c                copy_block
 *fill*         0x0000000008000cae        0x2 
 .text          0x0000000008000cb0       0x34 ../X-CUBE-CRYPTOLIB/Middlewares/ST/STM32_Cryptographic/lib\libSTM32Cryptographic_CM4.a(cmox_hash.c.o)
                0x0000000008000cb0                cmox_hash_compute
 .text          0x0000000008000ce4       0x5c ../X-CUBE-CRYPTOLIB/Middlewares/ST/STM32_Cryptographic/lib\libSTM32Cryptographic_CM4.a(cmox_hash.c.o)
                0x0000000008000ce4                cmox_hash_common_compute
 .text          0x0000000008000d40       0x80 ../X-CUBE-CRYPTOLIB/Middlewares/ST/STM32_Cryptographic/lib\libSTM32Cryptographic_CM4.a(cmox_init.c.o)
                0x0000000008000d40                cmox_initialize
 .text          0x0000000008000dc0       0x2c ../X-CUBE-CRYPTOLIB/Middlewares/ST/STM32_Cryptographic/lib\libSTM32Cryptographic_CM4.a(cmox_sha256.c.o)
 .text          0x0000000008000dec       0x40 ../X-CUBE-CRYPTOLIB/Middlewares/ST/STM32_Cryptographic/lib\libSTM32Cryptographic_CM4.a(cmox_sha256.c.o)
 .text          0x0000000008000e2c       0x20 ../X-CUBE-CRYPTOLIB/Middlewares/ST/STM32_Cryptographic/lib\libSTM32Cryptographic_CM4.a(cmox_sha256.c.o)
 .text          0x0000000008000e4c       0x30 ../X-CUBE-CRYPTOLIB/Middlewares/ST/STM32_Cryptographic/lib\libSTM32Cryptographic_CM4.a(cmox_sha256.c.o)
 .text          0x0000000008000e7c       0x30 ../X-CUBE-CRYPTOLIB/Middlewares/ST/STM32_Cryptographic/lib\libSTM32Cryptographic_CM4.a(cmox_sha256.c.o)
 .text          0x0000000008000eac       0x70 ../X-CUBE-CRYPTOLIB/Middlewares/ST/STM32_Cryptographic/lib\libSTM32Cryptographic_CM4.a(cmox_sha256.c.o)
 .text          0x0000000008000f1c      0x1ec ../X-CUBE-CRYPTOLIB/Middlewares/ST/STM32_Cryptographic/lib\libSTM32Cryptographic_CM4.a(cmox_sha256_common.c.o)
 .text          0x0000000008001108      0x2dc ../X-CUBE-CRYPTOLIB/Middlewares/ST/STM32_Cryptographic/lib\libSTM32Cryptographic_CM4.a(cmox_aesfast_decrypt.c.o)
 .text          0x00000000080013e4      0x140 ../X-CUBE-CRYPTOLIB/Middlewares/ST/STM32_Cryptographic/lib\libSTM32Cryptographic_CM4.a(cmox_aesfast_decrypt.c.o)
 .text          0x0000000008001524      0x2cc ../X-CUBE-CRYPTOLIB/Middlewares/ST/STM32_Cryptographic/lib\libSTM32Cryptographic_CM4.a(cmox_aesfast_encrypt.c.o)
 .text          0x00000000080017f0        0x8 ../X-CUBE-CRYPTOLIB/Middlewares/ST/STM32_Cryptographic/lib\libSTM32Cryptographic_CM4.a(cmox_md.c.o)
                0x00000000080017f0                cmox_md_updateState_small
 .text          0x00000000080017f8       0x44 ../X-CUBE-CRYPTOLIB/Middlewares/ST/STM32_Cryptographic/lib\libSTM32Cryptographic_CM4.a(cmox_md.c.o)
                0x00000000080017f8                cmox_md_copyLastState_small
 .text          0x000000000800183c       0x1a ../X-CUBE-CRYPTOLIB/Middlewares/ST/STM32_Cryptographic/lib\libSTM32Cryptographic_CM4.a(cmox_md.c.o)
                0x000000000800183c                cmox_md_padMsgLen_small
 .text          0x0000000008001856        0x8 ../X-CUBE-CRYPTOLIB/Middlewares/ST/STM32_Cryptographic/lib\libSTM32Cryptographic_CM4.a(cmox_md.c.o)
                0x0000000008001856                cmox_md_construct
 .text          0x000000000800185e       0x1e ../X-CUBE-CRYPTOLIB/Middlewares/ST/STM32_Cryptographic/lib\libSTM32Cryptographic_CM4.a(cmox_md.c.o)
                0x000000000800185e                cmox_md_init
 .text          0x000000000800187c        0x8 ../X-CUBE-CRYPTOLIB/Middlewares/ST/STM32_Cryptographic/lib\libSTM32Cryptographic_CM4.a(cmox_md.c.o)
                0x000000000800187c                cmox_md_setTagSize
 .text          0x0000000008001884       0xa8 ../X-CUBE-CRYPTOLIB/Middlewares/ST/STM32_Cryptographic/lib\libSTM32Cryptographic_CM4.a(cmox_md.c.o)
                0x0000000008001884                cmox_md_append
 .text          0x000000000800192c      0x1a0 ../X-CUBE-CRYPTOLIB/Middlewares/ST/STM32_Cryptographic/lib\libSTM32Cryptographic_CM4.a(cmox_md.c.o)
                0x000000000800192c                cmox_md_generateTag
 .text          0x0000000008001acc        0x8 ../X-CUBE-CRYPTOLIB/Middlewares/ST/STM32_Cryptographic/lib\libSTM32Cryptographic_CM4.a(cmox_md.c.o)
 .text          0x0000000008001ad4      0x110 ../X-CUBE-CRYPTOLIB/Middlewares/ST/STM32_Cryptographic/lib\libSTM32Cryptographic_CM4.a(cmox_aes_common.c.o)
                0x0000000008001ad4                cmox_aesSmall_keySchedule
 .text          0x0000000008001be4       0x9a C:/ST/STM32CubeIDE_1.14.1/STM32CubeIDE/plugins/com.st.stm32cube.ide.mcu.externaltools.gnu-tools-for-stm32.11.3.rel1.win32_1.1.100.202309141235/tools/bin/../lib/gcc/arm-none-eabi/11.3.1/../../../../arm-none-eabi/lib/thumb/v7e-m+fp/hard\libc_nano.a(libc_a-aeabi_memset-soft.o)
                0x0000000008001be4                __aeabi_memset8
                0x0000000008001be4                __aeabi_memset4
                0x0000000008001be4                __aeabi_memset
 *fill*         0x0000000008001c7e        0x2 
 .text          0x0000000008001c80       0xa0 C:/ST/STM32CubeIDE_1.14.1/STM32CubeIDE/plugins/com.st.stm32cube.ide.mcu.externaltools.gnu-tools-for-stm32.11.3.rel1.win32_1.1.100.202309141235/tools/bin/../lib/gcc/arm-none-eabi/11.3.1/../../../../arm-none-eabi/lib/thumb/v7e-m+fp/hard\libc_nano.a(libc_a-memchr.o)
                0x0000000008001c80                memchr
 .text          0x0000000008001d20       0x30 C:/ST/STM32CubeIDE_1.14.1/STM32CubeIDE/plugins/com.st.stm32cube.ide.mcu.externaltools.gnu-tools-for-stm32.11.3.rel1.win32_1.1.100.202309141235/tools/bin/../lib/gcc/arm-none-eabi/11.3.1/thumb/v7e-m+fp/hard\libgcc.a(_aeabi_uldivmod.o)
                0x0000000008001d20                __aeabi_uldivmod
 .text          0x0000000008001d50      0x2c8 C:/ST/STM32CubeIDE_1.14.1/STM32CubeIDE/plugins/com.st.stm32cube.ide.mcu.externaltools.gnu-tools-for-stm32.11.3.rel1.win32_1.1.100.202309141235/tools/bin/../lib/gcc/arm-none-eabi/11.3.1/thumb/v7e-m+fp/hard\libgcc.a(_udivmoddi4.o)
                0x0000000008001d50                __udivmoddi4
 .text          0x0000000008002018        0x4 C:/ST/STM32CubeIDE_1.14.1/STM32CubeIDE/plugins/com.st.stm32cube.ide.mcu.externaltools.gnu-tools-for-stm32.11.3.rel1.win32_1.1.100.202309141235/tools/bin/../lib/gcc/arm-none-eabi/11.3.1/thumb/v7e-m+fp/hard\libgcc.a(_dvmd_tls.o)
                0x0000000008002018                __aeabi_idiv0
                0x0000000008002018                __aeabi_ldiv0
 *(.text*)
 .text.MY_FLASH_EraseSector
                0x000000000800201c       0x20 ./Core/Src/MY_FLASH.o
 .text.MY_FLASH_SetSectorAddrs
                0x000000000800203c       0x2c ./Core/Src/MY_FLASH.o
                0x000000000800203c                MY_FLASH_SetSectorAddrs
 .text.MY_FLASH_WriteN
                0x0000000008002068       0xf4 ./Core/Src/MY_FLASH.o
                0x0000000008002068                MY_FLASH_WriteN
 .text.MY_FLASH_ReadN
                0x000000000800215c       0xb8 ./Core/Src/MY_FLASH.o
                0x000000000800215c                MY_FLASH_ReadN
 .text.write_flash
                0x0000000008002214       0xa0 ./Core/Src/MY_FLASH.o
                0x0000000008002214                write_flash
 .text.cmox_ll_init
                0x00000000080022b4       0x44 ./Core/Src/cmox_low_level.o
                0x00000000080022b4                cmox_ll_init
 .text.ITM_SendChar
                0x00000000080022f8       0x4e ./Core/Src/main.o
 *fill*         0x0000000008002346        0x2 
 .text.main     0x0000000008002348       0x9c ./Core/Src/main.o
                0x0000000008002348                main
 .text.SystemClock_Config
                0x00000000080023e4       0xd4 ./Core/Src/main.o
                0x00000000080023e4                SystemClock_Config
 .text.MX_CRC_Init
                0x00000000080024b8       0x28 ./Core/Src/main.o
 .text.MX_I2C1_Init
                0x00000000080024e0       0x5c ./Core/Src/main.o
 .text.MX_RNG_Init
                0x000000000800253c       0x28 ./Core/Src/main.o
 .text.MX_TIM2_Init
                0x0000000008002564       0x9c ./Core/Src/main.o
 .text.MX_GPIO_Init
                0x0000000008002600       0xf8 ./Core/Src/main.o
 .text.Startup  0x00000000080026f8       0xc4 ./Core/Src/main.o
                0x00000000080026f8                Startup
 .text.MainMenu
                0x00000000080027bc      0x1e4 ./Core/Src/main.o
                0x00000000080027bc                MainMenu
 .text.TimeoutMenu
                0x00000000080029a0       0x6c ./Core/Src/main.o
                0x00000000080029a0                TimeoutMenu
 .text.Enroll   0x0000000008002a0c      0x3a0 ./Core/Src/main.o
                0x0000000008002a0c                Enroll
 .text.LockDevice
                0x0000000008002dac      0x424 ./Core/Src/main.o
                0x0000000008002dac                LockDevice
 .text.ResetFactory
                0x00000000080031d0      0x1b0 ./Core/Src/main.o
                0x00000000080031d0                ResetFactory
 .text.OledAlarm
                0x0000000008003380       0x64 ./Core/Src/main.o
                0x0000000008003380                OledAlarm
 .text.EraseAlaram
                0x00000000080033e4       0x48 ./Core/Src/main.o
                0x00000000080033e4                EraseAlaram
 .text.EraseMem
                0x000000000800342c       0x3a ./Core/Src/main.o
                0x000000000800342c                EraseMem
 *fill*         0x0000000008003466        0x2 
 .text.wrong_LEDs
                0x0000000008003468       0x80 ./Core/Src/main.o
                0x0000000008003468                wrong_LEDs
 .text.blink    0x00000000080034e8       0x88 ./Core/Src/main.o
                0x00000000080034e8                blink
 .text.CheckPassword
                0x0000000008003570       0xbc ./Core/Src/main.o
                0x0000000008003570                CheckPassword
 .text.CDC_recieveCALLBACK
                0x000000000800362c      0x1a8 ./Core/Src/main.o
                0x000000000800362c                CDC_recieveCALLBACK
 .text.sha256   0x00000000080037d4       0x34 ./Core/Src/main.o
                0x00000000080037d4                sha256
 .text.AESCBC   0x0000000008003808       0x48 ./Core/Src/main.o
                0x0000000008003808                AESCBC
 .text.DecryptAES
                0x0000000008003850       0x48 ./Core/Src/main.o
                0x0000000008003850                DecryptAES
 .text.checkButtons
                0x0000000008003898      0x120 ./Core/Src/main.o
                0x0000000008003898                checkButtons
 .text.read_Bt1
                0x00000000080039b8       0x28 ./Core/Src/main.o
                0x00000000080039b8                read_Bt1
 .text.read_Bt2
                0x00000000080039e0       0x28 ./Core/Src/main.o
                0x00000000080039e0                read_Bt2
 .text._write   0x0000000008003a08       0x38 ./Core/Src/main.o
                0x0000000008003a08                _write
 .text.Get_rng  0x0000000008003a40       0x84 ./Core/Src/main.o
                0x0000000008003a40                Get_rng
 .text.HAL_RNG_ReadyDataCallback
                0x0000000008003ac4       0x20 ./Core/Src/main.o
                0x0000000008003ac4                HAL_RNG_ReadyDataCallback
 .text.HAL_TIM_PeriodElapsedCallback
                0x0000000008003ae4       0x60 ./Core/Src/main.o
                0x0000000008003ae4                HAL_TIM_PeriodElapsedCallback
 .text.Error_Handler
                0x0000000008003b44        0xa ./Core/Src/main.o
                0x0000000008003b44                Error_Handler
 .text.SSD1306_DrawBitmap
                0x0000000008003b4e       0xd0 ./Core/Src/ssd1306.o
                0x0000000008003b4e                SSD1306_DrawBitmap
 *fill*         0x0000000008003c1e        0x2 
 .text.SSD1306_Init
                0x0000000008003c20      0x188 ./Core/Src/ssd1306.o
                0x0000000008003c20                SSD1306_Init
 .text.SSD1306_UpdateScreen
                0x0000000008003da8       0x5c ./Core/Src/ssd1306.o
                0x0000000008003da8                SSD1306_UpdateScreen
 .text.SSD1306_Fill
                0x0000000008003e04       0x30 ./Core/Src/ssd1306.o
                0x0000000008003e04                SSD1306_Fill
 .text.SSD1306_DrawPixel
                0x0000000008003e34       0xc0 ./Core/Src/ssd1306.o
                0x0000000008003e34                SSD1306_DrawPixel
 .text.SSD1306_GotoXY
                0x0000000008003ef4       0x2c ./Core/Src/ssd1306.o
                0x0000000008003ef4                SSD1306_GotoXY
 .text.SSD1306_Putc
                0x0000000008003f20      0x100 ./Core/Src/ssd1306.o
                0x0000000008003f20                SSD1306_Putc
 .text.SSD1306_Puts
                0x0000000008004020       0x4a ./Core/Src/ssd1306.o
                0x0000000008004020                SSD1306_Puts
 .text.SSD1306_DrawLine
                0x000000000800406a      0x1f6 ./Core/Src/ssd1306.o
                0x000000000800406a                SSD1306_DrawLine
 .text.SSD1306_DrawFilledRectangle
                0x0000000008004260       0x9a ./Core/Src/ssd1306.o
                0x0000000008004260                SSD1306_DrawFilledRectangle
 .text.SSD1306_Clear
                0x00000000080042fa       0x12 ./Core/Src/ssd1306.o
                0x00000000080042fa                SSD1306_Clear
 .text.ssd1306_I2C_Init
                0x000000000800430c       0x2c ./Core/Src/ssd1306.o
                0x000000000800430c                ssd1306_I2C_Init
 .text.ssd1306_I2C_WriteMulti
                0x0000000008004338       0xcc ./Core/Src/ssd1306.o
                0x0000000008004338                ssd1306_I2C_WriteMulti
 .text.ssd1306_I2C_Write
                0x0000000008004404       0x3c ./Core/Src/ssd1306.o
                0x0000000008004404                ssd1306_I2C_Write
 .text.HAL_MspInit
                0x0000000008004440       0x50 ./Core/Src/stm32f4xx_hal_msp.o
                0x0000000008004440                HAL_MspInit
 .text.HAL_CRC_MspInit
                0x0000000008004490       0x44 ./Core/Src/stm32f4xx_hal_msp.o
                0x0000000008004490                HAL_CRC_MspInit
 .text.HAL_I2C_MspInit
                0x00000000080044d4       0x90 ./Core/Src/stm32f4xx_hal_msp.o
                0x00000000080044d4                HAL_I2C_MspInit
 .text.HAL_RNG_MspInit
                0x0000000008004564       0x50 ./Core/Src/stm32f4xx_hal_msp.o
                0x0000000008004564                HAL_RNG_MspInit
 .text.HAL_TIM_Base_MspInit
                0x00000000080045b4       0x4c ./Core/Src/stm32f4xx_hal_msp.o
                0x00000000080045b4                HAL_TIM_Base_MspInit
 .text.NMI_Handler
                0x0000000008004600        0x6 ./Core/Src/stm32f4xx_it.o
                0x0000000008004600                NMI_Handler
 .text.HardFault_Handler
                0x0000000008004606        0x6 ./Core/Src/stm32f4xx_it.o
                0x0000000008004606                HardFault_Handler
 .text.MemManage_Handler
                0x000000000800460c        0x6 ./Core/Src/stm32f4xx_it.o
                0x000000000800460c                MemManage_Handler
 .text.BusFault_Handler
                0x0000000008004612        0x6 ./Core/Src/stm32f4xx_it.o
                0x0000000008004612                BusFault_Handler
 .text.UsageFault_Handler
                0x0000000008004618        0x6 ./Core/Src/stm32f4xx_it.o
                0x0000000008004618                UsageFault_Handler
 .text.SVC_Handler
                0x000000000800461e        0xe ./Core/Src/stm32f4xx_it.o
                0x000000000800461e                SVC_Handler
 .text.DebugMon_Handler
                0x000000000800462c        0xe ./Core/Src/stm32f4xx_it.o
                0x000000000800462c                DebugMon_Handler
 .text.PendSV_Handler
                0x000000000800463a        0xe ./Core/Src/stm32f4xx_it.o
                0x000000000800463a                PendSV_Handler
 .text.SysTick_Handler
                0x0000000008004648        0xc ./Core/Src/stm32f4xx_it.o
                0x0000000008004648                SysTick_Handler
 .text.TIM2_IRQHandler
                0x0000000008004654       0x14 ./Core/Src/stm32f4xx_it.o
                0x0000000008004654                TIM2_IRQHandler
 .text.OTG_FS_IRQHandler
                0x0000000008004668       0x14 ./Core/Src/stm32f4xx_it.o
                0x0000000008004668                OTG_FS_IRQHandler
 .text.HASH_RNG_IRQHandler
                0x000000000800467c       0x14 ./Core/Src/stm32f4xx_it.o
                0x000000000800467c                HASH_RNG_IRQHandler
 .text._read    0x0000000008004690       0x3a ./Core/Src/syscalls.o
                0x0000000008004690                _read
 .text._close   0x00000000080046ca       0x18 ./Core/Src/syscalls.o
                0x00000000080046ca                _close
 .text._fstat   0x00000000080046e2       0x20 ./Core/Src/syscalls.o
                0x00000000080046e2                _fstat
 .text._isatty  0x0000000008004702       0x16 ./Core/Src/syscalls.o
                0x0000000008004702                _isatty
 .text._lseek   0x0000000008004718       0x1a ./Core/Src/syscalls.o
                0x0000000008004718                _lseek
 *fill*         0x0000000008004732        0x2 
 .text._sbrk    0x0000000008004734       0x6c ./Core/Src/sysmem.o
                0x0000000008004734                _sbrk
 .text.SystemInit
                0x00000000080047a0       0x24 ./Core/Src/system_stm32f4xx.o
                0x00000000080047a0                SystemInit
 .text.Reset_Handler
                0x00000000080047c4       0x50 ./Core/Startup/startup_stm32f407vgtx.o
                0x00000000080047c4                Reset_Handler
 .text.Default_Handler
                0x0000000008004814        0x2 ./Core/Startup/startup_stm32f407vgtx.o
                0x0000000008004814                RTC_Alarm_IRQHandler
                0x0000000008004814                EXTI2_IRQHandler
                0x0000000008004814                TIM8_CC_IRQHandler
                0x0000000008004814                TIM1_CC_IRQHandler
                0x0000000008004814                DMA2_Stream5_IRQHandler
                0x0000000008004814                DMA1_Stream5_IRQHandler
                0x0000000008004814                PVD_IRQHandler
                0x0000000008004814                SDIO_IRQHandler
                0x0000000008004814                TAMP_STAMP_IRQHandler
                0x0000000008004814                CAN2_RX1_IRQHandler
                0x0000000008004814                EXTI3_IRQHandler
                0x0000000008004814                TIM8_TRG_COM_TIM14_IRQHandler
                0x0000000008004814                TIM1_UP_TIM10_IRQHandler
                0x0000000008004814                TIM8_UP_TIM13_IRQHandler
                0x0000000008004814                I2C3_ER_IRQHandler
                0x0000000008004814                EXTI0_IRQHandler
                0x0000000008004814                I2C2_EV_IRQHandler
                0x0000000008004814                DMA1_Stream2_IRQHandler
                0x0000000008004814                CAN1_RX0_IRQHandler
                0x0000000008004814                FPU_IRQHandler
                0x0000000008004814                OTG_HS_WKUP_IRQHandler
                0x0000000008004814                CAN2_SCE_IRQHandler
                0x0000000008004814                DMA2_Stream2_IRQHandler
                0x0000000008004814                SPI1_IRQHandler
                0x0000000008004814                TIM6_DAC_IRQHandler
                0x0000000008004814                TIM1_BRK_TIM9_IRQHandler
                0x0000000008004814                DCMI_IRQHandler
                0x0000000008004814                CAN2_RX0_IRQHandler
                0x0000000008004814                DMA2_Stream3_IRQHandler
                0x0000000008004814                USART6_IRQHandler
                0x0000000008004814                USART3_IRQHandler
                0x0000000008004814                CAN1_RX1_IRQHandler
                0x0000000008004814                UART5_IRQHandler
                0x0000000008004814                DMA2_Stream0_IRQHandler
                0x0000000008004814                TIM4_IRQHandler
                0x0000000008004814                I2C1_EV_IRQHandler
                0x0000000008004814                DMA1_Stream6_IRQHandler
                0x0000000008004814                DMA1_Stream1_IRQHandler
                0x0000000008004814                UART4_IRQHandler
                0x0000000008004814                TIM3_IRQHandler
                0x0000000008004814                RCC_IRQHandler
                0x0000000008004814                TIM8_BRK_TIM12_IRQHandler
                0x0000000008004814                Default_Handler
                0x0000000008004814                EXTI15_10_IRQHandler
                0x0000000008004814                ADC_IRQHandler
                0x0000000008004814                DMA1_Stream7_IRQHandler
                0x0000000008004814                TIM7_IRQHandler
                0x0000000008004814                CAN2_TX_IRQHandler
                0x0000000008004814                TIM5_IRQHandler
                0x0000000008004814                DMA2_Stream7_IRQHandler
                0x0000000008004814                I2C3_EV_IRQHandler
                0x0000000008004814                EXTI9_5_IRQHandler
                0x0000000008004814                RTC_WKUP_IRQHandler
                0x0000000008004814                ETH_WKUP_IRQHandler
                0x0000000008004814                SPI2_IRQHandler
                0x0000000008004814                OTG_HS_EP1_IN_IRQHandler
                0x0000000008004814                DMA1_Stream0_IRQHandler
                0x0000000008004814                CAN1_TX_IRQHandler
                0x0000000008004814                EXTI4_IRQHandler
                0x0000000008004814                FSMC_IRQHandler
                0x0000000008004814                ETH_IRQHandler
                0x0000000008004814                OTG_HS_EP1_OUT_IRQHandler
                0x0000000008004814                WWDG_IRQHandler
                0x0000000008004814                OTG_FS_WKUP_IRQHandler
                0x0000000008004814                TIM1_TRG_COM_TIM11_IRQHandler
                0x0000000008004814                OTG_HS_IRQHandler
                0x0000000008004814                EXTI1_IRQHandler
                0x0000000008004814                USART2_IRQHandler
                0x0000000008004814                I2C2_ER_IRQHandler
                0x0000000008004814                DMA2_Stream1_IRQHandler
                0x0000000008004814                CAN1_SCE_IRQHandler
                0x0000000008004814                FLASH_IRQHandler
                0x0000000008004814                DMA2_Stream4_IRQHandler
                0x0000000008004814                USART1_IRQHandler
                0x0000000008004814                SPI3_IRQHandler
                0x0000000008004814                DMA1_Stream4_IRQHandler
                0x0000000008004814                I2C1_ER_IRQHandler
                0x0000000008004814                DMA2_Stream6_IRQHandler
                0x0000000008004814                DMA1_Stream3_IRQHandler
 *fill*         0x0000000008004816        0x2 
 .text.HAL_Init
                0x0000000008004818       0x44 ./Drivers/STM32F4xx_HAL_Driver/Src/stm32f4xx_hal.o
                0x0000000008004818                HAL_Init
 .text.HAL_InitTick
                0x000000000800485c       0x60 ./Drivers/STM32F4xx_HAL_Driver/Src/stm32f4xx_hal.o
                0x000000000800485c                HAL_InitTick
 .text.HAL_IncTick
                0x00000000080048bc       0x28 ./Drivers/STM32F4xx_HAL_Driver/Src/stm32f4xx_hal.o
                0x00000000080048bc                HAL_IncTick
 .text.HAL_GetTick
                0x00000000080048e4       0x18 ./Drivers/STM32F4xx_HAL_Driver/Src/stm32f4xx_hal.o
                0x00000000080048e4                HAL_GetTick
 .text.HAL_Delay
                0x00000000080048fc       0x48 ./Drivers/STM32F4xx_HAL_Driver/Src/stm32f4xx_hal.o
                0x00000000080048fc                HAL_Delay
 .text.__NVIC_SetPriorityGrouping
                0x0000000008004944       0x48 ./Drivers/STM32F4xx_HAL_Driver/Src/stm32f4xx_hal_cortex.o
 .text.__NVIC_GetPriorityGrouping
                0x000000000800498c       0x1c ./Drivers/STM32F4xx_HAL_Driver/Src/stm32f4xx_hal_cortex.o
 .text.__NVIC_EnableIRQ
                0x00000000080049a8       0x3c ./Drivers/STM32F4xx_HAL_Driver/Src/stm32f4xx_hal_cortex.o
 .text.__NVIC_SetPriority
                0x00000000080049e4       0x54 ./Drivers/STM32F4xx_HAL_Driver/Src/stm32f4xx_hal_cortex.o
 .text.NVIC_EncodePriority
                0x0000000008004a38       0x66 ./Drivers/STM32F4xx_HAL_Driver/Src/stm32f4xx_hal_cortex.o
 *fill*         0x0000000008004a9e        0x2 
 .text.SysTick_Config
                0x0000000008004aa0       0x44 ./Drivers/STM32F4xx_HAL_Driver/Src/stm32f4xx_hal_cortex.o
 .text.HAL_NVIC_SetPriorityGrouping
                0x0000000008004ae4       0x16 ./Drivers/STM32F4xx_HAL_Driver/Src/stm32f4xx_hal_cortex.o
                0x0000000008004ae4                HAL_NVIC_SetPriorityGrouping
 .text.HAL_NVIC_SetPriority
                0x0000000008004afa       0x38 ./Drivers/STM32F4xx_HAL_Driver/Src/stm32f4xx_hal_cortex.o
                0x0000000008004afa                HAL_NVIC_SetPriority
 .text.HAL_NVIC_EnableIRQ
                0x0000000008004b32       0x1c ./Drivers/STM32F4xx_HAL_Driver/Src/stm32f4xx_hal_cortex.o
                0x0000000008004b32                HAL_NVIC_EnableIRQ
 .text.HAL_SYSTICK_Config
                0x0000000008004b4e       0x18 ./Drivers/STM32F4xx_HAL_Driver/Src/stm32f4xx_hal_cortex.o
                0x0000000008004b4e                HAL_SYSTICK_Config
 .text.HAL_CRC_Init
                0x0000000008004b66       0x38 ./Drivers/STM32F4xx_HAL_Driver/Src/stm32f4xx_hal_crc.o
                0x0000000008004b66                HAL_CRC_Init
 *fill*         0x0000000008004b9e        0x2 
 .text.HAL_FLASH_Program
                0x0000000008004ba0       0xa8 ./Drivers/STM32F4xx_HAL_Driver/Src/stm32f4xx_hal_flash.o
                0x0000000008004ba0                HAL_FLASH_Program
 .text.HAL_FLASH_Unlock
                0x0000000008004c48       0x44 ./Drivers/STM32F4xx_HAL_Driver/Src/stm32f4xx_hal_flash.o
                0x0000000008004c48                HAL_FLASH_Unlock
 .text.HAL_FLASH_Lock
                0x0000000008004c8c       0x20 ./Drivers/STM32F4xx_HAL_Driver/Src/stm32f4xx_hal_flash.o
                0x0000000008004c8c                HAL_FLASH_Lock
 .text.FLASH_WaitForLastOperation
                0x0000000008004cac       0x80 ./Drivers/STM32F4xx_HAL_Driver/Src/stm32f4xx_hal_flash.o
                0x0000000008004cac                FLASH_WaitForLastOperation
 .text.FLASH_Program_DoubleWord
                0x0000000008004d2c       0x64 ./Drivers/STM32F4xx_HAL_Driver/Src/stm32f4xx_hal_flash.o
 .text.FLASH_Program_Word
                0x0000000008004d90       0x44 ./Drivers/STM32F4xx_HAL_Driver/Src/stm32f4xx_hal_flash.o
 .text.FLASH_Program_HalfWord
                0x0000000008004dd4       0x48 ./Drivers/STM32F4xx_HAL_Driver/Src/stm32f4xx_hal_flash.o
 .text.FLASH_Program_Byte
                0x0000000008004e1c       0x44 ./Drivers/STM32F4xx_HAL_Driver/Src/stm32f4xx_hal_flash.o
 .text.FLASH_SetErrorCode
                0x0000000008004e60       0xac ./Drivers/STM32F4xx_HAL_Driver/Src/stm32f4xx_hal_flash.o
 .text.FLASH_Erase_Sector
                0x0000000008004f0c       0x90 ./Drivers/STM32F4xx_HAL_Driver/Src/stm32f4xx_hal_flash_ex.o
                0x0000000008004f0c                FLASH_Erase_Sector
 .text.HAL_GPIO_Init
                0x0000000008004f9c      0x338 ./Drivers/STM32F4xx_HAL_Driver/Src/stm32f4xx_hal_gpio.o
                0x0000000008004f9c                HAL_GPIO_Init
 .text.HAL_GPIO_ReadPin
                0x00000000080052d4       0x30 ./Drivers/STM32F4xx_HAL_Driver/Src/stm32f4xx_hal_gpio.o
                0x00000000080052d4                HAL_GPIO_ReadPin
 .text.HAL_GPIO_WritePin
                0x0000000008005304       0x32 ./Drivers/STM32F4xx_HAL_Driver/Src/stm32f4xx_hal_gpio.o
                0x0000000008005304                HAL_GPIO_WritePin
 .text.HAL_GPIO_TogglePin
                0x0000000008005336       0x34 ./Drivers/STM32F4xx_HAL_Driver/Src/stm32f4xx_hal_gpio.o
                0x0000000008005336                HAL_GPIO_TogglePin
 *fill*         0x000000000800536a        0x2 
 .text.HAL_I2C_Init
                0x000000000800536c      0x288 ./Drivers/STM32F4xx_HAL_Driver/Src/stm32f4xx_hal_i2c.o
                0x000000000800536c                HAL_I2C_Init
 .text.HAL_I2C_Master_Transmit
                0x00000000080055f4      0x1fc ./Drivers/STM32F4xx_HAL_Driver/Src/stm32f4xx_hal_i2c.o
                0x00000000080055f4                HAL_I2C_Master_Transmit
 .text.HAL_I2C_IsDeviceReady
                0x00000000080057f0      0x25c ./Drivers/STM32F4xx_HAL_Driver/Src/stm32f4xx_hal_i2c.o
                0x00000000080057f0                HAL_I2C_IsDeviceReady
 .text.I2C_MasterRequestWrite
                0x0000000008005a4c      0x104 ./Drivers/STM32F4xx_HAL_Driver/Src/stm32f4xx_hal_i2c.o
 .text.I2C_WaitOnFlagUntilTimeout
                0x0000000008005b50       0xf4 ./Drivers/STM32F4xx_HAL_Driver/Src/stm32f4xx_hal_i2c.o
 .text.I2C_WaitOnMasterAddressFlagUntilTimeout
                0x0000000008005c44      0x140 ./Drivers/STM32F4xx_HAL_Driver/Src/stm32f4xx_hal_i2c.o
 .text.I2C_WaitOnTXEFlagUntilTimeout
                0x0000000008005d84       0x90 ./Drivers/STM32F4xx_HAL_Driver/Src/stm32f4xx_hal_i2c.o
 .text.I2C_WaitOnBTFFlagUntilTimeout
                0x0000000008005e14       0x90 ./Drivers/STM32F4xx_HAL_Driver/Src/stm32f4xx_hal_i2c.o
 .text.I2C_IsAcknowledgeFailed
                0x0000000008005ea4       0x5e ./Drivers/STM32F4xx_HAL_Driver/Src/stm32f4xx_hal_i2c.o
 .text.HAL_PCD_Init
                0x0000000008005f02      0x21e ./Drivers/STM32F4xx_HAL_Driver/Src/stm32f4xx_hal_pcd.o
                0x0000000008005f02                HAL_PCD_Init
 .text.HAL_PCD_Start
                0x0000000008006120       0x6a ./Drivers/STM32F4xx_HAL_Driver/Src/stm32f4xx_hal_pcd.o
                0x0000000008006120                HAL_PCD_Start
 .text.HAL_PCD_IRQHandler
                0x000000000800618a      0x942 ./Drivers/STM32F4xx_HAL_Driver/Src/stm32f4xx_hal_pcd.o
                0x000000000800618a                HAL_PCD_IRQHandler
 .text.HAL_PCD_SetAddress
                0x0000000008006acc       0x48 ./Drivers/STM32F4xx_HAL_Driver/Src/stm32f4xx_hal_pcd.o
                0x0000000008006acc                HAL_PCD_SetAddress
 .text.HAL_PCD_EP_Open
                0x0000000008006b14       0xd0 ./Drivers/STM32F4xx_HAL_Driver/Src/stm32f4xx_hal_pcd.o
                0x0000000008006b14                HAL_PCD_EP_Open
 .text.HAL_PCD_EP_Close
                0x0000000008006be4       0x94 ./Drivers/STM32F4xx_HAL_Driver/Src/stm32f4xx_hal_pcd.o
                0x0000000008006be4                HAL_PCD_EP_Close
 .text.HAL_PCD_EP_Receive
                0x0000000008006c78       0x76 ./Drivers/STM32F4xx_HAL_Driver/Src/stm32f4xx_hal_pcd.o
                0x0000000008006c78                HAL_PCD_EP_Receive
 .text.HAL_PCD_EP_GetRxCount
                0x0000000008006cee       0x30 ./Drivers/STM32F4xx_HAL_Driver/Src/stm32f4xx_hal_pcd.o
                0x0000000008006cee                HAL_PCD_EP_GetRxCount
 .text.HAL_PCD_EP_Transmit
                0x0000000008006d1e       0x74 ./Drivers/STM32F4xx_HAL_Driver/Src/stm32f4xx_hal_pcd.o
                0x0000000008006d1e                HAL_PCD_EP_Transmit
 .text.HAL_PCD_EP_SetStall
                0x0000000008006d92       0xc6 ./Drivers/STM32F4xx_HAL_Driver/Src/stm32f4xx_hal_pcd.o
                0x0000000008006d92                HAL_PCD_EP_SetStall
 .text.HAL_PCD_EP_ClrStall
                0x0000000008006e58       0xac ./Drivers/STM32F4xx_HAL_Driver/Src/stm32f4xx_hal_pcd.o
                0x0000000008006e58                HAL_PCD_EP_ClrStall
 .text.HAL_PCD_EP_Abort
                0x0000000008006f04       0x62 ./Drivers/STM32F4xx_HAL_Driver/Src/stm32f4xx_hal_pcd.o
                0x0000000008006f04                HAL_PCD_EP_Abort
 .text.PCD_WriteEmptyTxFifo
                0x0000000008006f66      0x118 ./Drivers/STM32F4xx_HAL_Driver/Src/stm32f4xx_hal_pcd.o
 *fill*         0x000000000800707e        0x2 
 .text.PCD_EP_OutXfrComplete_int
                0x0000000008007080      0x1d0 ./Drivers/STM32F4xx_HAL_Driver/Src/stm32f4xx_hal_pcd.o
 .text.PCD_EP_OutSetupPacket_int
                0x0000000008007250       0x8c ./Drivers/STM32F4xx_HAL_Driver/Src/stm32f4xx_hal_pcd.o
 .text.HAL_PCDEx_SetTxFiFo
                0x00000000080072dc       0x8e ./Drivers/STM32F4xx_HAL_Driver/Src/stm32f4xx_hal_pcd_ex.o
                0x00000000080072dc                HAL_PCDEx_SetTxFiFo
 .text.HAL_PCDEx_SetRxFiFo
                0x000000000800736a       0x22 ./Drivers/STM32F4xx_HAL_Driver/Src/stm32f4xx_hal_pcd_ex.o
                0x000000000800736a                HAL_PCDEx_SetRxFiFo
 .text.HAL_PCDEx_LPM_Callback
                0x000000000800738c       0x18 ./Drivers/STM32F4xx_HAL_Driver/Src/stm32f4xx_hal_pcd_ex.o
                0x000000000800738c                HAL_PCDEx_LPM_Callback
 .text.HAL_RCC_OscConfig
                0x00000000080073a4      0x4f0 ./Drivers/STM32F4xx_HAL_Driver/Src/stm32f4xx_hal_rcc.o
                0x00000000080073a4                HAL_RCC_OscConfig
 .text.HAL_RCC_ClockConfig
                0x0000000008007894      0x1cc ./Drivers/STM32F4xx_HAL_Driver/Src/stm32f4xx_hal_rcc.o
                0x0000000008007894                HAL_RCC_ClockConfig
 .text.HAL_RCC_GetSysClockFreq
                0x0000000008007a60      0x20c ./Drivers/STM32F4xx_HAL_Driver/Src/stm32f4xx_hal_rcc.o
                0x0000000008007a60                HAL_RCC_GetSysClockFreq
 .text.HAL_RCC_GetHCLKFreq
                0x0000000008007c6c       0x18 ./Drivers/STM32F4xx_HAL_Driver/Src/stm32f4xx_hal_rcc.o
                0x0000000008007c6c                HAL_RCC_GetHCLKFreq
 .text.HAL_RCC_GetPCLK1Freq
                0x0000000008007c84       0x28 ./Drivers/STM32F4xx_HAL_Driver/Src/stm32f4xx_hal_rcc.o
                0x0000000008007c84                HAL_RCC_GetPCLK1Freq
 .text.HAL_RNG_Init
                0x0000000008007cac       0x54 ./Drivers/STM32F4xx_HAL_Driver/Src/stm32f4xx_hal_rng.o
                0x0000000008007cac                HAL_RNG_Init
 .text.HAL_RNG_GenerateRandomNumber_IT
                0x0000000008007d00       0x5e ./Drivers/STM32F4xx_HAL_Driver/Src/stm32f4xx_hal_rng.o
                0x0000000008007d00                HAL_RNG_GenerateRandomNumber_IT
 .text.HAL_RNG_IRQHandler
                0x0000000008007d5e       0xa8 ./Drivers/STM32F4xx_HAL_Driver/Src/stm32f4xx_hal_rng.o
                0x0000000008007d5e                HAL_RNG_IRQHandler
 .text.HAL_RNG_ReadLastRandomNumber
                0x0000000008007e06       0x18 ./Drivers/STM32F4xx_HAL_Driver/Src/stm32f4xx_hal_rng.o
                0x0000000008007e06                HAL_RNG_ReadLastRandomNumber
 .text.HAL_RNG_ErrorCallback
                0x0000000008007e1e       0x14 ./Drivers/STM32F4xx_HAL_Driver/Src/stm32f4xx_hal_rng.o
                0x0000000008007e1e                HAL_RNG_ErrorCallback
 .text.HAL_TIM_Base_Init
                0x0000000008007e32       0x9e ./Drivers/STM32F4xx_HAL_Driver/Src/stm32f4xx_hal_tim.o
                0x0000000008007e32                HAL_TIM_Base_Init
 .text.HAL_TIM_Base_Start_IT
                0x0000000008007ed0       0xe0 ./Drivers/STM32F4xx_HAL_Driver/Src/stm32f4xx_hal_tim.o
                0x0000000008007ed0                HAL_TIM_Base_Start_IT
 .text.HAL_TIM_IRQHandler
                0x0000000008007fb0      0x1e0 ./Drivers/STM32F4xx_HAL_Driver/Src/stm32f4xx_hal_tim.o
                0x0000000008007fb0                HAL_TIM_IRQHandler
 .text.HAL_TIM_ConfigClockSource
                0x0000000008008190      0x18e ./Drivers/STM32F4xx_HAL_Driver/Src/stm32f4xx_hal_tim.o
                0x0000000008008190                HAL_TIM_ConfigClockSource
 .text.HAL_TIM_OC_DelayElapsedCallback
                0x000000000800831e       0x14 ./Drivers/STM32F4xx_HAL_Driver/Src/stm32f4xx_hal_tim.o
                0x000000000800831e                HAL_TIM_OC_DelayElapsedCallback
 .text.HAL_TIM_IC_CaptureCallback
                0x0000000008008332       0x14 ./Drivers/STM32F4xx_HAL_Driver/Src/stm32f4xx_hal_tim.o
                0x0000000008008332                HAL_TIM_IC_CaptureCallback
 .text.HAL_TIM_PWM_PulseFinishedCallback
                0x0000000008008346       0x14 ./Drivers/STM32F4xx_HAL_Driver/Src/stm32f4xx_hal_tim.o
                0x0000000008008346                HAL_TIM_PWM_PulseFinishedCallback
 .text.HAL_TIM_TriggerCallback
                0x000000000800835a       0x14 ./Drivers/STM32F4xx_HAL_Driver/Src/stm32f4xx_hal_tim.o
                0x000000000800835a                HAL_TIM_TriggerCallback
 *fill*         0x000000000800836e        0x2 
 .text.TIM_Base_SetConfig
                0x0000000008008370      0x158 ./Drivers/STM32F4xx_HAL_Driver/Src/stm32f4xx_hal_tim.o
                0x0000000008008370                TIM_Base_SetConfig
 .text.TIM_TI1_ConfigInputStage
                0x00000000080084c8       0x5e ./Drivers/STM32F4xx_HAL_Driver/Src/stm32f4xx_hal_tim.o
 .text.TIM_TI2_ConfigInputStage
                0x0000000008008526       0x60 ./Drivers/STM32F4xx_HAL_Driver/Src/stm32f4xx_hal_tim.o
 .text.TIM_ITRx_SetConfig
                0x0000000008008586       0x36 ./Drivers/STM32F4xx_HAL_Driver/Src/stm32f4xx_hal_tim.o
 .text.TIM_ETR_SetConfig
                0x00000000080085bc       0x40 ./Drivers/STM32F4xx_HAL_Driver/Src/stm32f4xx_hal_tim.o
                0x00000000080085bc                TIM_ETR_SetConfig
 .text.HAL_TIMEx_MasterConfigSynchronization
                0x00000000080085fc       0xf8 ./Drivers/STM32F4xx_HAL_Driver/Src/stm32f4xx_hal_tim_ex.o
                0x00000000080085fc                HAL_TIMEx_MasterConfigSynchronization
 .text.HAL_TIMEx_CommutCallback
                0x00000000080086f4       0x14 ./Drivers/STM32F4xx_HAL_Driver/Src/stm32f4xx_hal_tim_ex.o
                0x00000000080086f4                HAL_TIMEx_CommutCallback
 .text.HAL_TIMEx_BreakCallback
                0x0000000008008708       0x14 ./Drivers/STM32F4xx_HAL_Driver/Src/stm32f4xx_hal_tim_ex.o
                0x0000000008008708                HAL_TIMEx_BreakCallback
 .text.USB_CoreInit
                0x000000000800871c       0xc8 ./Drivers/STM32F4xx_HAL_Driver/Src/stm32f4xx_ll_usb.o
                0x000000000800871c                USB_CoreInit
 .text.USB_SetTurnaroundTime
                0x00000000080087e4      0x144 ./Drivers/STM32F4xx_HAL_Driver/Src/stm32f4xx_ll_usb.o
                0x00000000080087e4                USB_SetTurnaroundTime
 .text.USB_EnableGlobalInt
                0x0000000008008928       0x22 ./Drivers/STM32F4xx_HAL_Driver/Src/stm32f4xx_ll_usb.o
                0x0000000008008928                USB_EnableGlobalInt
 .text.USB_DisableGlobalInt
                0x000000000800894a       0x22 ./Drivers/STM32F4xx_HAL_Driver/Src/stm32f4xx_ll_usb.o
                0x000000000800894a                USB_DisableGlobalInt
 .text.USB_SetCurrentMode
                0x000000000800896c       0x98 ./Drivers/STM32F4xx_HAL_Driver/Src/stm32f4xx_ll_usb.o
                0x000000000800896c                USB_SetCurrentMode
 .text.USB_DevInit
                0x0000000008008a04      0x2c8 ./Drivers/STM32F4xx_HAL_Driver/Src/stm32f4xx_ll_usb.o
                0x0000000008008a04                USB_DevInit
 .text.USB_FlushTxFifo
                0x0000000008008ccc       0x64 ./Drivers/STM32F4xx_HAL_Driver/Src/stm32f4xx_ll_usb.o
                0x0000000008008ccc                USB_FlushTxFifo
 .text.USB_FlushRxFifo
                0x0000000008008d30       0x5c ./Drivers/STM32F4xx_HAL_Driver/Src/stm32f4xx_ll_usb.o
                0x0000000008008d30                USB_FlushRxFifo
 .text.USB_SetDevSpeed
                0x0000000008008d8c       0x32 ./Drivers/STM32F4xx_HAL_Driver/Src/stm32f4xx_ll_usb.o
                0x0000000008008d8c                USB_SetDevSpeed
 .text.USB_GetDevSpeed
                0x0000000008008dbe       0x4a ./Drivers/STM32F4xx_HAL_Driver/Src/stm32f4xx_ll_usb.o
                0x0000000008008dbe                USB_GetDevSpeed
 .text.USB_ActivateEndpoint
                0x0000000008008e08      0x10e ./Drivers/STM32F4xx_HAL_Driver/Src/stm32f4xx_ll_usb.o
                0x0000000008008e08                USB_ActivateEndpoint
 *fill*         0x0000000008008f16        0x2 
 .text.USB_DeactivateEndpoint
                0x0000000008008f18      0x1b8 ./Drivers/STM32F4xx_HAL_Driver/Src/stm32f4xx_ll_usb.o
                0x0000000008008f18                USB_DeactivateEndpoint
 .text.USB_EPStartXfer
                0x00000000080090d0      0x530 ./Drivers/STM32F4xx_HAL_Driver/Src/stm32f4xx_ll_usb.o
                0x00000000080090d0                USB_EPStartXfer
 .text.USB_EPStopXfer
                0x0000000008009600      0x154 ./Drivers/STM32F4xx_HAL_Driver/Src/stm32f4xx_ll_usb.o
                0x0000000008009600                USB_EPStopXfer
 .text.USB_WritePacket
                0x0000000008009754       0x7c ./Drivers/STM32F4xx_HAL_Driver/Src/stm32f4xx_ll_usb.o
                0x0000000008009754                USB_WritePacket
 .text.USB_ReadPacket
                0x00000000080097d0       0xb0 ./Drivers/STM32F4xx_HAL_Driver/Src/stm32f4xx_ll_usb.o
                0x00000000080097d0                USB_ReadPacket
 .text.USB_EPSetStall
                0x0000000008009880       0xdc ./Drivers/STM32F4xx_HAL_Driver/Src/stm32f4xx_ll_usb.o
                0x0000000008009880                USB_EPSetStall
 .text.USB_EPClearStall
                0x000000000800995c       0xcc ./Drivers/STM32F4xx_HAL_Driver/Src/stm32f4xx_ll_usb.o
                0x000000000800995c                USB_EPClearStall
 .text.USB_SetDevAddress
                0x0000000008009a28       0x4c ./Drivers/STM32F4xx_HAL_Driver/Src/stm32f4xx_ll_usb.o
                0x0000000008009a28                USB_SetDevAddress
 .text.USB_DevConnect
                0x0000000008009a74       0x42 ./Drivers/STM32F4xx_HAL_Driver/Src/stm32f4xx_ll_usb.o
                0x0000000008009a74                USB_DevConnect
 .text.USB_DevDisconnect
                0x0000000008009ab6       0x42 ./Drivers/STM32F4xx_HAL_Driver/Src/stm32f4xx_ll_usb.o
                0x0000000008009ab6                USB_DevDisconnect
 .text.USB_ReadInterrupts
                0x0000000008009af8       0x26 ./Drivers/STM32F4xx_HAL_Driver/Src/stm32f4xx_ll_usb.o
                0x0000000008009af8                USB_ReadInterrupts
 .text.USB_ReadDevAllOutEpInterrupt
                0x0000000008009b1e       0x34 ./Drivers/STM32F4xx_HAL_Driver/Src/stm32f4xx_ll_usb.o
                0x0000000008009b1e                USB_ReadDevAllOutEpInterrupt
 .text.USB_ReadDevAllInEpInterrupt
                0x0000000008009b52       0x34 ./Drivers/STM32F4xx_HAL_Driver/Src/stm32f4xx_ll_usb.o
                0x0000000008009b52                USB_ReadDevAllInEpInterrupt
 .text.USB_ReadDevOutEPInterrupt
                0x0000000008009b86       0x3c ./Drivers/STM32F4xx_HAL_Driver/Src/stm32f4xx_ll_usb.o
                0x0000000008009b86                USB_ReadDevOutEPInterrupt
 .text.USB_ReadDevInEPInterrupt
                0x0000000008009bc2       0x5c ./Drivers/STM32F4xx_HAL_Driver/Src/stm32f4xx_ll_usb.o
                0x0000000008009bc2                USB_ReadDevInEPInterrupt
 .text.USB_GetMode
                0x0000000008009c1e       0x1c ./Drivers/STM32F4xx_HAL_Driver/Src/stm32f4xx_ll_usb.o
                0x0000000008009c1e                USB_GetMode
 .text.USB_ActivateSetup
                0x0000000008009c3a       0x46 ./Drivers/STM32F4xx_HAL_Driver/Src/stm32f4xx_ll_usb.o
                0x0000000008009c3a                USB_ActivateSetup
 .text.USB_EP0_OutStart
                0x0000000008009c80       0xbc ./Drivers/STM32F4xx_HAL_Driver/Src/stm32f4xx_ll_usb.o
                0x0000000008009c80                USB_EP0_OutStart
 .text.USB_CoreReset
                0x0000000008009d3c       0x62 ./Drivers/STM32F4xx_HAL_Driver/Src/stm32f4xx_ll_usb.o
 *fill*         0x0000000008009d9e        0x2 
 .text.USBD_CDC_Init
                0x0000000008009da0      0x1f0 ./Middlewares/ST/STM32_USB_Device_Library/Class/CDC/Src/usbd_cdc.o
 .text.USBD_CDC_DeInit
                0x0000000008009f90      0x104 ./Middlewares/ST/STM32_USB_Device_Library/Class/CDC/Src/usbd_cdc.o
 .text.USBD_CDC_Setup
                0x000000000800a094      0x1b8 ./Middlewares/ST/STM32_USB_Device_Library/Class/CDC/Src/usbd_cdc.o
 .text.USBD_CDC_DataIn
                0x000000000800a24c       0xfe ./Middlewares/ST/STM32_USB_Device_Library/Class/CDC/Src/usbd_cdc.o
 .text.USBD_CDC_DataOut
                0x000000000800a34a       0x70 ./Middlewares/ST/STM32_USB_Device_Library/Class/CDC/Src/usbd_cdc.o
 .text.USBD_CDC_EP0_RxReady
                0x000000000800a3ba       0x76 ./Middlewares/ST/STM32_USB_Device_Library/Class/CDC/Src/usbd_cdc.o
 .text.USBD_CDC_GetFSCfgDesc
                0x000000000800a430       0x70 ./Middlewares/ST/STM32_USB_Device_Library/Class/CDC/Src/usbd_cdc.o
 .text.USBD_CDC_GetHSCfgDesc
                0x000000000800a4a0       0x70 ./Middlewares/ST/STM32_USB_Device_Library/Class/CDC/Src/usbd_cdc.o
 .text.USBD_CDC_GetOtherSpeedCfgDesc
                0x000000000800a510       0x70 ./Middlewares/ST/STM32_USB_Device_Library/Class/CDC/Src/usbd_cdc.o
 .text.USBD_CDC_GetDeviceQualifierDescriptor
                0x000000000800a580       0x20 ./Middlewares/ST/STM32_USB_Device_Library/Class/CDC/Src/usbd_cdc.o
                0x000000000800a580                USBD_CDC_GetDeviceQualifierDescriptor
 .text.USBD_CDC_RegisterInterface
                0x000000000800a5a0       0x34 ./Middlewares/ST/STM32_USB_Device_Library/Class/CDC/Src/usbd_cdc.o
                0x000000000800a5a0                USBD_CDC_RegisterInterface
 .text.USBD_CDC_SetTxBuffer
                0x000000000800a5d4       0x44 ./Middlewares/ST/STM32_USB_Device_Library/Class/CDC/Src/usbd_cdc.o
                0x000000000800a5d4                USBD_CDC_SetTxBuffer
 .text.USBD_CDC_SetRxBuffer
                0x000000000800a618       0x3a ./Middlewares/ST/STM32_USB_Device_Library/Class/CDC/Src/usbd_cdc.o
                0x000000000800a618                USBD_CDC_SetRxBuffer
 *fill*         0x000000000800a652        0x2 
 .text.USBD_CDC_TransmitPacket
                0x000000000800a654       0x80 ./Middlewares/ST/STM32_USB_Device_Library/Class/CDC/Src/usbd_cdc.o
                0x000000000800a654                USBD_CDC_TransmitPacket
 .text.USBD_CDC_ReceivePacket
                0x000000000800a6d4       0x6c ./Middlewares/ST/STM32_USB_Device_Library/Class/CDC/Src/usbd_cdc.o
                0x000000000800a6d4                USBD_CDC_ReceivePacket
 .text.USBD_Init
                0x000000000800a740       0x60 ./Middlewares/ST/STM32_USB_Device_Library/Core/Src/usbd_core.o
                0x000000000800a740                USBD_Init
 .text.USBD_RegisterClass
                0x000000000800a7a0       0x6c ./Middlewares/ST/STM32_USB_Device_Library/Core/Src/usbd_core.o
                0x000000000800a7a0                USBD_RegisterClass
 .text.USBD_Start
                0x000000000800a80c       0x18 ./Middlewares/ST/STM32_USB_Device_Library/Core/Src/usbd_core.o
                0x000000000800a80c                USBD_Start
 .text.USBD_RunTestMode
                0x000000000800a824       0x16 ./Middlewares/ST/STM32_USB_Device_Library/Core/Src/usbd_core.o
                0x000000000800a824                USBD_RunTestMode
 .text.USBD_SetClassConfig
                0x000000000800a83a       0x38 ./Middlewares/ST/STM32_USB_Device_Library/Core/Src/usbd_core.o
                0x000000000800a83a                USBD_SetClassConfig
 .text.USBD_ClrClassConfig
                0x000000000800a872       0x34 ./Middlewares/ST/STM32_USB_Device_Library/Core/Src/usbd_core.o
                0x000000000800a872                USBD_ClrClassConfig
 .text.USBD_LL_SetupStage
                0x000000000800a8a6       0xaa ./Middlewares/ST/STM32_USB_Device_Library/Core/Src/usbd_core.o
                0x000000000800a8a6                USBD_LL_SetupStage
 .text.USBD_LL_DataOutStage
                0x000000000800a950      0x166 ./Middlewares/ST/STM32_USB_Device_Library/Core/Src/usbd_core.o
                0x000000000800a950                USBD_LL_DataOutStage
 .text.USBD_LL_DataInStage
                0x000000000800aab6      0x164 ./Middlewares/ST/STM32_USB_Device_Library/Core/Src/usbd_core.o
                0x000000000800aab6                USBD_LL_DataInStage
 .text.USBD_LL_Reset
                0x000000000800ac1a       0xa4 ./Middlewares/ST/STM32_USB_Device_Library/Core/Src/usbd_core.o
                0x000000000800ac1a                USBD_LL_Reset
 .text.USBD_LL_SetSpeed
                0x000000000800acbe       0x20 ./Middlewares/ST/STM32_USB_Device_Library/Core/Src/usbd_core.o
                0x000000000800acbe                USBD_LL_SetSpeed
 .text.USBD_LL_Suspend
                0x000000000800acde       0x38 ./Middlewares/ST/STM32_USB_Device_Library/Core/Src/usbd_core.o
                0x000000000800acde                USBD_LL_Suspend
 .text.USBD_LL_Resume
                0x000000000800ad16       0x30 ./Middlewares/ST/STM32_USB_Device_Library/Core/Src/usbd_core.o
                0x000000000800ad16                USBD_LL_Resume
 .text.USBD_LL_SOF
                0x000000000800ad46       0x40 ./Middlewares/ST/STM32_USB_Device_Library/Core/Src/usbd_core.o
                0x000000000800ad46                USBD_LL_SOF
 .text.USBD_LL_IsoINIncomplete
                0x000000000800ad86       0x64 ./Middlewares/ST/STM32_USB_Device_Library/Core/Src/usbd_core.o
                0x000000000800ad86                USBD_LL_IsoINIncomplete
 .text.USBD_LL_IsoOUTIncomplete
                0x000000000800adea       0x64 ./Middlewares/ST/STM32_USB_Device_Library/Core/Src/usbd_core.o
                0x000000000800adea                USBD_LL_IsoOUTIncomplete
 .text.USBD_LL_DevConnected
                0x000000000800ae4e       0x16 ./Middlewares/ST/STM32_USB_Device_Library/Core/Src/usbd_core.o
                0x000000000800ae4e                USBD_LL_DevConnected
 .text.USBD_LL_DevDisconnected
                0x000000000800ae64       0x46 ./Middlewares/ST/STM32_USB_Device_Library/Core/Src/usbd_core.o
                0x000000000800ae64                USBD_LL_DevDisconnected
 .text.USBD_CoreFindIF
                0x000000000800aeaa       0x1a ./Middlewares/ST/STM32_USB_Device_Library/Core/Src/usbd_core.o
                0x000000000800aeaa                USBD_CoreFindIF
 .text.USBD_CoreFindEP
                0x000000000800aec4       0x1a ./Middlewares/ST/STM32_USB_Device_Library/Core/Src/usbd_core.o
                0x000000000800aec4                USBD_CoreFindEP
 .text.USBD_GetEpDesc
                0x000000000800aede       0x74 ./Middlewares/ST/STM32_USB_Device_Library/Core/Src/usbd_core.o
                0x000000000800aede                USBD_GetEpDesc
 .text.USBD_GetNextDesc
                0x000000000800af52       0x3a ./Middlewares/ST/STM32_USB_Device_Library/Core/Src/usbd_core.o
                0x000000000800af52                USBD_GetNextDesc
 .text.SWAPBYTE
                0x000000000800af8c       0x3c ./Middlewares/ST/STM32_USB_Device_Library/Core/Src/usbd_ctlreq.o
 .text.USBD_StdDevReq
                0x000000000800afc8       0xe4 ./Middlewares/ST/STM32_USB_Device_Library/Core/Src/usbd_ctlreq.o
                0x000000000800afc8                USBD_StdDevReq
 .text.USBD_StdItfReq
                0x000000000800b0ac       0xd8 ./Middlewares/ST/STM32_USB_Device_Library/Core/Src/usbd_ctlreq.o
                0x000000000800b0ac                USBD_StdItfReq
 .text.USBD_StdEPReq
                0x000000000800b184      0x33a ./Middlewares/ST/STM32_USB_Device_Library/Core/Src/usbd_ctlreq.o
                0x000000000800b184                USBD_StdEPReq
 *fill*         0x000000000800b4be        0x2 
 .text.USBD_GetDescriptor
                0x000000000800b4c0      0x2d4 ./Middlewares/ST/STM32_USB_Device_Library/Core/Src/usbd_ctlreq.o
 .text.USBD_SetAddress
                0x000000000800b794       0x88 ./Middlewares/ST/STM32_USB_Device_Library/Core/Src/usbd_ctlreq.o
 .text.USBD_SetConfig
                0x000000000800b81c      0x154 ./Middlewares/ST/STM32_USB_Device_Library/Core/Src/usbd_ctlreq.o
 .text.USBD_GetConfig
                0x000000000800b970       0x6c ./Middlewares/ST/STM32_USB_Device_Library/Core/Src/usbd_ctlreq.o
 .text.USBD_GetStatus
                0x000000000800b9dc       0x68 ./Middlewares/ST/STM32_USB_Device_Library/Core/Src/usbd_ctlreq.o
 .text.USBD_SetFeature
                0x000000000800ba44       0x52 ./Middlewares/ST/STM32_USB_Device_Library/Core/Src/usbd_ctlreq.o
 .text.USBD_ClrFeature
                0x000000000800ba96       0x44 ./Middlewares/ST/STM32_USB_Device_Library/Core/Src/usbd_ctlreq.o
 .text.USBD_ParseSetupRequest
                0x000000000800bada       0x74 ./Middlewares/ST/STM32_USB_Device_Library/Core/Src/usbd_ctlreq.o
                0x000000000800bada                USBD_ParseSetupRequest
 .text.USBD_CtlError
                0x000000000800bb4e       0x22 ./Middlewares/ST/STM32_USB_Device_Library/Core/Src/usbd_ctlreq.o
                0x000000000800bb4e                USBD_CtlError
 .text.USBD_GetString
                0x000000000800bb70       0x8c ./Middlewares/ST/STM32_USB_Device_Library/Core/Src/usbd_ctlreq.o
                0x000000000800bb70                USBD_GetString
 .text.USBD_GetLen
                0x000000000800bbfc       0x34 ./Middlewares/ST/STM32_USB_Device_Library/Core/Src/usbd_ctlreq.o
 .text.USBD_CtlSendData
                0x000000000800bc30       0x36 ./Middlewares/ST/STM32_USB_Device_Library/Core/Src/usbd_ioreq.o
                0x000000000800bc30                USBD_CtlSendData
 .text.USBD_CtlContinueSendData
                0x000000000800bc66       0x22 ./Middlewares/ST/STM32_USB_Device_Library/Core/Src/usbd_ioreq.o
                0x000000000800bc66                USBD_CtlContinueSendData
 .text.USBD_CtlPrepareRx
                0x000000000800bc88       0x3a ./Middlewares/ST/STM32_USB_Device_Library/Core/Src/usbd_ioreq.o
                0x000000000800bc88                USBD_CtlPrepareRx
 .text.USBD_CtlContinueRx
                0x000000000800bcc2       0x22 ./Middlewares/ST/STM32_USB_Device_Library/Core/Src/usbd_ioreq.o
                0x000000000800bcc2                USBD_CtlContinueRx
 .text.USBD_CtlSendStatus
                0x000000000800bce4       0x26 ./Middlewares/ST/STM32_USB_Device_Library/Core/Src/usbd_ioreq.o
                0x000000000800bce4                USBD_CtlSendStatus
 .text.USBD_CtlReceiveStatus
                0x000000000800bd0a       0x26 ./Middlewares/ST/STM32_USB_Device_Library/Core/Src/usbd_ioreq.o
                0x000000000800bd0a                USBD_CtlReceiveStatus
 .text.MX_USB_DEVICE_Init
                0x000000000800bd30       0x60 ./USB_DEVICE/App/usb_device.o
                0x000000000800bd30                MX_USB_DEVICE_Init
 .text.CDC_Init_FS
                0x000000000800bd90       0x28 ./USB_DEVICE/App/usbd_cdc_if.o
 .text.CDC_DeInit_FS
                0x000000000800bdb8       0x10 ./USB_DEVICE/App/usbd_cdc_if.o
 .text.CDC_Control_FS
                0x000000000800bdc8       0xbc ./USB_DEVICE/App/usbd_cdc_if.o
 .text.CDC_Receive_FS
                0x000000000800be84       0x34 ./USB_DEVICE/App/usbd_cdc_if.o
 .text.CDC_Transmit_FS
                0x000000000800beb8       0x4c ./USB_DEVICE/App/usbd_cdc_if.o
                0x000000000800beb8                CDC_Transmit_FS
 .text.CDC_TransmitCplt_FS
                0x000000000800bf04       0x22 ./USB_DEVICE/App/usbd_cdc_if.o
 *fill*         0x000000000800bf26        0x2 
 .text.USBD_FS_DeviceDescriptor
                0x000000000800bf28       0x24 ./USB_DEVICE/App/usbd_desc.o
                0x000000000800bf28                USBD_FS_DeviceDescriptor
 .text.USBD_FS_LangIDStrDescriptor
                0x000000000800bf4c       0x24 ./USB_DEVICE/App/usbd_desc.o
                0x000000000800bf4c                USBD_FS_LangIDStrDescriptor
 .text.USBD_FS_ProductStrDescriptor
                0x000000000800bf70       0x3c ./USB_DEVICE/App/usbd_desc.o
                0x000000000800bf70                USBD_FS_ProductStrDescriptor
 .text.USBD_FS_ManufacturerStrDescriptor
                0x000000000800bfac       0x28 ./USB_DEVICE/App/usbd_desc.o
                0x000000000800bfac                USBD_FS_ManufacturerStrDescriptor
 .text.USBD_FS_SerialStrDescriptor
                0x000000000800bfd4       0x24 ./USB_DEVICE/App/usbd_desc.o
                0x000000000800bfd4                USBD_FS_SerialStrDescriptor
 .text.USBD_FS_ConfigStrDescriptor
                0x000000000800bff8       0x3c ./USB_DEVICE/App/usbd_desc.o
                0x000000000800bff8                USBD_FS_ConfigStrDescriptor
 .text.USBD_FS_InterfaceStrDescriptor
                0x000000000800c034       0x3c ./USB_DEVICE/App/usbd_desc.o
                0x000000000800c034                USBD_FS_InterfaceStrDescriptor
 .text.Get_SerialNum
                0x000000000800c070       0x58 ./USB_DEVICE/App/usbd_desc.o
 .text.IntToUnicode
                0x000000000800c0c8       0x7e ./USB_DEVICE/App/usbd_desc.o
 *fill*         0x000000000800c146        0x2 
 .text.HAL_PCD_MspInit
                0x000000000800c148       0xa8 ./USB_DEVICE/Target/usbd_conf.o
                0x000000000800c148                HAL_PCD_MspInit
 .text.HAL_PCD_SetupStageCallback
                0x000000000800c1f0       0x24 ./USB_DEVICE/Target/usbd_conf.o
                0x000000000800c1f0                HAL_PCD_SetupStageCallback
 .text.HAL_PCD_DataOutStageCallback
                0x000000000800c214       0x36 ./USB_DEVICE/Target/usbd_conf.o
                0x000000000800c214                HAL_PCD_DataOutStageCallback
 .text.HAL_PCD_DataInStageCallback
                0x000000000800c24a       0x34 ./USB_DEVICE/Target/usbd_conf.o
                0x000000000800c24a                HAL_PCD_DataInStageCallback
 .text.HAL_PCD_SOFCallback
                0x000000000800c27e       0x1c ./USB_DEVICE/Target/usbd_conf.o
                0x000000000800c27e                HAL_PCD_SOFCallback
 .text.HAL_PCD_ResetCallback
                0x000000000800c29a       0x50 ./USB_DEVICE/Target/usbd_conf.o
                0x000000000800c29a                HAL_PCD_ResetCallback
 *fill*         0x000000000800c2ea        0x2 
 .text.HAL_PCD_SuspendCallback
                0x000000000800c2ec       0x4c ./USB_DEVICE/Target/usbd_conf.o
                0x000000000800c2ec                HAL_PCD_SuspendCallback
 .text.HAL_PCD_ResumeCallback
                0x000000000800c338       0x1c ./USB_DEVICE/Target/usbd_conf.o
                0x000000000800c338                HAL_PCD_ResumeCallback
 .text.HAL_PCD_ISOOUTIncompleteCallback
                0x000000000800c354       0x24 ./USB_DEVICE/Target/usbd_conf.o
                0x000000000800c354                HAL_PCD_ISOOUTIncompleteCallback
 .text.HAL_PCD_ISOINIncompleteCallback
                0x000000000800c378       0x24 ./USB_DEVICE/Target/usbd_conf.o
                0x000000000800c378                HAL_PCD_ISOINIncompleteCallback
 .text.HAL_PCD_ConnectCallback
                0x000000000800c39c       0x1c ./USB_DEVICE/Target/usbd_conf.o
                0x000000000800c39c                HAL_PCD_ConnectCallback
 .text.HAL_PCD_DisconnectCallback
                0x000000000800c3b8       0x1c ./USB_DEVICE/Target/usbd_conf.o
                0x000000000800c3b8                HAL_PCD_DisconnectCallback
 .text.USBD_LL_Init
                0x000000000800c3d4       0x98 ./USB_DEVICE/Target/usbd_conf.o
                0x000000000800c3d4                USBD_LL_Init
 .text.USBD_LL_Start
                0x000000000800c46c       0x36 ./USB_DEVICE/Target/usbd_conf.o
                0x000000000800c46c                USBD_LL_Start
 .text.USBD_LL_OpenEP
                0x000000000800c4a2       0x4c ./USB_DEVICE/Target/usbd_conf.o
                0x000000000800c4a2                USBD_LL_OpenEP
 .text.USBD_LL_CloseEP
                0x000000000800c4ee       0x3e ./USB_DEVICE/Target/usbd_conf.o
                0x000000000800c4ee                USBD_LL_CloseEP
 .text.USBD_LL_StallEP
                0x000000000800c52c       0x3e ./USB_DEVICE/Target/usbd_conf.o
                0x000000000800c52c                USBD_LL_StallEP
 .text.USBD_LL_ClearStallEP
                0x000000000800c56a       0x3e ./USB_DEVICE/Target/usbd_conf.o
                0x000000000800c56a                USBD_LL_ClearStallEP
 .text.USBD_LL_IsStallEP
                0x000000000800c5a8       0x58 ./USB_DEVICE/Target/usbd_conf.o
                0x000000000800c5a8                USBD_LL_IsStallEP
 .text.USBD_LL_SetUSBAddress
                0x000000000800c600       0x3e ./USB_DEVICE/Target/usbd_conf.o
                0x000000000800c600                USBD_LL_SetUSBAddress
 .text.USBD_LL_Transmit
                0x000000000800c63e       0x42 ./USB_DEVICE/Target/usbd_conf.o
                0x000000000800c63e                USBD_LL_Transmit
 .text.USBD_LL_PrepareReceive
                0x000000000800c680       0x42 ./USB_DEVICE/Target/usbd_conf.o
                0x000000000800c680                USBD_LL_PrepareReceive
 .text.USBD_LL_GetRxDataSize
                0x000000000800c6c2       0x26 ./USB_DEVICE/Target/usbd_conf.o
                0x000000000800c6c2                USBD_LL_GetRxDataSize
 .text.USBD_static_malloc
                0x000000000800c6e8       0x1c ./USB_DEVICE/Target/usbd_conf.o
                0x000000000800c6e8                USBD_static_malloc
 .text.USBD_static_free
                0x000000000800c704       0x14 ./USB_DEVICE/Target/usbd_conf.o
                0x000000000800c704                USBD_static_free
 .text.USBD_Get_USB_Status
                0x000000000800c718       0x58 ./USB_DEVICE/Target/usbd_conf.o
                0x000000000800c718                USBD_Get_USB_Status
 .text.__itoa   0x000000000800c770       0x30 C:/ST/STM32CubeIDE_1.14.1/STM32CubeIDE/plugins/com.st.stm32cube.ide.mcu.externaltools.gnu-tools-for-stm32.11.3.rel1.win32_1.1.100.202309141235/tools/bin/../lib/gcc/arm-none-eabi/11.3.1/../../../../arm-none-eabi/lib/thumb/v7e-m+fp/hard\libc_nano.a(libc_a-itoa.o)
                0x000000000800c770                __itoa
 .text.itoa     0x000000000800c7a0        0x4 C:/ST/STM32CubeIDE_1.14.1/STM32CubeIDE/plugins/com.st.stm32cube.ide.mcu.externaltools.gnu-tools-for-stm32.11.3.rel1.win32_1.1.100.202309141235/tools/bin/../lib/gcc/arm-none-eabi/11.3.1/../../../../arm-none-eabi/lib/thumb/v7e-m+fp/hard\libc_nano.a(libc_a-itoa.o)
                0x000000000800c7a0                itoa
 .text.__utoa   0x000000000800c7a4       0x84 C:/ST/STM32CubeIDE_1.14.1/STM32CubeIDE/plugins/com.st.stm32cube.ide.mcu.externaltools.gnu-tools-for-stm32.11.3.rel1.win32_1.1.100.202309141235/tools/bin/../lib/gcc/arm-none-eabi/11.3.1/../../../../arm-none-eabi/lib/thumb/v7e-m+fp/hard\libc_nano.a(libc_a-utoa.o)
                0x000000000800c7a4                __utoa
 .text.std      0x000000000800c828       0x6c C:/ST/STM32CubeIDE_1.14.1/STM32CubeIDE/plugins/com.st.stm32cube.ide.mcu.externaltools.gnu-tools-for-stm32.11.3.rel1.win32_1.1.100.202309141235/tools/bin/../lib/gcc/arm-none-eabi/11.3.1/../../../../arm-none-eabi/lib/thumb/v7e-m+fp/hard\libc_nano.a(libc_a-findfp.o)
 .text.stdio_exit_handler
                0x000000000800c894       0x18 C:/ST/STM32CubeIDE_1.14.1/STM32CubeIDE/plugins/com.st.stm32cube.ide.mcu.externaltools.gnu-tools-for-stm32.11.3.rel1.win32_1.1.100.202309141235/tools/bin/../lib/gcc/arm-none-eabi/11.3.1/../../../../arm-none-eabi/lib/thumb/v7e-m+fp/hard\libc_nano.a(libc_a-findfp.o)
 .text.cleanup_stdio
                0x000000000800c8ac       0x40 C:/ST/STM32CubeIDE_1.14.1/STM32CubeIDE/plugins/com.st.stm32cube.ide.mcu.externaltools.gnu-tools-for-stm32.11.3.rel1.win32_1.1.100.202309141235/tools/bin/../lib/gcc/arm-none-eabi/11.3.1/../../../../arm-none-eabi/lib/thumb/v7e-m+fp/hard\libc_nano.a(libc_a-findfp.o)
 .text.global_stdio_init.part.0
                0x000000000800c8ec       0x3c C:/ST/STM32CubeIDE_1.14.1/STM32CubeIDE/plugins/com.st.stm32cube.ide.mcu.externaltools.gnu-tools-for-stm32.11.3.rel1.win32_1.1.100.202309141235/tools/bin/../lib/gcc/arm-none-eabi/11.3.1/../../../../arm-none-eabi/lib/thumb/v7e-m+fp/hard\libc_nano.a(libc_a-findfp.o)
 .text.__sfp_lock_acquire
                0x000000000800c928        0xc C:/ST/STM32CubeIDE_1.14.1/STM32CubeIDE/plugins/com.st.stm32cube.ide.mcu.externaltools.gnu-tools-for-stm32.11.3.rel1.win32_1.1.100.202309141235/tools/bin/../lib/gcc/arm-none-eabi/11.3.1/../../../../arm-none-eabi/lib/thumb/v7e-m+fp/hard\libc_nano.a(libc_a-findfp.o)
                0x000000000800c928                __sfp_lock_acquire
 .text.__sfp_lock_release
                0x000000000800c934        0xc C:/ST/STM32CubeIDE_1.14.1/STM32CubeIDE/plugins/com.st.stm32cube.ide.mcu.externaltools.gnu-tools-for-stm32.11.3.rel1.win32_1.1.100.202309141235/tools/bin/../lib/gcc/arm-none-eabi/11.3.1/../../../../arm-none-eabi/lib/thumb/v7e-m+fp/hard\libc_nano.a(libc_a-findfp.o)
                0x000000000800c934                __sfp_lock_release
 .text.__sinit  0x000000000800c940       0x30 C:/ST/STM32CubeIDE_1.14.1/STM32CubeIDE/plugins/com.st.stm32cube.ide.mcu.externaltools.gnu-tools-for-stm32.11.3.rel1.win32_1.1.100.202309141235/tools/bin/../lib/gcc/arm-none-eabi/11.3.1/../../../../arm-none-eabi/lib/thumb/v7e-m+fp/hard\libc_nano.a(libc_a-findfp.o)
                0x000000000800c940                __sinit
 .text._fwalk_sglue
                0x000000000800c970       0x3c C:/ST/STM32CubeIDE_1.14.1/STM32CubeIDE/plugins/com.st.stm32cube.ide.mcu.externaltools.gnu-tools-for-stm32.11.3.rel1.win32_1.1.100.202309141235/tools/bin/../lib/gcc/arm-none-eabi/11.3.1/../../../../arm-none-eabi/lib/thumb/v7e-m+fp/hard\libc_nano.a(libc_a-fwalk.o)
                0x000000000800c970                _fwalk_sglue
 .text.printf   0x000000000800c9ac       0x24 C:/ST/STM32CubeIDE_1.14.1/STM32CubeIDE/plugins/com.st.stm32cube.ide.mcu.externaltools.gnu-tools-for-stm32.11.3.rel1.win32_1.1.100.202309141235/tools/bin/../lib/gcc/arm-none-eabi/11.3.1/../../../../arm-none-eabi/lib/thumb/v7e-m+fp/hard\libc_nano.a(libc_a-printf.o)
                0x000000000800c9ac                iprintf
                0x000000000800c9ac                printf
 .text.putchar  0x000000000800c9d0       0x10 C:/ST/STM32CubeIDE_1.14.1/STM32CubeIDE/plugins/com.st.stm32cube.ide.mcu.externaltools.gnu-tools-for-stm32.11.3.rel1.win32_1.1.100.202309141235/tools/bin/../lib/gcc/arm-none-eabi/11.3.1/../../../../arm-none-eabi/lib/thumb/v7e-m+fp/hard\libc_nano.a(libc_a-putchar.o)
                0x000000000800c9d0                putchar
 .text._puts_r  0x000000000800c9e0       0xa8 C:/ST/STM32CubeIDE_1.14.1/STM32CubeIDE/plugins/com.st.stm32cube.ide.mcu.externaltools.gnu-tools-for-stm32.11.3.rel1.win32_1.1.100.202309141235/tools/bin/../lib/gcc/arm-none-eabi/11.3.1/../../../../arm-none-eabi/lib/thumb/v7e-m+fp/hard\libc_nano.a(libc_a-puts.o)
                0x000000000800c9e0                _puts_r
 .text.puts     0x000000000800ca88       0x10 C:/ST/STM32CubeIDE_1.14.1/STM32CubeIDE/plugins/com.st.stm32cube.ide.mcu.externaltools.gnu-tools-for-stm32.11.3.rel1.win32_1.1.100.202309141235/tools/bin/../lib/gcc/arm-none-eabi/11.3.1/../../../../arm-none-eabi/lib/thumb/v7e-m+fp/hard\libc_nano.a(libc_a-puts.o)
                0x000000000800ca88                puts
 .text.__sread  0x000000000800ca98       0x22 C:/ST/STM32CubeIDE_1.14.1/STM32CubeIDE/plugins/com.st.stm32cube.ide.mcu.externaltools.gnu-tools-for-stm32.11.3.rel1.win32_1.1.100.202309141235/tools/bin/../lib/gcc/arm-none-eabi/11.3.1/../../../../arm-none-eabi/lib/thumb/v7e-m+fp/hard\libc_nano.a(libc_a-stdio.o)
                0x000000000800ca98                __sread
 .text.__swrite
                0x000000000800caba       0x38 C:/ST/STM32CubeIDE_1.14.1/STM32CubeIDE/plugins/com.st.stm32cube.ide.mcu.externaltools.gnu-tools-for-stm32.11.3.rel1.win32_1.1.100.202309141235/tools/bin/../lib/gcc/arm-none-eabi/11.3.1/../../../../arm-none-eabi/lib/thumb/v7e-m+fp/hard\libc_nano.a(libc_a-stdio.o)
                0x000000000800caba                __swrite
 .text.__sseek  0x000000000800caf2       0x24 C:/ST/STM32CubeIDE_1.14.1/STM32CubeIDE/plugins/com.st.stm32cube.ide.mcu.externaltools.gnu-tools-for-stm32.11.3.rel1.win32_1.1.100.202309141235/tools/bin/../lib/gcc/arm-none-eabi/11.3.1/../../../../arm-none-eabi/lib/thumb/v7e-m+fp/hard\libc_nano.a(libc_a-stdio.o)
                0x000000000800caf2                __sseek
 .text.__sclose
                0x000000000800cb16        0x8 C:/ST/STM32CubeIDE_1.14.1/STM32CubeIDE/plugins/com.st.stm32cube.ide.mcu.externaltools.gnu-tools-for-stm32.11.3.rel1.win32_1.1.100.202309141235/tools/bin/../lib/gcc/arm-none-eabi/11.3.1/../../../../arm-none-eabi/lib/thumb/v7e-m+fp/hard\libc_nano.a(libc_a-stdio.o)
                0x000000000800cb16                __sclose
 .text.__swbuf_r
                0x000000000800cb1e       0x7a C:/ST/STM32CubeIDE_1.14.1/STM32CubeIDE/plugins/com.st.stm32cube.ide.mcu.externaltools.gnu-tools-for-stm32.11.3.rel1.win32_1.1.100.202309141235/tools/bin/../lib/gcc/arm-none-eabi/11.3.1/../../../../arm-none-eabi/lib/thumb/v7e-m+fp/hard\libc_nano.a(libc_a-wbuf.o)
                0x000000000800cb1e                __swbuf_r
 .text.__swsetup_r
                0x000000000800cb98       0xb0 C:/ST/STM32CubeIDE_1.14.1/STM32CubeIDE/plugins/com.st.stm32cube.ide.mcu.externaltools.gnu-tools-for-stm32.11.3.rel1.win32_1.1.100.202309141235/tools/bin/../lib/gcc/arm-none-eabi/11.3.1/../../../../arm-none-eabi/lib/thumb/v7e-m+fp/hard\libc_nano.a(libc_a-wsetup.o)
                0x000000000800cb98                __swsetup_r
 .text.memcmp   0x000000000800cc48       0x20 C:/ST/STM32CubeIDE_1.14.1/STM32CubeIDE/plugins/com.st.stm32cube.ide.mcu.externaltools.gnu-tools-for-stm32.11.3.rel1.win32_1.1.100.202309141235/tools/bin/../lib/gcc/arm-none-eabi/11.3.1/../../../../arm-none-eabi/lib/thumb/v7e-m+fp/hard\libc_nano.a(libc_a-memcmp.o)
                0x000000000800cc48                memcmp
 .text.memset   0x000000000800cc68       0x10 C:/ST/STM32CubeIDE_1.14.1/STM32CubeIDE/plugins/com.st.stm32cube.ide.mcu.externaltools.gnu-tools-for-stm32.11.3.rel1.win32_1.1.100.202309141235/tools/bin/../lib/gcc/arm-none-eabi/11.3.1/../../../../arm-none-eabi/lib/thumb/v7e-m+fp/hard\libc_nano.a(libc_a-memset.o)
                0x000000000800cc68                memset
 .text._close_r
                0x000000000800cc78       0x20 C:/ST/STM32CubeIDE_1.14.1/STM32CubeIDE/plugins/com.st.stm32cube.ide.mcu.externaltools.gnu-tools-for-stm32.11.3.rel1.win32_1.1.100.202309141235/tools/bin/../lib/gcc/arm-none-eabi/11.3.1/../../../../arm-none-eabi/lib/thumb/v7e-m+fp/hard\libc_nano.a(libc_a-closer.o)
                0x000000000800cc78                _close_r
 .text._lseek_r
                0x000000000800cc98       0x24 C:/ST/STM32CubeIDE_1.14.1/STM32CubeIDE/plugins/com.st.stm32cube.ide.mcu.externaltools.gnu-tools-for-stm32.11.3.rel1.win32_1.1.100.202309141235/tools/bin/../lib/gcc/arm-none-eabi/11.3.1/../../../../arm-none-eabi/lib/thumb/v7e-m+fp/hard\libc_nano.a(libc_a-lseekr.o)
                0x000000000800cc98                _lseek_r
 .text._read_r  0x000000000800ccbc       0x24 C:/ST/STM32CubeIDE_1.14.1/STM32CubeIDE/plugins/com.st.stm32cube.ide.mcu.externaltools.gnu-tools-for-stm32.11.3.rel1.win32_1.1.100.202309141235/tools/bin/../lib/gcc/arm-none-eabi/11.3.1/../../../../arm-none-eabi/lib/thumb/v7e-m+fp/hard\libc_nano.a(libc_a-readr.o)
                0x000000000800ccbc                _read_r
 .text._write_r
                0x000000000800cce0       0x24 C:/ST/STM32CubeIDE_1.14.1/STM32CubeIDE/plugins/com.st.stm32cube.ide.mcu.externaltools.gnu-tools-for-stm32.11.3.rel1.win32_1.1.100.202309141235/tools/bin/../lib/gcc/arm-none-eabi/11.3.1/../../../../arm-none-eabi/lib/thumb/v7e-m+fp/hard\libc_nano.a(libc_a-writer.o)
                0x000000000800cce0                _write_r
 .text.__errno  0x000000000800cd04        0xc C:/ST/STM32CubeIDE_1.14.1/STM32CubeIDE/plugins/com.st.stm32cube.ide.mcu.externaltools.gnu-tools-for-stm32.11.3.rel1.win32_1.1.100.202309141235/tools/bin/../lib/gcc/arm-none-eabi/11.3.1/../../../../arm-none-eabi/lib/thumb/v7e-m+fp/hard\libc_nano.a(libc_a-errno.o)
                0x000000000800cd04                __errno
 .text.__libc_init_array
                0x000000000800cd10       0x48 C:/ST/STM32CubeIDE_1.14.1/STM32CubeIDE/plugins/com.st.stm32cube.ide.mcu.externaltools.gnu-tools-for-stm32.11.3.rel1.win32_1.1.100.202309141235/tools/bin/../lib/gcc/arm-none-eabi/11.3.1/../../../../arm-none-eabi/lib/thumb/v7e-m+fp/hard\libc_nano.a(libc_a-init.o)
                0x000000000800cd10                __libc_init_array
 .text.__retarget_lock_init_recursive
                0x000000000800cd58        0x2 C:/ST/STM32CubeIDE_1.14.1/STM32CubeIDE/plugins/com.st.stm32cube.ide.mcu.externaltools.gnu-tools-for-stm32.11.3.rel1.win32_1.1.100.202309141235/tools/bin/../lib/gcc/arm-none-eabi/11.3.1/../../../../arm-none-eabi/lib/thumb/v7e-m+fp/hard\libc_nano.a(libc_a-lock.o)
                0x000000000800cd58                __retarget_lock_init_recursive
 .text.__retarget_lock_acquire_recursive
                0x000000000800cd5a        0x2 C:/ST/STM32CubeIDE_1.14.1/STM32CubeIDE/plugins/com.st.stm32cube.ide.mcu.externaltools.gnu-tools-for-stm32.11.3.rel1.win32_1.1.100.202309141235/tools/bin/../lib/gcc/arm-none-eabi/11.3.1/../../../../arm-none-eabi/lib/thumb/v7e-m+fp/hard\libc_nano.a(libc_a-lock.o)
                0x000000000800cd5a                __retarget_lock_acquire_recursive
 .text.__retarget_lock_release_recursive
                0x000000000800cd5c        0x2 C:/ST/STM32CubeIDE_1.14.1/STM32CubeIDE/plugins/com.st.stm32cube.ide.mcu.externaltools.gnu-tools-for-stm32.11.3.rel1.win32_1.1.100.202309141235/tools/bin/../lib/gcc/arm-none-eabi/11.3.1/../../../../arm-none-eabi/lib/thumb/v7e-m+fp/hard\libc_nano.a(libc_a-lock.o)
                0x000000000800cd5c                __retarget_lock_release_recursive
 .text.__aeabi_memcpy
                0x000000000800cd5e        0x4 C:/ST/STM32CubeIDE_1.14.1/STM32CubeIDE/plugins/com.st.stm32cube.ide.mcu.externaltools.gnu-tools-for-stm32.11.3.rel1.win32_1.1.100.202309141235/tools/bin/../lib/gcc/arm-none-eabi/11.3.1/../../../../arm-none-eabi/lib/thumb/v7e-m+fp/hard\libc_nano.a(libc_a-aeabi_memcpy.o)
                0x000000000800cd5e                __aeabi_memcpy4
                0x000000000800cd5e                __aeabi_memcpy8
                0x000000000800cd5e                __aeabi_memcpy
 .text.__aeabi_memclr
                0x000000000800cd62        0x6 C:/ST/STM32CubeIDE_1.14.1/STM32CubeIDE/plugins/com.st.stm32cube.ide.mcu.externaltools.gnu-tools-for-stm32.11.3.rel1.win32_1.1.100.202309141235/tools/bin/../lib/gcc/arm-none-eabi/11.3.1/../../../../arm-none-eabi/lib/thumb/v7e-m+fp/hard\libc_nano.a(libc_a-aeabi_memclr.o)
                0x000000000800cd62                __aeabi_memclr
                0x000000000800cd62                __aeabi_memclr4
                0x000000000800cd62                __aeabi_memclr8
 .text.memcpy   0x000000000800cd68       0x1c C:/ST/STM32CubeIDE_1.14.1/STM32CubeIDE/plugins/com.st.stm32cube.ide.mcu.externaltools.gnu-tools-for-stm32.11.3.rel1.win32_1.1.100.202309141235/tools/bin/../lib/gcc/arm-none-eabi/11.3.1/../../../../arm-none-eabi/lib/thumb/v7e-m+fp/hard\libc_nano.a(libc_a-memcpy-stub.o)
                0x000000000800cd68                memcpy
 .text._free_r  0x000000000800cd84       0x98 C:/ST/STM32CubeIDE_1.14.1/STM32CubeIDE/plugins/com.st.stm32cube.ide.mcu.externaltools.gnu-tools-for-stm32.11.3.rel1.win32_1.1.100.202309141235/tools/bin/../lib/gcc/arm-none-eabi/11.3.1/../../../../arm-none-eabi/lib/thumb/v7e-m+fp/hard\libc_nano.a(libc_a-freer.o)
                0x000000000800cd84                _free_r
 .text.sbrk_aligned
                0x000000000800ce1c       0x40 C:/ST/STM32CubeIDE_1.14.1/STM32CubeIDE/plugins/com.st.stm32cube.ide.mcu.externaltools.gnu-tools-for-stm32.11.3.rel1.win32_1.1.100.202309141235/tools/bin/../lib/gcc/arm-none-eabi/11.3.1/../../../../arm-none-eabi/lib/thumb/v7e-m+fp/hard\libc_nano.a(libc_a-mallocr.o)
 .text._malloc_r
                0x000000000800ce5c      0x100 C:/ST/STM32CubeIDE_1.14.1/STM32CubeIDE/plugins/com.st.stm32cube.ide.mcu.externaltools.gnu-tools-for-stm32.11.3.rel1.win32_1.1.100.202309141235/tools/bin/../lib/gcc/arm-none-eabi/11.3.1/../../../../arm-none-eabi/lib/thumb/v7e-m+fp/hard\libc_nano.a(libc_a-mallocr.o)
                0x000000000800ce5c                _malloc_r
 .text.__malloc_lock
                0x000000000800cf5c        0xc C:/ST/STM32CubeIDE_1.14.1/STM32CubeIDE/plugins/com.st.stm32cube.ide.mcu.externaltools.gnu-tools-for-stm32.11.3.rel1.win32_1.1.100.202309141235/tools/bin/../lib/gcc/arm-none-eabi/11.3.1/../../../../arm-none-eabi/lib/thumb/v7e-m+fp/hard\libc_nano.a(libc_a-mlock.o)
                0x000000000800cf5c                __malloc_lock
 .text.__malloc_unlock
                0x000000000800cf68        0xc C:/ST/STM32CubeIDE_1.14.1/STM32CubeIDE/plugins/com.st.stm32cube.ide.mcu.externaltools.gnu-tools-for-stm32.11.3.rel1.win32_1.1.100.202309141235/tools/bin/../lib/gcc/arm-none-eabi/11.3.1/../../../../arm-none-eabi/lib/thumb/v7e-m+fp/hard\libc_nano.a(libc_a-mlock.o)
                0x000000000800cf68                __malloc_unlock
 .text.__sfputc_r
                0x000000000800cf74       0x2e C:/ST/STM32CubeIDE_1.14.1/STM32CubeIDE/plugins/com.st.stm32cube.ide.mcu.externaltools.gnu-tools-for-stm32.11.3.rel1.win32_1.1.100.202309141235/tools/bin/../lib/gcc/arm-none-eabi/11.3.1/../../../../arm-none-eabi/lib/thumb/v7e-m+fp/hard\libc_nano.a(libc_a-nano-vfprintf.o)
 .text.__sfputs_r
                0x000000000800cfa2       0x24 C:/ST/STM32CubeIDE_1.14.1/STM32CubeIDE/plugins/com.st.stm32cube.ide.mcu.externaltools.gnu-tools-for-stm32.11.3.rel1.win32_1.1.100.202309141235/tools/bin/../lib/gcc/arm-none-eabi/11.3.1/../../../../arm-none-eabi/lib/thumb/v7e-m+fp/hard\libc_nano.a(libc_a-nano-vfprintf.o)
                0x000000000800cfa2                __sfputs_r
 *fill*         0x000000000800cfc6        0x2 
 .text._vfprintf_r
                0x000000000800cfc8      0x234 C:/ST/STM32CubeIDE_1.14.1/STM32CubeIDE/plugins/com.st.stm32cube.ide.mcu.externaltools.gnu-tools-for-stm32.11.3.rel1.win32_1.1.100.202309141235/tools/bin/../lib/gcc/arm-none-eabi/11.3.1/../../../../arm-none-eabi/lib/thumb/v7e-m+fp/hard\libc_nano.a(libc_a-nano-vfprintf.o)
                0x000000000800cfc8                _vfprintf_r
                0x000000000800cfc8                _vfiprintf_r
 .text._printf_common
                0x000000000800d1fc       0xda C:/ST/STM32CubeIDE_1.14.1/STM32CubeIDE/plugins/com.st.stm32cube.ide.mcu.externaltools.gnu-tools-for-stm32.11.3.rel1.win32_1.1.100.202309141235/tools/bin/../lib/gcc/arm-none-eabi/11.3.1/../../../../arm-none-eabi/lib/thumb/v7e-m+fp/hard\libc_nano.a(libc_a-nano-vfprintf_i.o)
                0x000000000800d1fc                _printf_common
 *fill*         0x000000000800d2d6        0x2 
 .text._printf_i
                0x000000000800d2d8      0x244 C:/ST/STM32CubeIDE_1.14.1/STM32CubeIDE/plugins/com.st.stm32cube.ide.mcu.externaltools.gnu-tools-for-stm32.11.3.rel1.win32_1.1.100.202309141235/tools/bin/../lib/gcc/arm-none-eabi/11.3.1/../../../../arm-none-eabi/lib/thumb/v7e-m+fp/hard\libc_nano.a(libc_a-nano-vfprintf_i.o)
                0x000000000800d2d8                _printf_i
 .text.__sflush_r
                0x000000000800d51c      0x10c C:/ST/STM32CubeIDE_1.14.1/STM32CubeIDE/plugins/com.st.stm32cube.ide.mcu.externaltools.gnu-tools-for-stm32.11.3.rel1.win32_1.1.100.202309141235/tools/bin/../lib/gcc/arm-none-eabi/11.3.1/../../../../arm-none-eabi/lib/thumb/v7e-m+fp/hard\libc_nano.a(libc_a-fflush.o)
                0x000000000800d51c                __sflush_r
 .text._fflush_r