../Drivers/CMSIS/Include/core_cm4.h:2064:26:ITM_SendChar	16	static,ignoring_inline_asm
../Core/Src/main.c:176:5:main	8	static
../Core/Src/main.c:241:6:SystemClock_Config	88	static
../Core/Src/main.c:287:13:MX_CRC_Init	8	static
../Core/Src/main.c:313:13:MX_I2C1_Init	8	static
../Core/Src/main.c:347:13:MX_RNG_Init	8	static
../Core/Src/main.c:373:13:MX_TIM2_Init	32	static
../Core/Src/main.c:418:13:MX_GPIO_Init	48	static
../Core/Src/main.c:452:6:Startup	16	static
../Core/Src/main.c:512:6:MainMenu	24	static
../Core/Src/main.c:593:6:TimeoutMenu	24	static
../Core/Src/main.c:627:6:Enroll	112	static
../Core/Src/main.c:761:6:LockDevice	104	static
../Core/Src/main.c:902:6:ResetFactory	24	static
../Core/Src/main.c:991:6:OledAlarm	8	static
../Core/Src/main.c:1014:6:EraseAlaram	8	static
../Core/Src/main.c:1034:6:EraseMem	1008	static
../Core/Src/main.c:1040:6:wrong_LEDs	16	static
../Core/Src/main.c:1066:6:blink	16	static
../Core/Src/main.c:1087:6:CheckPassword	104	static
../Core/Src/main.c:1118:6:CDC_recieveCALLBACK	136	static
../Core/Src/main.c:1178:6:sha256	40	static
../Core/Src/main.c:1187:6:AESCBC	64	static
../Core/Src/main.c:1196:6:DecryptAES	64	static
../Core/Src/main.c:1205:5:checkButtons	16	static
../Core/Src/main.c:1231:6:read_Bt1	8	static
../Core/Src/main.c:1236:6:read_Bt2	8	static
../Core/Src/main.c:1241:5:_write	32	static
../Core/Src/main.c:1249:6:Get_rng	32	static
../Core/Src/main.c:1261:6:HAL_RNG_ReadyDataCallback	16	static
../Core/Src/main.c:1271:6:HAL_TIM_PeriodElapsedCallback	16	static
../Core/Src/main.c:1297:6:Error_Handler	4	static,ignoring_inline_asm
