../Drivers/CMSIS/Include/core_cm4.h:2064:26:ITM_SendChar	16	static,ignoring_inline_asm
../Core/Src/main.c:132:5:main	8	static
../Core/Src/main.c:207:6:SystemClock_Config	88	static
../Core/Src/main.c:253:13:MX_CRC_Init	8	static
../Core/Src/main.c:279:13:MX_I2C1_Init	8	static
../Core/Src/main.c:313:13:MX_RNG_Init	8	static
../Core/Src/main.c:339:13:MX_TIM2_Init	32	static
../Core/Src/main.c:384:13:MX_GPIO_Init	48	static
../Core/Src/main.c:418:6:Startup	16	static
../Core/Src/main.c:439:6:MainMenu	24	static
../Core/Src/main.c:478:6:TransmitMenu	24	static
../Core/Src/main.c:492:6:Enroll	24	static
../Core/Src/main.c:567:6:LockDevice	24	static
../Core/Src/main.c:672:6:ResetFactory	24	static
../Core/Src/main.c:728:6:OledAlarm	8	static
../Core/Src/main.c:740:6:EraseAlaram	8	static
../Core/Src/main.c:750:6:EraseMem	256	static
../Core/Src/main.c:755:6:wrong_LEDs	16	static
../Core/Src/main.c:765:6:blink	16	static
../Core/Src/main.c:780:6:CheckPassword	24	static
../Core/Src/main.c:793:6:CDC_recieveCALLBACK	72	static
../Core/Src/main.c:849:5:checkButtons	16	static
../Core/Src/main.c:875:6:read_Bt1	8	static
../Core/Src/main.c:880:6:read_Bt2	8	static
../Core/Src/main.c:885:5:_write	32	static
../Core/Src/main.c:893:6:Get_rng	32	static
../Core/Src/main.c:907:6:HAL_RNG_ReadyDataCallback	16	static
../Core/Src/main.c:917:6:HAL_TIM_PeriodElapsedCallback	16	static
../Core/Src/main.c:946:6:Error_Handler	4	static,ignoring_inline_asm
