../Drivers/CMSIS/Include/core_cm4.h:2064:26:ITM_SendChar	16	static,ignoring_inline_asm
../Core/Src/main.c:174:5:main	8	static
../Core/Src/main.c:239:6:SystemClock_Config	88	static
../Core/Src/main.c:285:13:MX_CRC_Init	8	static
../Core/Src/main.c:311:13:MX_I2C1_Init	8	static
../Core/Src/main.c:345:13:MX_RNG_Init	8	static
../Core/Src/main.c:371:13:MX_TIM2_Init	32	static
../Core/Src/main.c:416:13:MX_GPIO_Init	48	static
../Core/Src/main.c:450:6:Startup	16	static
../Core/Src/main.c:474:6:MainMenu	24	static
../Core/Src/main.c:513:6:TimeoutMenu	24	static
../Core/Src/main.c:527:6:Enroll	120	static
../Core/Src/main.c:665:6:LockDevice	96	static
../Core/Src/main.c:778:6:ResetFactory	24	static
../Core/Src/main.c:834:6:OledAlarm	8	static
../Core/Src/main.c:846:6:EraseAlaram	8	static
../Core/Src/main.c:856:6:EraseMem	256	static
../Core/Src/main.c:861:6:wrong_LEDs	16	static
../Core/Src/main.c:871:6:blink	16	static
../Core/Src/main.c:886:6:CheckPassword	104	static
../Core/Src/main.c:906:6:CDC_recieveCALLBACK	136	static
../Core/Src/main.c:956:6:sha256	40	static
../Core/Src/main.c:965:6:AESCBC	64	static
../Core/Src/main.c:974:6:DecryptAES	64	static
../Core/Src/main.c:983:5:checkButtons	16	static
../Core/Src/main.c:1009:6:read_Bt1	8	static
../Core/Src/main.c:1014:6:read_Bt2	8	static
../Core/Src/main.c:1019:5:_write	32	static
../Core/Src/main.c:1027:6:Get_rng	32	static
../Core/Src/main.c:1041:6:HAL_RNG_ReadyDataCallback	16	static
../Core/Src/main.c:1051:6:HAL_TIM_PeriodElapsedCallback	16	static
../Core/Src/main.c:1080:6:Error_Handler	4	static,ignoring_inline_asm
