../Drivers/CMSIS/Include/core_cm4.h:2064:26:ITM_SendChar	16	static,ignoring_inline_asm
../Core/Src/main.c:144:5:main	8	static
../Core/Src/main.c:210:6:SystemClock_Config	88	static
../Core/Src/main.c:256:13:MX_CRC_Init	8	static
../Core/Src/main.c:282:13:MX_I2C1_Init	8	static
../Core/Src/main.c:316:13:MX_RNG_Init	8	static
../Core/Src/main.c:342:13:MX_TIM2_Init	32	static
../Core/Src/main.c:387:13:MX_GPIO_Init	48	static
../Core/Src/main.c:421:6:Startup	16	static
../Core/Src/main.c:445:6:MainMenu	24	static
../Core/Src/main.c:484:6:TimeoutMenu	24	static
../Core/Src/main.c:498:6:Enroll	120	static
../Core/Src/main.c:636:6:LockDevice	96	static
../Core/Src/main.c:749:6:ResetFactory	24	static
../Core/Src/main.c:805:6:OledAlarm	8	static
../Core/Src/main.c:817:6:EraseAlaram	8	static
../Core/Src/main.c:827:6:EraseMem	256	static
../Core/Src/main.c:832:6:wrong_LEDs	16	static
../Core/Src/main.c:842:6:blink	16	static
../Core/Src/main.c:857:6:CheckPassword	104	static
../Core/Src/main.c:877:6:CDC_recieveCALLBACK	136	static
../Core/Src/main.c:933:6:sha256	40	static
../Core/Src/main.c:942:6:AESCBC	64	static
../Core/Src/main.c:951:6:DecryptAES	64	static
../Core/Src/main.c:960:5:checkButtons	16	static
../Core/Src/main.c:986:6:read_Bt1	8	static
../Core/Src/main.c:991:6:read_Bt2	8	static
../Core/Src/main.c:996:5:_write	32	static
../Core/Src/main.c:1004:6:Get_rng	32	static
../Core/Src/main.c:1018:6:HAL_RNG_ReadyDataCallback	16	static
../Core/Src/main.c:1028:6:HAL_TIM_PeriodElapsedCallback	16	static
../Core/Src/main.c:1057:6:Error_Handler	4	static,ignoring_inline_asm
